Archive member included to satisfy reference by file (symbol)

c:/siliconlabs/simplicitystudio/v4/developer/toolchains/gnu_arm/7.2_2017q4/bin/../lib/gcc/arm-none-eabi/7.2.1/../../../../arm-none-eabi/lib/thumb/v7e-m/fpv4-sp/softfp\libc_nano.a(lib_a-exit.o)
                              c:/siliconlabs/simplicitystudio/v4/developer/toolchains/gnu_arm/7.2_2017q4/bin/../lib/gcc/arm-none-eabi/7.2.1/../../../../arm-none-eabi/lib/thumb/v7e-m/fpv4-sp/softfp/crt0.o (exit)
c:/siliconlabs/simplicitystudio/v4/developer/toolchains/gnu_arm/7.2_2017q4/bin/../lib/gcc/arm-none-eabi/7.2.1/../../../../arm-none-eabi/lib/thumb/v7e-m/fpv4-sp/softfp\libc_nano.a(lib_a-impure.o)
                              c:/siliconlabs/simplicitystudio/v4/developer/toolchains/gnu_arm/7.2_2017q4/bin/../lib/gcc/arm-none-eabi/7.2.1/../../../../arm-none-eabi/lib/thumb/v7e-m/fpv4-sp/softfp\libc_nano.a(lib_a-exit.o) (_global_impure_ptr)
c:/siliconlabs/simplicitystudio/v4/developer/toolchains/gnu_arm/7.2_2017q4/bin/../lib/gcc/arm-none-eabi/7.2.1/../../../../arm-none-eabi/lib/thumb/v7e-m/fpv4-sp/softfp\libc_nano.a(lib_a-init.o)
                              c:/siliconlabs/simplicitystudio/v4/developer/toolchains/gnu_arm/7.2_2017q4/bin/../lib/gcc/arm-none-eabi/7.2.1/../../../../arm-none-eabi/lib/thumb/v7e-m/fpv4-sp/softfp/crt0.o (__libc_init_array)
c:/siliconlabs/simplicitystudio/v4/developer/toolchains/gnu_arm/7.2_2017q4/bin/../lib/gcc/arm-none-eabi/7.2.1/../../../../arm-none-eabi/lib/thumb/v7e-m/fpv4-sp/softfp\libc_nano.a(lib_a-memset.o)
                              c:/siliconlabs/simplicitystudio/v4/developer/toolchains/gnu_arm/7.2_2017q4/bin/../lib/gcc/arm-none-eabi/7.2.1/../../../../arm-none-eabi/lib/thumb/v7e-m/fpv4-sp/softfp/crt0.o (memset)
c:/siliconlabs/simplicitystudio/v4/developer/toolchains/gnu_arm/7.2_2017q4/bin/../lib/gcc/arm-none-eabi/7.2.1/../../../../arm-none-eabi/lib/thumb/v7e-m/fpv4-sp/softfp\libnosys.a(_exit.o)
                              c:/siliconlabs/simplicitystudio/v4/developer/toolchains/gnu_arm/7.2_2017q4/bin/../lib/gcc/arm-none-eabi/7.2.1/../../../../arm-none-eabi/lib/thumb/v7e-m/fpv4-sp/softfp\libc_nano.a(lib_a-exit.o) (_exit)

Allocating common symbols
Common symbol       size              file

sample_count        0x1               ./src/main_s1.o
sample              0x200             ./src/main_s1.o

Discarded input sections

 .text          0x00000000        0x0 c:/siliconlabs/simplicitystudio/v4/developer/toolchains/gnu_arm/7.2_2017q4/bin/../lib/gcc/arm-none-eabi/7.2.1/thumb/v7e-m/fpv4-sp/softfp/crti.o
 .data          0x00000000        0x0 c:/siliconlabs/simplicitystudio/v4/developer/toolchains/gnu_arm/7.2_2017q4/bin/../lib/gcc/arm-none-eabi/7.2.1/thumb/v7e-m/fpv4-sp/softfp/crti.o
 .bss           0x00000000        0x0 c:/siliconlabs/simplicitystudio/v4/developer/toolchains/gnu_arm/7.2_2017q4/bin/../lib/gcc/arm-none-eabi/7.2.1/thumb/v7e-m/fpv4-sp/softfp/crti.o
 .data          0x00000000        0x4 c:/siliconlabs/simplicitystudio/v4/developer/toolchains/gnu_arm/7.2_2017q4/bin/../lib/gcc/arm-none-eabi/7.2.1/thumb/v7e-m/fpv4-sp/softfp/crtbegin.o
 .data          0x00000000        0x0 c:/siliconlabs/simplicitystudio/v4/developer/toolchains/gnu_arm/7.2_2017q4/bin/../lib/gcc/arm-none-eabi/7.2.1/../../../../arm-none-eabi/lib/thumb/v7e-m/fpv4-sp/softfp/crt0.o
 .bss           0x00000000        0x0 c:/siliconlabs/simplicitystudio/v4/developer/toolchains/gnu_arm/7.2_2017q4/bin/../lib/gcc/arm-none-eabi/7.2.1/../../../../arm-none-eabi/lib/thumb/v7e-m/fpv4-sp/softfp/crt0.o
 .ARM.extab     0x00000000        0x0 c:/siliconlabs/simplicitystudio/v4/developer/toolchains/gnu_arm/7.2_2017q4/bin/../lib/gcc/arm-none-eabi/7.2.1/../../../../arm-none-eabi/lib/thumb/v7e-m/fpv4-sp/softfp/crt0.o
 .data          0x00000000        0x0 ./CMSIS/EFM32PG1B/startup_efm32pg1b.o
 .bss           0x00000000        0x0 ./CMSIS/EFM32PG1B/startup_efm32pg1b.o
 .group         0x00000000        0xc ./CMSIS/EFM32PG1B/system_efm32pg1b.o
 .group         0x00000000        0xc ./CMSIS/EFM32PG1B/system_efm32pg1b.o
 .group         0x00000000        0xc ./CMSIS/EFM32PG1B/system_efm32pg1b.o
 .group         0x00000000        0xc ./CMSIS/EFM32PG1B/system_efm32pg1b.o
 .group         0x00000000        0xc ./CMSIS/EFM32PG1B/system_efm32pg1b.o
 .group         0x00000000        0xc ./CMSIS/EFM32PG1B/system_efm32pg1b.o
 .group         0x00000000        0xc ./CMSIS/EFM32PG1B/system_efm32pg1b.o
 .group         0x00000000        0xc ./CMSIS/EFM32PG1B/system_efm32pg1b.o
 .group         0x00000000        0xc ./CMSIS/EFM32PG1B/system_efm32pg1b.o
 .group         0x00000000        0xc ./CMSIS/EFM32PG1B/system_efm32pg1b.o
 .group         0x00000000        0xc ./CMSIS/EFM32PG1B/system_efm32pg1b.o
 .group         0x00000000        0xc ./CMSIS/EFM32PG1B/system_efm32pg1b.o
 .group         0x00000000        0xc ./CMSIS/EFM32PG1B/system_efm32pg1b.o
 .group         0x00000000        0xc ./CMSIS/EFM32PG1B/system_efm32pg1b.o
 .group         0x00000000        0xc ./CMSIS/EFM32PG1B/system_efm32pg1b.o
 .group         0x00000000        0xc ./CMSIS/EFM32PG1B/system_efm32pg1b.o
 .group         0x00000000        0xc ./CMSIS/EFM32PG1B/system_efm32pg1b.o
 .group         0x00000000        0xc ./CMSIS/EFM32PG1B/system_efm32pg1b.o
 .group         0x00000000        0xc ./CMSIS/EFM32PG1B/system_efm32pg1b.o
 .group         0x00000000        0xc ./CMSIS/EFM32PG1B/system_efm32pg1b.o
 .group         0x00000000        0xc ./CMSIS/EFM32PG1B/system_efm32pg1b.o
 .group         0x00000000        0xc ./CMSIS/EFM32PG1B/system_efm32pg1b.o
 .group         0x00000000        0xc ./CMSIS/EFM32PG1B/system_efm32pg1b.o
 .group         0x00000000        0xc ./CMSIS/EFM32PG1B/system_efm32pg1b.o
 .group         0x00000000        0xc ./CMSIS/EFM32PG1B/system_efm32pg1b.o
 .group         0x00000000        0xc ./CMSIS/EFM32PG1B/system_efm32pg1b.o
 .group         0x00000000        0xc ./CMSIS/EFM32PG1B/system_efm32pg1b.o
 .group         0x00000000        0xc ./CMSIS/EFM32PG1B/system_efm32pg1b.o
 .group         0x00000000        0xc ./CMSIS/EFM32PG1B/system_efm32pg1b.o
 .group         0x00000000        0xc ./CMSIS/EFM32PG1B/system_efm32pg1b.o
 .group         0x00000000        0xc ./CMSIS/EFM32PG1B/system_efm32pg1b.o
 .group         0x00000000        0xc ./CMSIS/EFM32PG1B/system_efm32pg1b.o
 .group         0x00000000        0xc ./CMSIS/EFM32PG1B/system_efm32pg1b.o
 .group         0x00000000        0xc ./CMSIS/EFM32PG1B/system_efm32pg1b.o
 .group         0x00000000        0xc ./CMSIS/EFM32PG1B/system_efm32pg1b.o
 .group         0x00000000        0xc ./CMSIS/EFM32PG1B/system_efm32pg1b.o
 .group         0x00000000        0xc ./CMSIS/EFM32PG1B/system_efm32pg1b.o
 .group         0x00000000        0xc ./CMSIS/EFM32PG1B/system_efm32pg1b.o
 .group         0x00000000        0xc ./CMSIS/EFM32PG1B/system_efm32pg1b.o
 .group         0x00000000        0xc ./CMSIS/EFM32PG1B/system_efm32pg1b.o
 .group         0x00000000        0xc ./CMSIS/EFM32PG1B/system_efm32pg1b.o
 .text          0x00000000        0x0 ./CMSIS/EFM32PG1B/system_efm32pg1b.o
 .data          0x00000000        0x0 ./CMSIS/EFM32PG1B/system_efm32pg1b.o
 .bss           0x00000000        0x0 ./CMSIS/EFM32PG1B/system_efm32pg1b.o
 .text.SystemMaxCoreClockGet
                0x00000000        0x8 ./CMSIS/EFM32PG1B/system_efm32pg1b.o
 .text.SystemHFXOClockSet
                0x00000000       0x3c ./CMSIS/EFM32PG1B/system_efm32pg1b.o
 .text.SystemLFXOClockSet
                0x00000000       0x3c ./CMSIS/EFM32PG1B/system_efm32pg1b.o
 .group         0x00000000        0xc ./emlib/em_adc.o
 .group         0x00000000        0xc ./emlib/em_adc.o
 .group         0x00000000        0xc ./emlib/em_adc.o
 .group         0x00000000        0xc ./emlib/em_adc.o
 .group         0x00000000        0xc ./emlib/em_adc.o
 .group         0x00000000        0xc ./emlib/em_adc.o
 .group         0x00000000        0xc ./emlib/em_adc.o
 .group         0x00000000        0xc ./emlib/em_adc.o
 .group         0x00000000        0xc ./emlib/em_adc.o
 .group         0x00000000        0xc ./emlib/em_adc.o
 .group         0x00000000        0xc ./emlib/em_adc.o
 .group         0x00000000        0xc ./emlib/em_adc.o
 .group         0x00000000        0xc ./emlib/em_adc.o
 .group         0x00000000        0xc ./emlib/em_adc.o
 .group         0x00000000        0xc ./emlib/em_adc.o
 .group         0x00000000        0xc ./emlib/em_adc.o
 .group         0x00000000        0xc ./emlib/em_adc.o
 .group         0x00000000        0xc ./emlib/em_adc.o
 .group         0x00000000        0xc ./emlib/em_adc.o
 .group         0x00000000        0xc ./emlib/em_adc.o
 .group         0x00000000        0xc ./emlib/em_adc.o
 .group         0x00000000        0xc ./emlib/em_adc.o
 .group         0x00000000        0xc ./emlib/em_adc.o
 .group         0x00000000        0xc ./emlib/em_adc.o
 .group         0x00000000        0xc ./emlib/em_adc.o
 .group         0x00000000        0xc ./emlib/em_adc.o
 .group         0x00000000        0xc ./emlib/em_adc.o
 .group         0x00000000        0xc ./emlib/em_adc.o
 .group         0x00000000        0xc ./emlib/em_adc.o
 .group         0x00000000        0xc ./emlib/em_adc.o
 .group         0x00000000        0xc ./emlib/em_adc.o
 .group         0x00000000        0xc ./emlib/em_adc.o
 .group         0x00000000        0xc ./emlib/em_adc.o
 .group         0x00000000        0xc ./emlib/em_adc.o
 .group         0x00000000        0xc ./emlib/em_adc.o
 .group         0x00000000        0xc ./emlib/em_adc.o
 .group         0x00000000        0xc ./emlib/em_adc.o
 .group         0x00000000        0xc ./emlib/em_adc.o
 .group         0x00000000        0xc ./emlib/em_adc.o
 .group         0x00000000        0xc ./emlib/em_adc.o
 .group         0x00000000        0xc ./emlib/em_adc.o
 .group         0x00000000        0xc ./emlib/em_adc.o
 .group         0x00000000        0xc ./emlib/em_adc.o
 .group         0x00000000        0xc ./emlib/em_adc.o
 .group         0x00000000        0xc ./emlib/em_adc.o
 .group         0x00000000        0xc ./emlib/em_adc.o
 .text          0x00000000        0x0 ./emlib/em_adc.o
 .data          0x00000000        0x0 ./emlib/em_adc.o
 .bss           0x00000000        0x0 ./emlib/em_adc.o
 .text.ADC_ScanInputClear
                0x00000000       0x14 ./emlib/em_adc.o
 .text.ADC_ScanSingleEndedInputAdd
                0x00000000       0x3c ./emlib/em_adc.o
 .text.ADC_ScanDifferentialInputAdd
                0x00000000       0xf0 ./emlib/em_adc.o
 .text.ADC_InitScan
                0x00000000       0x94 ./emlib/em_adc.o
 .text.ADC_DataIdScanGet
                0x00000000        0xc ./emlib/em_adc.o
 .text.ADC_Reset
                0x00000000       0xb0 ./emlib/em_adc.o
 .text.ADC_TimebaseCalc
                0x00000000       0x30 ./emlib/em_adc.o
 .rodata.CSWTCH.15
                0x00000000       0x14 ./emlib/em_adc.o
 .debug_macro   0x00000000      0xa48 ./emlib/em_adc.o
 .debug_macro   0x00000000      0x326 ./emlib/em_adc.o
 .debug_macro   0x00000000       0x22 ./emlib/em_adc.o
 .debug_macro   0x00000000       0x4f ./emlib/em_adc.o
 .debug_macro   0x00000000       0x51 ./emlib/em_adc.o
 .debug_macro   0x00000000       0xef ./emlib/em_adc.o
 .debug_macro   0x00000000       0x6a ./emlib/em_adc.o
 .debug_macro   0x00000000      0x1df ./emlib/em_adc.o
 .debug_macro   0x00000000       0x50 ./emlib/em_adc.o
 .debug_macro   0x00000000      0xe66 ./emlib/em_adc.o
 .debug_macro   0x00000000      0xa6b ./emlib/em_adc.o
 .debug_macro   0x00000000     0x1999 ./emlib/em_adc.o
 .debug_macro   0x00000000      0x32b ./emlib/em_adc.o
 .debug_macro   0x00000000     0x2a51 ./emlib/em_adc.o
 .debug_macro   0x00000000     0x1b30 ./emlib/em_adc.o
 .debug_macro   0x00000000     0x2174 ./emlib/em_adc.o
 .debug_macro   0x00000000     0x1771 ./emlib/em_adc.o
 .debug_macro   0x00000000      0xbef ./emlib/em_adc.o
 .debug_macro   0x00000000      0x346 ./emlib/em_adc.o
 .debug_macro   0x00000000      0x29e ./emlib/em_adc.o
 .debug_macro   0x00000000     0x2765 ./emlib/em_adc.o
 .debug_macro   0x00000000     0x31ce ./emlib/em_adc.o
 .debug_macro   0x00000000     0x136d ./emlib/em_adc.o
 .debug_macro   0x00000000      0xde4 ./emlib/em_adc.o
 .debug_macro   0x00000000      0x23d ./emlib/em_adc.o
 .debug_macro   0x00000000     0x1044 ./emlib/em_adc.o
 .debug_macro   0x00000000     0x1607 ./emlib/em_adc.o
 .debug_macro   0x00000000     0x38e5 ./emlib/em_adc.o
 .debug_macro   0x00000000     0x2291 ./emlib/em_adc.o
 .debug_macro   0x00000000      0x619 ./emlib/em_adc.o
 .debug_macro   0x00000000      0xfb1 ./emlib/em_adc.o
 .debug_macro   0x00000000      0x6b7 ./emlib/em_adc.o
 .debug_macro   0x00000000     0x10cc ./emlib/em_adc.o
 .debug_macro   0x00000000       0x40 ./emlib/em_adc.o
 .debug_macro   0x00000000      0x1d2 ./emlib/em_adc.o
 .debug_macro   0x00000000      0x1ed ./emlib/em_adc.o
 .debug_macro   0x00000000       0xc4 ./emlib/em_adc.o
 .debug_macro   0x00000000       0x35 ./emlib/em_adc.o
 .debug_macro   0x00000000      0x15a ./emlib/em_adc.o
 .debug_macro   0x00000000      0x15a ./emlib/em_adc.o
 .group         0x00000000        0xc ./emlib/em_cmu.o
 .group         0x00000000        0xc ./emlib/em_cmu.o
 .group         0x00000000        0xc ./emlib/em_cmu.o
 .group         0x00000000        0xc ./emlib/em_cmu.o
 .group         0x00000000        0xc ./emlib/em_cmu.o
 .group         0x00000000        0xc ./emlib/em_cmu.o
 .group         0x00000000        0xc ./emlib/em_cmu.o
 .group         0x00000000        0xc ./emlib/em_cmu.o
 .group         0x00000000        0xc ./emlib/em_cmu.o
 .group         0x00000000        0xc ./emlib/em_cmu.o
 .group         0x00000000        0xc ./emlib/em_cmu.o
 .group         0x00000000        0xc ./emlib/em_cmu.o
 .group         0x00000000        0xc ./emlib/em_cmu.o
 .group         0x00000000        0xc ./emlib/em_cmu.o
 .group         0x00000000        0xc ./emlib/em_cmu.o
 .group         0x00000000        0xc ./emlib/em_cmu.o
 .group         0x00000000        0xc ./emlib/em_cmu.o
 .group         0x00000000        0xc ./emlib/em_cmu.o
 .group         0x00000000        0xc ./emlib/em_cmu.o
 .group         0x00000000        0xc ./emlib/em_cmu.o
 .group         0x00000000        0xc ./emlib/em_cmu.o
 .group         0x00000000        0xc ./emlib/em_cmu.o
 .group         0x00000000        0xc ./emlib/em_cmu.o
 .group         0x00000000        0xc ./emlib/em_cmu.o
 .group         0x00000000        0xc ./emlib/em_cmu.o
 .group         0x00000000        0xc ./emlib/em_cmu.o
 .group         0x00000000        0xc ./emlib/em_cmu.o
 .group         0x00000000        0xc ./emlib/em_cmu.o
 .group         0x00000000        0xc ./emlib/em_cmu.o
 .group         0x00000000        0xc ./emlib/em_cmu.o
 .group         0x00000000        0xc ./emlib/em_cmu.o
 .group         0x00000000        0xc ./emlib/em_cmu.o
 .group         0x00000000        0xc ./emlib/em_cmu.o
 .group         0x00000000        0xc ./emlib/em_cmu.o
 .group         0x00000000        0xc ./emlib/em_cmu.o
 .group         0x00000000        0xc ./emlib/em_cmu.o
 .group         0x00000000        0xc ./emlib/em_cmu.o
 .group         0x00000000        0xc ./emlib/em_cmu.o
 .group         0x00000000        0xc ./emlib/em_cmu.o
 .group         0x00000000        0xc ./emlib/em_cmu.o
 .group         0x00000000        0xc ./emlib/em_cmu.o
 .group         0x00000000        0xc ./emlib/em_cmu.o
 .group         0x00000000        0xc ./emlib/em_cmu.o
 .group         0x00000000        0xc ./emlib/em_cmu.o
 .group         0x00000000        0xc ./emlib/em_cmu.o
 .group         0x00000000        0xc ./emlib/em_cmu.o
 .group         0x00000000        0xc ./emlib/em_cmu.o
 .group         0x00000000        0xc ./emlib/em_cmu.o
 .group         0x00000000        0xc ./emlib/em_cmu.o
 .group         0x00000000        0xc ./emlib/em_cmu.o
 .group         0x00000000        0xc ./emlib/em_cmu.o
 .text          0x00000000        0x0 ./emlib/em_cmu.o
 .data          0x00000000        0x0 ./emlib/em_cmu.o
 .bss           0x00000000        0x0 ./emlib/em_cmu.o
 .text.flashWaitStateMax
                0x00000000       0x48 ./emlib/em_cmu.o
 .text.CMU_OscillatorTuningSet.part.3
                0x00000000       0x3c ./emlib/em_cmu.o
 .text.CMU_UpdateWaitStates
                0x00000000       0x48 ./emlib/em_cmu.o
 .text.CMU_AUXHFRCOBandGet
                0x00000000        0xc ./emlib/em_cmu.o
 .text.CMU_AUXHFRCOBandSet
                0x00000000      0x104 ./emlib/em_cmu.o
 .text.CMU_Calibrate
                0x00000000       0x58 ./emlib/em_cmu.o
 .text.CMU_CalibrateConfig
                0x00000000       0x70 ./emlib/em_cmu.o
 .text.CMU_CalibrateCountGet
                0x00000000       0x20 ./emlib/em_cmu.o
 .text.CMU_ClockPrescGet
                0x00000000       0x94 ./emlib/em_cmu.o
 .text.CMU_ClockDivGet
                0x00000000        0xc ./emlib/em_cmu.o
 .text.CMU_ClockPrescSet
                0x00000000      0x214 ./emlib/em_cmu.o
 .text.CMU_ClockDivSet
                0x00000000        0x8 ./emlib/em_cmu.o
 .text.CMU_FreezeEnable
                0x00000000       0x20 ./emlib/em_cmu.o
 .text.CMU_HFRCOBandGet
                0x00000000        0xc ./emlib/em_cmu.o
 .text.CMU_HFRCOBandSet
                0x00000000      0x1fc ./emlib/em_cmu.o
 .text.CMU_HFXOAutostartEnable
                0x00000000       0xb0 ./emlib/em_cmu.o
 .text.CMU_HFXOInit
                0x00000000       0x90 ./emlib/em_cmu.o
 .text.CMU_LCDClkFDIVGet
                0x00000000        0x4 ./emlib/em_cmu.o
 .text.CMU_LCDClkFDIVSet
                0x00000000        0x4 ./emlib/em_cmu.o
 .text.CMU_LFXOInit
                0x00000000       0x50 ./emlib/em_cmu.o
 .text.CMU_OscillatorTuningGet
                0x00000000       0x40 ./emlib/em_cmu.o
 .text.CMU_OscillatorTuningSet
                0x00000000       0x78 ./emlib/em_cmu.o
 .text.CMU_OscillatorTuningWait
                0x00000000       0x48 ./emlib/em_cmu.o
 .text.CMU_OscillatorEnable
                0x00000000      0x108 ./emlib/em_cmu.o
 .text.CMU_ClockSelectSet
                0x00000000      0x240 ./emlib/em_cmu.o
 .text.CMU_OscillatorTuningOptimize
                0x00000000       0x24 ./emlib/em_cmu.o
 .text.CMU_PCNTClockExternalGet
                0x00000000       0x18 ./emlib/em_cmu.o
 .text.CMU_PCNTClockExternalSet
                0x00000000       0x10 ./emlib/em_cmu.o
 .debug_macro   0x00000000      0xa48 ./emlib/em_cmu.o
 .debug_macro   0x00000000      0x326 ./emlib/em_cmu.o
 .debug_macro   0x00000000       0x22 ./emlib/em_cmu.o
 .debug_macro   0x00000000       0x4f ./emlib/em_cmu.o
 .debug_macro   0x00000000       0x51 ./emlib/em_cmu.o
 .debug_macro   0x00000000       0xef ./emlib/em_cmu.o
 .debug_macro   0x00000000       0x6a ./emlib/em_cmu.o
 .debug_macro   0x00000000      0x1df ./emlib/em_cmu.o
 .debug_macro   0x00000000       0x35 ./emlib/em_cmu.o
 .debug_macro   0x00000000       0x50 ./emlib/em_cmu.o
 .debug_macro   0x00000000      0xe66 ./emlib/em_cmu.o
 .debug_macro   0x00000000      0xa6b ./emlib/em_cmu.o
 .debug_macro   0x00000000     0x1999 ./emlib/em_cmu.o
 .debug_macro   0x00000000      0x32b ./emlib/em_cmu.o
 .debug_macro   0x00000000     0x2a51 ./emlib/em_cmu.o
 .debug_macro   0x00000000     0x1b30 ./emlib/em_cmu.o
 .debug_macro   0x00000000     0x2174 ./emlib/em_cmu.o
 .debug_macro   0x00000000     0x1771 ./emlib/em_cmu.o
 .debug_macro   0x00000000      0xbef ./emlib/em_cmu.o
 .debug_macro   0x00000000      0x346 ./emlib/em_cmu.o
 .debug_macro   0x00000000      0x29e ./emlib/em_cmu.o
 .debug_macro   0x00000000     0x2765 ./emlib/em_cmu.o
 .debug_macro   0x00000000     0x31ce ./emlib/em_cmu.o
 .debug_macro   0x00000000     0x136d ./emlib/em_cmu.o
 .debug_macro   0x00000000      0xde4 ./emlib/em_cmu.o
 .debug_macro   0x00000000      0x23d ./emlib/em_cmu.o
 .debug_macro   0x00000000     0x1044 ./emlib/em_cmu.o
 .debug_macro   0x00000000     0x1607 ./emlib/em_cmu.o
 .debug_macro   0x00000000     0x38e5 ./emlib/em_cmu.o
 .debug_macro   0x00000000     0x2291 ./emlib/em_cmu.o
 .debug_macro   0x00000000      0x619 ./emlib/em_cmu.o
 .debug_macro   0x00000000      0xfb1 ./emlib/em_cmu.o
 .debug_macro   0x00000000      0x6b7 ./emlib/em_cmu.o
 .debug_macro   0x00000000     0x10cc ./emlib/em_cmu.o
 .debug_macro   0x00000000       0x40 ./emlib/em_cmu.o
 .debug_macro   0x00000000      0x1d2 ./emlib/em_cmu.o
 .debug_macro   0x00000000      0x1ed ./emlib/em_cmu.o
 .debug_macro   0x00000000       0xc4 ./emlib/em_cmu.o
 .debug_macro   0x00000000       0x35 ./emlib/em_cmu.o
 .debug_macro   0x00000000      0x15a ./emlib/em_cmu.o
 .debug_macro   0x00000000      0x15a ./emlib/em_cmu.o
 .debug_macro   0x00000000       0x22 ./emlib/em_cmu.o
 .debug_macro   0x00000000       0x10 ./emlib/em_cmu.o
 .debug_macro   0x00000000      0x2d3 ./emlib/em_cmu.o
 .debug_macro   0x00000000      0x16d ./emlib/em_cmu.o
 .group         0x00000000        0xc ./emlib/em_core.o
 .group         0x00000000        0xc ./emlib/em_core.o
 .group         0x00000000        0xc ./emlib/em_core.o
 .group         0x00000000        0xc ./emlib/em_core.o
 .group         0x00000000        0xc ./emlib/em_core.o
 .group         0x00000000        0xc ./emlib/em_core.o
 .group         0x00000000        0xc ./emlib/em_core.o
 .group         0x00000000        0xc ./emlib/em_core.o
 .group         0x00000000        0xc ./emlib/em_core.o
 .group         0x00000000        0xc ./emlib/em_core.o
 .group         0x00000000        0xc ./emlib/em_core.o
 .group         0x00000000        0xc ./emlib/em_core.o
 .group         0x00000000        0xc ./emlib/em_core.o
 .group         0x00000000        0xc ./emlib/em_core.o
 .group         0x00000000        0xc ./emlib/em_core.o
 .group         0x00000000        0xc ./emlib/em_core.o
 .group         0x00000000        0xc ./emlib/em_core.o
 .group         0x00000000        0xc ./emlib/em_core.o
 .group         0x00000000        0xc ./emlib/em_core.o
 .group         0x00000000        0xc ./emlib/em_core.o
 .group         0x00000000        0xc ./emlib/em_core.o
 .group         0x00000000        0xc ./emlib/em_core.o
 .group         0x00000000        0xc ./emlib/em_core.o
 .group         0x00000000        0xc ./emlib/em_core.o
 .group         0x00000000        0xc ./emlib/em_core.o
 .group         0x00000000        0xc ./emlib/em_core.o
 .group         0x00000000        0xc ./emlib/em_core.o
 .group         0x00000000        0xc ./emlib/em_core.o
 .group         0x00000000        0xc ./emlib/em_core.o
 .group         0x00000000        0xc ./emlib/em_core.o
 .group         0x00000000        0xc ./emlib/em_core.o
 .group         0x00000000        0xc ./emlib/em_core.o
 .group         0x00000000        0xc ./emlib/em_core.o
 .group         0x00000000        0xc ./emlib/em_core.o
 .group         0x00000000        0xc ./emlib/em_core.o
 .group         0x00000000        0xc ./emlib/em_core.o
 .group         0x00000000        0xc ./emlib/em_core.o
 .group         0x00000000        0xc ./emlib/em_core.o
 .group         0x00000000        0xc ./emlib/em_core.o
 .group         0x00000000        0xc ./emlib/em_core.o
 .group         0x00000000        0xc ./emlib/em_core.o
 .group         0x00000000        0xc ./emlib/em_core.o
 .group         0x00000000        0xc ./emlib/em_core.o
 .group         0x00000000        0xc ./emlib/em_core.o
 .group         0x00000000        0xc ./emlib/em_core.o
 .text          0x00000000        0x0 ./emlib/em_core.o
 .data          0x00000000        0x0 ./emlib/em_core.o
 .bss           0x00000000        0x0 ./emlib/em_core.o
 .text.CORE_CriticalDisableIrq
                0x00000000        0x4 ./emlib/em_core.o
 .text.CORE_CriticalEnableIrq
                0x00000000        0x4 ./emlib/em_core.o
 .text.CORE_EnterCritical
                0x00000000        0x8 ./emlib/em_core.o
 .text.CORE_ExitCritical
                0x00000000        0x8 ./emlib/em_core.o
 .text.CORE_YieldCritical
                0x00000000       0x10 ./emlib/em_core.o
 .text.CORE_AtomicDisableIrq
                0x00000000        0x4 ./emlib/em_core.o
 .text.CORE_AtomicEnableIrq
                0x00000000        0x4 ./emlib/em_core.o
 .text.CORE_EnterAtomic
                0x00000000        0x8 ./emlib/em_core.o
 .text.CORE_ExitAtomic
                0x00000000        0x4 ./emlib/em_core.o
 .text.CORE_YieldAtomic
                0x00000000        0x4 ./emlib/em_core.o
 .text.CORE_EnterNvicMask
                0x00000000       0x2c ./emlib/em_core.o
 .text.CORE_NvicDisableMask
                0x00000000       0x20 ./emlib/em_core.o
 .text.CORE_NvicEnableMask
                0x00000000       0x20 ./emlib/em_core.o
 .text.CORE_YieldNvicMask
                0x00000000       0x38 ./emlib/em_core.o
 .text.CORE_NvicMaskSetIRQ
                0x00000000       0x20 ./emlib/em_core.o
 .text.CORE_NvicMaskClearIRQ
                0x00000000       0x20 ./emlib/em_core.o
 .text.CORE_InIrqContext
                0x00000000       0x14 ./emlib/em_core.o
 .text.CORE_IrqIsBlocked
                0x00000000       0x9c ./emlib/em_core.o
 .text.CORE_IrqIsDisabled
                0x00000000        0xc ./emlib/em_core.o
 .text.CORE_GetNvicEnabledMask
                0x00000000       0x20 ./emlib/em_core.o
 .text.CORE_GetNvicMaskDisableState
                0x00000000       0x2c ./emlib/em_core.o
 .text.CORE_NvicIRQDisabled
                0x00000000       0x1c ./emlib/em_core.o
 .text.CORE_GetNvicRamTableHandler
                0x00000000       0x10 ./emlib/em_core.o
 .text.CORE_SetNvicRamTableHandler
                0x00000000       0x10 ./emlib/em_core.o
 .text.CORE_InitNvicVectorTable
                0x00000000       0x44 ./emlib/em_core.o
 .debug_info    0x00000000      0xcdd ./emlib/em_core.o
 .debug_abbrev  0x00000000      0x354 ./emlib/em_core.o
 .debug_loc     0x00000000      0x6b2 ./emlib/em_core.o
 .debug_aranges
                0x00000000       0xb8 ./emlib/em_core.o
 .debug_ranges  0x00000000       0xf8 ./emlib/em_core.o
 .debug_macro   0x00000000      0x25d ./emlib/em_core.o
 .debug_macro   0x00000000      0xa48 ./emlib/em_core.o
 .debug_macro   0x00000000      0x326 ./emlib/em_core.o
 .debug_macro   0x00000000       0x22 ./emlib/em_core.o
 .debug_macro   0x00000000       0x4f ./emlib/em_core.o
 .debug_macro   0x00000000       0x51 ./emlib/em_core.o
 .debug_macro   0x00000000       0xef ./emlib/em_core.o
 .debug_macro   0x00000000       0x6a ./emlib/em_core.o
 .debug_macro   0x00000000      0x1df ./emlib/em_core.o
 .debug_macro   0x00000000       0x35 ./emlib/em_core.o
 .debug_macro   0x00000000       0x50 ./emlib/em_core.o
 .debug_macro   0x00000000      0xe66 ./emlib/em_core.o
 .debug_macro   0x00000000      0xa6b ./emlib/em_core.o
 .debug_macro   0x00000000     0x1999 ./emlib/em_core.o
 .debug_macro   0x00000000      0x32b ./emlib/em_core.o
 .debug_macro   0x00000000     0x2a51 ./emlib/em_core.o
 .debug_macro   0x00000000     0x1b30 ./emlib/em_core.o
 .debug_macro   0x00000000     0x2174 ./emlib/em_core.o
 .debug_macro   0x00000000     0x1771 ./emlib/em_core.o
 .debug_macro   0x00000000      0xbef ./emlib/em_core.o
 .debug_macro   0x00000000      0x346 ./emlib/em_core.o
 .debug_macro   0x00000000      0x29e ./emlib/em_core.o
 .debug_macro   0x00000000     0x2765 ./emlib/em_core.o
 .debug_macro   0x00000000     0x31ce ./emlib/em_core.o
 .debug_macro   0x00000000     0x136d ./emlib/em_core.o
 .debug_macro   0x00000000      0xde4 ./emlib/em_core.o
 .debug_macro   0x00000000      0x23d ./emlib/em_core.o
 .debug_macro   0x00000000     0x1044 ./emlib/em_core.o
 .debug_macro   0x00000000     0x1607 ./emlib/em_core.o
 .debug_macro   0x00000000     0x38e5 ./emlib/em_core.o
 .debug_macro   0x00000000     0x2291 ./emlib/em_core.o
 .debug_macro   0x00000000      0x619 ./emlib/em_core.o
 .debug_macro   0x00000000      0xfb1 ./emlib/em_core.o
 .debug_macro   0x00000000      0x6b7 ./emlib/em_core.o
 .debug_macro   0x00000000     0x10cc ./emlib/em_core.o
 .debug_macro   0x00000000       0x40 ./emlib/em_core.o
 .debug_macro   0x00000000      0x1d2 ./emlib/em_core.o
 .debug_macro   0x00000000      0x1ed ./emlib/em_core.o
 .debug_macro   0x00000000       0xc4 ./emlib/em_core.o
 .debug_macro   0x00000000       0x35 ./emlib/em_core.o
 .debug_macro   0x00000000      0x15a ./emlib/em_core.o
 .debug_macro   0x00000000      0x15a ./emlib/em_core.o
 .debug_macro   0x00000000       0x22 ./emlib/em_core.o
 .debug_macro   0x00000000       0x63 ./emlib/em_core.o
 .debug_macro   0x00000000       0xba ./emlib/em_core.o
 .debug_macro   0x00000000       0x10 ./emlib/em_core.o
 .debug_line    0x00000000      0x9e6 ./emlib/em_core.o
 .debug_str     0x00000000    0xe3f14 ./emlib/em_core.o
 .comment       0x00000000       0x7f ./emlib/em_core.o
 .debug_frame   0x00000000      0x224 ./emlib/em_core.o
 .ARM.attributes
                0x00000000       0x37 ./emlib/em_core.o
 .group         0x00000000        0xc ./emlib/em_gpio.o
 .group         0x00000000        0xc ./emlib/em_gpio.o
 .group         0x00000000        0xc ./emlib/em_gpio.o
 .group         0x00000000        0xc ./emlib/em_gpio.o
 .group         0x00000000        0xc ./emlib/em_gpio.o
 .group         0x00000000        0xc ./emlib/em_gpio.o
 .group         0x00000000        0xc ./emlib/em_gpio.o
 .group         0x00000000        0xc ./emlib/em_gpio.o
 .group         0x00000000        0xc ./emlib/em_gpio.o
 .group         0x00000000        0xc ./emlib/em_gpio.o
 .group         0x00000000        0xc ./emlib/em_gpio.o
 .group         0x00000000        0xc ./emlib/em_gpio.o
 .group         0x00000000        0xc ./emlib/em_gpio.o
 .group         0x00000000        0xc ./emlib/em_gpio.o
 .group         0x00000000        0xc ./emlib/em_gpio.o
 .group         0x00000000        0xc ./emlib/em_gpio.o
 .group         0x00000000        0xc ./emlib/em_gpio.o
 .group         0x00000000        0xc ./emlib/em_gpio.o
 .group         0x00000000        0xc ./emlib/em_gpio.o
 .group         0x00000000        0xc ./emlib/em_gpio.o
 .group         0x00000000        0xc ./emlib/em_gpio.o
 .group         0x00000000        0xc ./emlib/em_gpio.o
 .group         0x00000000        0xc ./emlib/em_gpio.o
 .group         0x00000000        0xc ./emlib/em_gpio.o
 .group         0x00000000        0xc ./emlib/em_gpio.o
 .group         0x00000000        0xc ./emlib/em_gpio.o
 .group         0x00000000        0xc ./emlib/em_gpio.o
 .group         0x00000000        0xc ./emlib/em_gpio.o
 .group         0x00000000        0xc ./emlib/em_gpio.o
 .group         0x00000000        0xc ./emlib/em_gpio.o
 .group         0x00000000        0xc ./emlib/em_gpio.o
 .group         0x00000000        0xc ./emlib/em_gpio.o
 .group         0x00000000        0xc ./emlib/em_gpio.o
 .group         0x00000000        0xc ./emlib/em_gpio.o
 .group         0x00000000        0xc ./emlib/em_gpio.o
 .group         0x00000000        0xc ./emlib/em_gpio.o
 .group         0x00000000        0xc ./emlib/em_gpio.o
 .group         0x00000000        0xc ./emlib/em_gpio.o
 .group         0x00000000        0xc ./emlib/em_gpio.o
 .group         0x00000000        0xc ./emlib/em_gpio.o
 .group         0x00000000        0xc ./emlib/em_gpio.o
 .group         0x00000000        0xc ./emlib/em_gpio.o
 .group         0x00000000        0xc ./emlib/em_gpio.o
 .group         0x00000000        0xc ./emlib/em_gpio.o
 .text          0x00000000        0x0 ./emlib/em_gpio.o
 .data          0x00000000        0x0 ./emlib/em_gpio.o
 .bss           0x00000000        0x0 ./emlib/em_gpio.o
 .text.GPIO_DbgLocationSet
                0x00000000       0x18 ./emlib/em_gpio.o
 .text.GPIO_DriveStrengthSet
                0x00000000       0x20 ./emlib/em_gpio.o
 .text.GPIO_ExtIntConfig
                0x00000000       0xa8 ./emlib/em_gpio.o
 .text.GPIO_PinModeGet
                0x00000000       0x34 ./emlib/em_gpio.o
 .text.GPIO_EM4EnablePinWakeup
                0x00000000       0x54 ./emlib/em_gpio.o
 .debug_macro   0x00000000      0xa48 ./emlib/em_gpio.o
 .debug_macro   0x00000000      0x326 ./emlib/em_gpio.o
 .debug_macro   0x00000000       0x22 ./emlib/em_gpio.o
 .debug_macro   0x00000000       0x4f ./emlib/em_gpio.o
 .debug_macro   0x00000000       0x51 ./emlib/em_gpio.o
 .debug_macro   0x00000000       0xef ./emlib/em_gpio.o
 .debug_macro   0x00000000       0x6a ./emlib/em_gpio.o
 .debug_macro   0x00000000      0x1df ./emlib/em_gpio.o
 .debug_macro   0x00000000       0x35 ./emlib/em_gpio.o
 .debug_macro   0x00000000       0x50 ./emlib/em_gpio.o
 .debug_macro   0x00000000      0xe66 ./emlib/em_gpio.o
 .debug_macro   0x00000000      0xa6b ./emlib/em_gpio.o
 .debug_macro   0x00000000     0x1999 ./emlib/em_gpio.o
 .debug_macro   0x00000000      0x32b ./emlib/em_gpio.o
 .debug_macro   0x00000000     0x2a51 ./emlib/em_gpio.o
 .debug_macro   0x00000000     0x1b30 ./emlib/em_gpio.o
 .debug_macro   0x00000000     0x2174 ./emlib/em_gpio.o
 .debug_macro   0x00000000     0x1771 ./emlib/em_gpio.o
 .debug_macro   0x00000000      0xbef ./emlib/em_gpio.o
 .debug_macro   0x00000000      0x346 ./emlib/em_gpio.o
 .debug_macro   0x00000000      0x29e ./emlib/em_gpio.o
 .debug_macro   0x00000000     0x2765 ./emlib/em_gpio.o
 .debug_macro   0x00000000     0x31ce ./emlib/em_gpio.o
 .debug_macro   0x00000000     0x136d ./emlib/em_gpio.o
 .debug_macro   0x00000000      0xde4 ./emlib/em_gpio.o
 .debug_macro   0x00000000      0x23d ./emlib/em_gpio.o
 .debug_macro   0x00000000     0x1044 ./emlib/em_gpio.o
 .debug_macro   0x00000000     0x1607 ./emlib/em_gpio.o
 .debug_macro   0x00000000     0x38e5 ./emlib/em_gpio.o
 .debug_macro   0x00000000     0x2291 ./emlib/em_gpio.o
 .debug_macro   0x00000000      0x619 ./emlib/em_gpio.o
 .debug_macro   0x00000000      0xfb1 ./emlib/em_gpio.o
 .debug_macro   0x00000000      0x6b7 ./emlib/em_gpio.o
 .debug_macro   0x00000000     0x10cc ./emlib/em_gpio.o
 .debug_macro   0x00000000       0x40 ./emlib/em_gpio.o
 .debug_macro   0x00000000      0x1d2 ./emlib/em_gpio.o
 .debug_macro   0x00000000      0x1ed ./emlib/em_gpio.o
 .debug_macro   0x00000000       0xc4 ./emlib/em_gpio.o
 .debug_macro   0x00000000       0x35 ./emlib/em_gpio.o
 .debug_macro   0x00000000      0x15a ./emlib/em_gpio.o
 .debug_macro   0x00000000      0x15a ./emlib/em_gpio.o
 .debug_macro   0x00000000       0x22 ./emlib/em_gpio.o
 .debug_macro   0x00000000       0x10 ./emlib/em_gpio.o
 .group         0x00000000        0xc ./emlib/em_system.o
 .group         0x00000000        0xc ./emlib/em_system.o
 .group         0x00000000        0xc ./emlib/em_system.o
 .group         0x00000000        0xc ./emlib/em_system.o
 .group         0x00000000        0xc ./emlib/em_system.o
 .group         0x00000000        0xc ./emlib/em_system.o
 .group         0x00000000        0xc ./emlib/em_system.o
 .group         0x00000000        0xc ./emlib/em_system.o
 .group         0x00000000        0xc ./emlib/em_system.o
 .group         0x00000000        0xc ./emlib/em_system.o
 .group         0x00000000        0xc ./emlib/em_system.o
 .group         0x00000000        0xc ./emlib/em_system.o
 .group         0x00000000        0xc ./emlib/em_system.o
 .group         0x00000000        0xc ./emlib/em_system.o
 .group         0x00000000        0xc ./emlib/em_system.o
 .group         0x00000000        0xc ./emlib/em_system.o
 .group         0x00000000        0xc ./emlib/em_system.o
 .group         0x00000000        0xc ./emlib/em_system.o
 .group         0x00000000        0xc ./emlib/em_system.o
 .group         0x00000000        0xc ./emlib/em_system.o
 .group         0x00000000        0xc ./emlib/em_system.o
 .group         0x00000000        0xc ./emlib/em_system.o
 .group         0x00000000        0xc ./emlib/em_system.o
 .group         0x00000000        0xc ./emlib/em_system.o
 .group         0x00000000        0xc ./emlib/em_system.o
 .group         0x00000000        0xc ./emlib/em_system.o
 .group         0x00000000        0xc ./emlib/em_system.o
 .group         0x00000000        0xc ./emlib/em_system.o
 .group         0x00000000        0xc ./emlib/em_system.o
 .group         0x00000000        0xc ./emlib/em_system.o
 .group         0x00000000        0xc ./emlib/em_system.o
 .group         0x00000000        0xc ./emlib/em_system.o
 .group         0x00000000        0xc ./emlib/em_system.o
 .group         0x00000000        0xc ./emlib/em_system.o
 .group         0x00000000        0xc ./emlib/em_system.o
 .group         0x00000000        0xc ./emlib/em_system.o
 .group         0x00000000        0xc ./emlib/em_system.o
 .group         0x00000000        0xc ./emlib/em_system.o
 .group         0x00000000        0xc ./emlib/em_system.o
 .group         0x00000000        0xc ./emlib/em_system.o
 .group         0x00000000        0xc ./emlib/em_system.o
 .group         0x00000000        0xc ./emlib/em_system.o
 .group         0x00000000        0xc ./emlib/em_system.o
 .group         0x00000000        0xc ./emlib/em_system.o
 .text          0x00000000        0x0 ./emlib/em_system.o
 .data          0x00000000        0x0 ./emlib/em_system.o
 .bss           0x00000000        0x0 ./emlib/em_system.o
 .text.SYSTEM_GetCalibrationValue
                0x00000000       0x28 ./emlib/em_system.o
 .debug_macro   0x00000000      0xa48 ./emlib/em_system.o
 .debug_macro   0x00000000       0x22 ./emlib/em_system.o
 .debug_macro   0x00000000      0x326 ./emlib/em_system.o
 .debug_macro   0x00000000       0x22 ./emlib/em_system.o
 .debug_macro   0x00000000       0x4f ./emlib/em_system.o
 .debug_macro   0x00000000       0x51 ./emlib/em_system.o
 .debug_macro   0x00000000       0xef ./emlib/em_system.o
 .debug_macro   0x00000000       0x6a ./emlib/em_system.o
 .debug_macro   0x00000000      0x1df ./emlib/em_system.o
 .debug_macro   0x00000000       0x35 ./emlib/em_system.o
 .debug_macro   0x00000000       0x50 ./emlib/em_system.o
 .debug_macro   0x00000000      0xe66 ./emlib/em_system.o
 .debug_macro   0x00000000      0xa6b ./emlib/em_system.o
 .debug_macro   0x00000000     0x1999 ./emlib/em_system.o
 .debug_macro   0x00000000      0x32b ./emlib/em_system.o
 .debug_macro   0x00000000     0x2a51 ./emlib/em_system.o
 .debug_macro   0x00000000     0x1b30 ./emlib/em_system.o
 .debug_macro   0x00000000     0x2174 ./emlib/em_system.o
 .debug_macro   0x00000000     0x1771 ./emlib/em_system.o
 .debug_macro   0x00000000      0xbef ./emlib/em_system.o
 .debug_macro   0x00000000      0x346 ./emlib/em_system.o
 .debug_macro   0x00000000      0x29e ./emlib/em_system.o
 .debug_macro   0x00000000     0x2765 ./emlib/em_system.o
 .debug_macro   0x00000000     0x31ce ./emlib/em_system.o
 .debug_macro   0x00000000     0x136d ./emlib/em_system.o
 .debug_macro   0x00000000      0xde4 ./emlib/em_system.o
 .debug_macro   0x00000000      0x23d ./emlib/em_system.o
 .debug_macro   0x00000000     0x1044 ./emlib/em_system.o
 .debug_macro   0x00000000     0x1607 ./emlib/em_system.o
 .debug_macro   0x00000000     0x38e5 ./emlib/em_system.o
 .debug_macro   0x00000000     0x2291 ./emlib/em_system.o
 .debug_macro   0x00000000      0x619 ./emlib/em_system.o
 .debug_macro   0x00000000      0xfb1 ./emlib/em_system.o
 .debug_macro   0x00000000      0x6b7 ./emlib/em_system.o
 .debug_macro   0x00000000     0x10cc ./emlib/em_system.o
 .debug_macro   0x00000000       0x40 ./emlib/em_system.o
 .debug_macro   0x00000000      0x1d2 ./emlib/em_system.o
 .debug_macro   0x00000000      0x1ed ./emlib/em_system.o
 .debug_macro   0x00000000       0xc4 ./emlib/em_system.o
 .debug_macro   0x00000000       0x35 ./emlib/em_system.o
 .debug_macro   0x00000000      0x15a ./emlib/em_system.o
 .debug_macro   0x00000000      0x15a ./emlib/em_system.o
 .debug_macro   0x00000000       0x10 ./emlib/em_system.o
 .debug_macro   0x00000000      0x16d ./emlib/em_system.o
 .group         0x00000000        0xc ./src/main_s1.o
 .group         0x00000000        0xc ./src/main_s1.o
 .group         0x00000000        0xc ./src/main_s1.o
 .group         0x00000000        0xc ./src/main_s1.o
 .group         0x00000000        0xc ./src/main_s1.o
 .group         0x00000000        0xc ./src/main_s1.o
 .group         0x00000000        0xc ./src/main_s1.o
 .group         0x00000000        0xc ./src/main_s1.o
 .group         0x00000000        0xc ./src/main_s1.o
 .group         0x00000000        0xc ./src/main_s1.o
 .group         0x00000000        0xc ./src/main_s1.o
 .group         0x00000000        0xc ./src/main_s1.o
 .group         0x00000000        0xc ./src/main_s1.o
 .group         0x00000000        0xc ./src/main_s1.o
 .group         0x00000000        0xc ./src/main_s1.o
 .group         0x00000000        0xc ./src/main_s1.o
 .group         0x00000000        0xc ./src/main_s1.o
 .group         0x00000000        0xc ./src/main_s1.o
 .group         0x00000000        0xc ./src/main_s1.o
 .group         0x00000000        0xc ./src/main_s1.o
 .group         0x00000000        0xc ./src/main_s1.o
 .group         0x00000000        0xc ./src/main_s1.o
 .group         0x00000000        0xc ./src/main_s1.o
 .group         0x00000000        0xc ./src/main_s1.o
 .group         0x00000000        0xc ./src/main_s1.o
 .group         0x00000000        0xc ./src/main_s1.o
 .group         0x00000000        0xc ./src/main_s1.o
 .group         0x00000000        0xc ./src/main_s1.o
 .group         0x00000000        0xc ./src/main_s1.o
 .group         0x00000000        0xc ./src/main_s1.o
 .group         0x00000000        0xc ./src/main_s1.o
 .group         0x00000000        0xc ./src/main_s1.o
 .group         0x00000000        0xc ./src/main_s1.o
 .group         0x00000000        0xc ./src/main_s1.o
 .group         0x00000000        0xc ./src/main_s1.o
 .group         0x00000000        0xc ./src/main_s1.o
 .group         0x00000000        0xc ./src/main_s1.o
 .group         0x00000000        0xc ./src/main_s1.o
 .group         0x00000000        0xc ./src/main_s1.o
 .group         0x00000000        0xc ./src/main_s1.o
 .group         0x00000000        0xc ./src/main_s1.o
 .group         0x00000000        0xc ./src/main_s1.o
 .group         0x00000000        0xc ./src/main_s1.o
 .group         0x00000000        0xc ./src/main_s1.o
 .group         0x00000000        0xc ./src/main_s1.o
 .group         0x00000000        0xc ./src/main_s1.o
 .group         0x00000000        0xc ./src/main_s1.o
 .group         0x00000000        0xc ./src/main_s1.o
 .group         0x00000000        0xc ./src/main_s1.o
 .group         0x00000000        0xc ./src/main_s1.o
 .group         0x00000000        0xc ./src/main_s1.o
 .group         0x00000000        0xc ./src/main_s1.o
 .group         0x00000000        0xc ./src/main_s1.o
 .group         0x00000000        0xc ./src/main_s1.o
 .group         0x00000000        0xc ./src/main_s1.o
 .group         0x00000000        0xc ./src/main_s1.o
 .group         0x00000000        0xc ./src/main_s1.o
 .group         0x00000000        0xc ./src/main_s1.o
 .group         0x00000000        0xc ./src/main_s1.o
 .group         0x00000000        0xc ./src/main_s1.o
 .group         0x00000000        0xc ./src/main_s1.o
 .group         0x00000000        0xc ./src/main_s1.o
 .group         0x00000000        0xc ./src/main_s1.o
 .group         0x00000000        0xc ./src/main_s1.o
 .text          0x00000000        0x0 ./src/main_s1.o
 .data          0x00000000        0x0 ./src/main_s1.o
 .bss           0x00000000        0x0 ./src/main_s1.o
 .text.BlankCODEC
                0x00000000       0x14 ./src/main_s1.o
 .text.SwitchFilterBanks
                0x00000000       0x14 ./src/main_s1.o
 .text.PeakFinder
                0x00000000       0x50 ./src/main_s1.o
 .text.rms_filter
                0x00000000       0x28 ./src/main_s1.o
 .debug_macro   0x00000000      0xa48 ./src/main_s1.o
 .debug_macro   0x00000000       0x22 ./src/main_s1.o
 .debug_macro   0x00000000      0x353 ./src/main_s1.o
 .debug_macro   0x00000000       0x6a ./src/main_s1.o
 .debug_macro   0x00000000      0x326 ./src/main_s1.o
 .debug_macro   0x00000000       0xef ./src/main_s1.o
 .debug_macro   0x00000000      0x1df ./src/main_s1.o
 .debug_macro   0x00000000       0x35 ./src/main_s1.o
 .debug_macro   0x00000000       0x50 ./src/main_s1.o
 .debug_macro   0x00000000      0xe66 ./src/main_s1.o
 .debug_macro   0x00000000      0xa6b ./src/main_s1.o
 .debug_macro   0x00000000     0x1999 ./src/main_s1.o
 .debug_macro   0x00000000      0x32b ./src/main_s1.o
 .debug_macro   0x00000000     0x2a51 ./src/main_s1.o
 .debug_macro   0x00000000     0x1b30 ./src/main_s1.o
 .debug_macro   0x00000000     0x2174 ./src/main_s1.o
 .debug_macro   0x00000000     0x1771 ./src/main_s1.o
 .debug_macro   0x00000000      0xbef ./src/main_s1.o
 .debug_macro   0x00000000      0x346 ./src/main_s1.o
 .debug_macro   0x00000000      0x29e ./src/main_s1.o
 .debug_macro   0x00000000     0x2765 ./src/main_s1.o
 .debug_macro   0x00000000     0x31ce ./src/main_s1.o
 .debug_macro   0x00000000     0x136d ./src/main_s1.o
 .debug_macro   0x00000000      0xde4 ./src/main_s1.o
 .debug_macro   0x00000000      0x23d ./src/main_s1.o
 .debug_macro   0x00000000     0x1044 ./src/main_s1.o
 .debug_macro   0x00000000     0x1607 ./src/main_s1.o
 .debug_macro   0x00000000     0x38e5 ./src/main_s1.o
 .debug_macro   0x00000000     0x2291 ./src/main_s1.o
 .debug_macro   0x00000000      0x619 ./src/main_s1.o
 .debug_macro   0x00000000      0xfb1 ./src/main_s1.o
 .debug_macro   0x00000000      0x6b7 ./src/main_s1.o
 .debug_macro   0x00000000     0x10cc ./src/main_s1.o
 .debug_macro   0x00000000       0x40 ./src/main_s1.o
 .debug_macro   0x00000000      0x1d2 ./src/main_s1.o
 .debug_macro   0x00000000      0x1ed ./src/main_s1.o
 .debug_macro   0x00000000       0xc4 ./src/main_s1.o
 .debug_macro   0x00000000       0x35 ./src/main_s1.o
 .debug_macro   0x00000000      0x15a ./src/main_s1.o
 .debug_macro   0x00000000      0x15a ./src/main_s1.o
 .debug_macro   0x00000000       0x22 ./src/main_s1.o
 .debug_macro   0x00000000       0x10 ./src/main_s1.o
 .debug_macro   0x00000000       0xe4 ./src/main_s1.o
 .text          0x00000000        0x0 c:/siliconlabs/simplicitystudio/v4/developer/toolchains/gnu_arm/7.2_2017q4/bin/../lib/gcc/arm-none-eabi/7.2.1/../../../../arm-none-eabi/lib/thumb/v7e-m/fpv4-sp/softfp\libc_nano.a(lib_a-exit.o)
 .data          0x00000000        0x0 c:/siliconlabs/simplicitystudio/v4/developer/toolchains/gnu_arm/7.2_2017q4/bin/../lib/gcc/arm-none-eabi/7.2.1/../../../../arm-none-eabi/lib/thumb/v7e-m/fpv4-sp/softfp\libc_nano.a(lib_a-exit.o)
 .bss           0x00000000        0x0 c:/siliconlabs/simplicitystudio/v4/developer/toolchains/gnu_arm/7.2_2017q4/bin/../lib/gcc/arm-none-eabi/7.2.1/../../../../arm-none-eabi/lib/thumb/v7e-m/fpv4-sp/softfp\libc_nano.a(lib_a-exit.o)
 .text          0x00000000        0x0 c:/siliconlabs/simplicitystudio/v4/developer/toolchains/gnu_arm/7.2_2017q4/bin/../lib/gcc/arm-none-eabi/7.2.1/../../../../arm-none-eabi/lib/thumb/v7e-m/fpv4-sp/softfp\libc_nano.a(lib_a-impure.o)
 .data          0x00000000        0x0 c:/siliconlabs/simplicitystudio/v4/developer/toolchains/gnu_arm/7.2_2017q4/bin/../lib/gcc/arm-none-eabi/7.2.1/../../../../arm-none-eabi/lib/thumb/v7e-m/fpv4-sp/softfp\libc_nano.a(lib_a-impure.o)
 .bss           0x00000000        0x0 c:/siliconlabs/simplicitystudio/v4/developer/toolchains/gnu_arm/7.2_2017q4/bin/../lib/gcc/arm-none-eabi/7.2.1/../../../../arm-none-eabi/lib/thumb/v7e-m/fpv4-sp/softfp\libc_nano.a(lib_a-impure.o)
 .data._impure_ptr
                0x00000000        0x4 c:/siliconlabs/simplicitystudio/v4/developer/toolchains/gnu_arm/7.2_2017q4/bin/../lib/gcc/arm-none-eabi/7.2.1/../../../../arm-none-eabi/lib/thumb/v7e-m/fpv4-sp/softfp\libc_nano.a(lib_a-impure.o)
 .text          0x00000000        0x0 c:/siliconlabs/simplicitystudio/v4/developer/toolchains/gnu_arm/7.2_2017q4/bin/../lib/gcc/arm-none-eabi/7.2.1/../../../../arm-none-eabi/lib/thumb/v7e-m/fpv4-sp/softfp\libc_nano.a(lib_a-init.o)
 .data          0x00000000        0x0 c:/siliconlabs/simplicitystudio/v4/developer/toolchains/gnu_arm/7.2_2017q4/bin/../lib/gcc/arm-none-eabi/7.2.1/../../../../arm-none-eabi/lib/thumb/v7e-m/fpv4-sp/softfp\libc_nano.a(lib_a-init.o)
 .bss           0x00000000        0x0 c:/siliconlabs/simplicitystudio/v4/developer/toolchains/gnu_arm/7.2_2017q4/bin/../lib/gcc/arm-none-eabi/7.2.1/../../../../arm-none-eabi/lib/thumb/v7e-m/fpv4-sp/softfp\libc_nano.a(lib_a-init.o)
 .text          0x00000000        0x0 c:/siliconlabs/simplicitystudio/v4/developer/toolchains/gnu_arm/7.2_2017q4/bin/../lib/gcc/arm-none-eabi/7.2.1/../../../../arm-none-eabi/lib/thumb/v7e-m/fpv4-sp/softfp\libc_nano.a(lib_a-memset.o)
 .data          0x00000000        0x0 c:/siliconlabs/simplicitystudio/v4/developer/toolchains/gnu_arm/7.2_2017q4/bin/../lib/gcc/arm-none-eabi/7.2.1/../../../../arm-none-eabi/lib/thumb/v7e-m/fpv4-sp/softfp\libc_nano.a(lib_a-memset.o)
 .bss           0x00000000        0x0 c:/siliconlabs/simplicitystudio/v4/developer/toolchains/gnu_arm/7.2_2017q4/bin/../lib/gcc/arm-none-eabi/7.2.1/../../../../arm-none-eabi/lib/thumb/v7e-m/fpv4-sp/softfp\libc_nano.a(lib_a-memset.o)
 .text          0x00000000        0x0 c:/siliconlabs/simplicitystudio/v4/developer/toolchains/gnu_arm/7.2_2017q4/bin/../lib/gcc/arm-none-eabi/7.2.1/../../../../arm-none-eabi/lib/thumb/v7e-m/fpv4-sp/softfp\libnosys.a(_exit.o)
 .data          0x00000000        0x0 c:/siliconlabs/simplicitystudio/v4/developer/toolchains/gnu_arm/7.2_2017q4/bin/../lib/gcc/arm-none-eabi/7.2.1/../../../../arm-none-eabi/lib/thumb/v7e-m/fpv4-sp/softfp\libnosys.a(_exit.o)
 .bss           0x00000000        0x0 c:/siliconlabs/simplicitystudio/v4/developer/toolchains/gnu_arm/7.2_2017q4/bin/../lib/gcc/arm-none-eabi/7.2.1/../../../../arm-none-eabi/lib/thumb/v7e-m/fpv4-sp/softfp\libnosys.a(_exit.o)
 .text          0x00000000        0x0 c:/siliconlabs/simplicitystudio/v4/developer/toolchains/gnu_arm/7.2_2017q4/bin/../lib/gcc/arm-none-eabi/7.2.1/thumb/v7e-m/fpv4-sp/softfp/crtend.o
 .data          0x00000000        0x0 c:/siliconlabs/simplicitystudio/v4/developer/toolchains/gnu_arm/7.2_2017q4/bin/../lib/gcc/arm-none-eabi/7.2.1/thumb/v7e-m/fpv4-sp/softfp/crtend.o
 .bss           0x00000000        0x0 c:/siliconlabs/simplicitystudio/v4/developer/toolchains/gnu_arm/7.2_2017q4/bin/../lib/gcc/arm-none-eabi/7.2.1/thumb/v7e-m/fpv4-sp/softfp/crtend.o
 .text          0x00000000        0x0 c:/siliconlabs/simplicitystudio/v4/developer/toolchains/gnu_arm/7.2_2017q4/bin/../lib/gcc/arm-none-eabi/7.2.1/thumb/v7e-m/fpv4-sp/softfp/crtn.o
 .data          0x00000000        0x0 c:/siliconlabs/simplicitystudio/v4/developer/toolchains/gnu_arm/7.2_2017q4/bin/../lib/gcc/arm-none-eabi/7.2.1/thumb/v7e-m/fpv4-sp/softfp/crtn.o
 .bss           0x00000000        0x0 c:/siliconlabs/simplicitystudio/v4/developer/toolchains/gnu_arm/7.2_2017q4/bin/../lib/gcc/arm-none-eabi/7.2.1/thumb/v7e-m/fpv4-sp/softfp/crtn.o

Memory Configuration

Name             Origin             Length             Attributes
FLASH            0x00000000         0x00040000         xr
RAM              0x20000000         0x00008000         xrw
*default*        0x00000000         0xffffffff

Linker script and memory map

LOAD c:/siliconlabs/simplicitystudio/v4/developer/toolchains/gnu_arm/7.2_2017q4/bin/../lib/gcc/arm-none-eabi/7.2.1/thumb/v7e-m/fpv4-sp/softfp/crti.o
LOAD c:/siliconlabs/simplicitystudio/v4/developer/toolchains/gnu_arm/7.2_2017q4/bin/../lib/gcc/arm-none-eabi/7.2.1/thumb/v7e-m/fpv4-sp/softfp/crtbegin.o
LOAD c:/siliconlabs/simplicitystudio/v4/developer/toolchains/gnu_arm/7.2_2017q4/bin/../lib/gcc/arm-none-eabi/7.2.1/../../../../arm-none-eabi/lib/thumb/v7e-m/fpv4-sp/softfp/crt0.o
LOAD ./CMSIS/EFM32PG1B/startup_efm32pg1b.o
LOAD ./CMSIS/EFM32PG1B/system_efm32pg1b.o
LOAD ./emlib/em_adc.o
LOAD ./emlib/em_cmu.o
LOAD ./emlib/em_core.o
LOAD ./emlib/em_gpio.o
LOAD ./emlib/em_system.o
LOAD ./src/main_s1.o
START GROUP
LOAD c:/siliconlabs/simplicitystudio/v4/developer/toolchains/gnu_arm/7.2_2017q4/bin/../lib/gcc/arm-none-eabi/7.2.1/thumb/v7e-m/fpv4-sp/softfp\libgcc.a
LOAD c:/siliconlabs/simplicitystudio/v4/developer/toolchains/gnu_arm/7.2_2017q4/bin/../lib/gcc/arm-none-eabi/7.2.1/../../../../arm-none-eabi/lib/thumb/v7e-m/fpv4-sp/softfp\libc_nano.a
LOAD c:/siliconlabs/simplicitystudio/v4/developer/toolchains/gnu_arm/7.2_2017q4/bin/../lib/gcc/arm-none-eabi/7.2.1/../../../../arm-none-eabi/lib/thumb/v7e-m/fpv4-sp/softfp\libnosys.a
END GROUP
START GROUP
LOAD c:/siliconlabs/simplicitystudio/v4/developer/toolchains/gnu_arm/7.2_2017q4/bin/../lib/gcc/arm-none-eabi/7.2.1/thumb/v7e-m/fpv4-sp/softfp\libgcc.a
LOAD c:/siliconlabs/simplicitystudio/v4/developer/toolchains/gnu_arm/7.2_2017q4/bin/../lib/gcc/arm-none-eabi/7.2.1/../../../../arm-none-eabi/lib/thumb/v7e-m/fpv4-sp/softfp\libg_nano.a
LOAD c:/siliconlabs/simplicitystudio/v4/developer/toolchains/gnu_arm/7.2_2017q4/bin/../lib/gcc/arm-none-eabi/7.2.1/../../../../arm-none-eabi/lib/thumb/v7e-m/fpv4-sp/softfp\libc_nano.a
END GROUP
START GROUP
LOAD c:/siliconlabs/simplicitystudio/v4/developer/toolchains/gnu_arm/7.2_2017q4/bin/../lib/gcc/arm-none-eabi/7.2.1/thumb/v7e-m/fpv4-sp/softfp\libgcc.a
LOAD c:/siliconlabs/simplicitystudio/v4/developer/toolchains/gnu_arm/7.2_2017q4/bin/../lib/gcc/arm-none-eabi/7.2.1/../../../../arm-none-eabi/lib/thumb/v7e-m/fpv4-sp/softfp\libc_nano.a
END GROUP
LOAD c:/siliconlabs/simplicitystudio/v4/developer/toolchains/gnu_arm/7.2_2017q4/bin/../lib/gcc/arm-none-eabi/7.2.1/thumb/v7e-m/fpv4-sp/softfp/crtend.o
LOAD c:/siliconlabs/simplicitystudio/v4/developer/toolchains/gnu_arm/7.2_2017q4/bin/../lib/gcc/arm-none-eabi/7.2.1/thumb/v7e-m/fpv4-sp/softfp/crtn.o

.text           0x00000000      0xaf0
 *(.vectors)
 .vectors       0x00000000       0xc8 ./CMSIS/EFM32PG1B/startup_efm32pg1b.o
                0x00000000                __Vectors
                0x000000c8                __Vectors_End = .
                0x000000c8                __Vectors_Size = (__Vectors_End - __Vectors)
                0x000000c8                __end__ = .
 *(.text*)
 .text          0x000000c8       0x40 c:/siliconlabs/simplicitystudio/v4/developer/toolchains/gnu_arm/7.2_2017q4/bin/../lib/gcc/arm-none-eabi/7.2.1/thumb/v7e-m/fpv4-sp/softfp/crtbegin.o
 .text          0x00000108       0x74 c:/siliconlabs/simplicitystudio/v4/developer/toolchains/gnu_arm/7.2_2017q4/bin/../lib/gcc/arm-none-eabi/7.2.1/../../../../arm-none-eabi/lib/thumb/v7e-m/fpv4-sp/softfp/crt0.o
                0x00000108                _start
                0x00000108                _mainCRTStartup
 .text          0x0000017c       0x30 ./CMSIS/EFM32PG1B/startup_efm32pg1b.o
                0x0000017c                Reset_Handler
                0x000001a8                USART0_TX_IRQHandler
                0x000001a8                I2C0_IRQHandler
                0x000001a8                HardFault_Handler
                0x000001a8                SysTick_Handler
                0x000001a8                USART1_RX_IRQHandler
                0x000001a8                PendSV_Handler
                0x000001a8                NMI_Handler
                0x000001a8                WDOG0_IRQHandler
                0x000001a8                USART1_TX_IRQHandler
                0x000001a8                MSC_IRQHandler
                0x000001a8                UsageFault_Handler
                0x000001a8                LEUART0_IRQHandler
                0x000001a8                FPUEH_IRQHandler
                0x000001a8                GPIO_EVEN_IRQHandler
                0x000001a8                LDMA_IRQHandler
                0x000001a8                TIMER0_IRQHandler
                0x000001a8                DebugMon_Handler
                0x000001a8                LETIMER0_IRQHandler
                0x000001a8                TIMER1_IRQHandler
                0x000001a8                Default_Handler
                0x000001a8                EMU_IRQHandler
                0x000001a8                CRYOTIMER_IRQHandler
                0x000001a8                PCNT0_IRQHandler
                0x000001a8                ACMP0_IRQHandler
                0x000001a8                USART0_RX_IRQHandler
                0x000001a8                MemManage_Handler
                0x000001a8                SVC_Handler
                0x000001a8                RTCC_IRQHandler
                0x000001a8                CRYPTO_IRQHandler
                0x000001a8                CMU_IRQHandler
                0x000001a8                GPIO_ODD_IRQHandler
                0x000001a8                BusFault_Handler
                0x000001a8                IDAC0_IRQHandler
 .text.SystemHFClockGet
                0x000001ac       0x50 ./CMSIS/EFM32PG1B/system_efm32pg1b.o
                0x000001ac                SystemHFClockGet
 .text.SystemCoreClockGet
                0x000001fc       0x24 ./CMSIS/EFM32PG1B/system_efm32pg1b.o
                0x000001fc                SystemCoreClockGet
 .text.SystemHFXOClockGet
                0x00000220        0xc ./CMSIS/EFM32PG1B/system_efm32pg1b.o
                0x00000220                SystemHFXOClockGet
 .text.SystemInit
                0x0000022c       0x14 ./CMSIS/EFM32PG1B/system_efm32pg1b.o
                0x0000022c                SystemInit
 .text.SystemLFRCOClockGet
                0x00000240        0x8 ./CMSIS/EFM32PG1B/system_efm32pg1b.o
                0x00000240                SystemLFRCOClockGet
 .text.SystemULFRCOClockGet
                0x00000248        0x8 ./CMSIS/EFM32PG1B/system_efm32pg1b.o
                0x00000248                SystemULFRCOClockGet
 .text.SystemLFXOClockGet
                0x00000250        0xc ./CMSIS/EFM32PG1B/system_efm32pg1b.o
                0x00000250                SystemLFXOClockGet
 .text.ADC_LoadDevinfoCal
                0x0000025c       0xc0 ./emlib/em_adc.o
 .text.ADC_Init
                0x0000031c       0xa8 ./emlib/em_adc.o
                0x0000031c                ADC_Init
 .text.ADC_InitSingle
                0x000003c4       0xbc ./emlib/em_adc.o
                0x000003c4                ADC_InitSingle
 .text.ADC_PrescaleCalc
                0x00000480       0x40 ./emlib/em_adc.o
                0x00000480                ADC_PrescaleCalc
 .text.CMU_ClockEnable
                0x000004c0       0x94 ./emlib/em_cmu.o
                0x000004c0                CMU_ClockEnable
 .text.CMU_ClockSelectGet
                0x00000554       0xc4 ./emlib/em_cmu.o
                0x00000554                CMU_ClockSelectGet
 .text.lfClkGet
                0x00000618       0x94 ./emlib/em_cmu.o
 .text.CMU_ClockFreqGet
                0x000006ac      0x160 ./emlib/em_cmu.o
                0x000006ac                CMU_ClockFreqGet
 .text.GPIO_PinModeSet
                0x0000080c       0x94 ./emlib/em_gpio.o
                0x0000080c                GPIO_PinModeSet
 .text.SYSTEM_ChipRevisionGet
                0x000008a0       0x34 ./emlib/em_system.o
                0x000008a0                SYSTEM_ChipRevisionGet
 .text.initADC  0x000008d4       0x90 ./src/main_s1.o
                0x000008d4                initADC
 .text.ADC0_IRQHandler
                0x00000964       0x40 ./src/main_s1.o
                0x00000964                ADC0_IRQHandler
 .text.startup.main
                0x000009a4       0x9c ./src/main_s1.o
                0x000009a4                main
 .text.exit     0x00000a40       0x28 c:/siliconlabs/simplicitystudio/v4/developer/toolchains/gnu_arm/7.2_2017q4/bin/../lib/gcc/arm-none-eabi/7.2.1/../../../../arm-none-eabi/lib/thumb/v7e-m/fpv4-sp/softfp\libc_nano.a(lib_a-exit.o)
                0x00000a40                exit
 .text.__libc_init_array
                0x00000a68       0x48 c:/siliconlabs/simplicitystudio/v4/developer/toolchains/gnu_arm/7.2_2017q4/bin/../lib/gcc/arm-none-eabi/7.2.1/../../../../arm-none-eabi/lib/thumb/v7e-m/fpv4-sp/softfp\libc_nano.a(lib_a-init.o)
                0x00000a68                __libc_init_array
 .text.memset   0x00000ab0       0x10 c:/siliconlabs/simplicitystudio/v4/developer/toolchains/gnu_arm/7.2_2017q4/bin/../lib/gcc/arm-none-eabi/7.2.1/../../../../arm-none-eabi/lib/thumb/v7e-m/fpv4-sp/softfp\libc_nano.a(lib_a-memset.o)
                0x00000ab0                memset
 .text._exit    0x00000ac0        0x4 c:/siliconlabs/simplicitystudio/v4/developer/toolchains/gnu_arm/7.2_2017q4/bin/../lib/gcc/arm-none-eabi/7.2.1/../../../../arm-none-eabi/lib/thumb/v7e-m/fpv4-sp/softfp\libnosys.a(_exit.o)
                0x00000ac0                _exit
 *(.init)
 .init          0x00000ac4        0x4 c:/siliconlabs/simplicitystudio/v4/developer/toolchains/gnu_arm/7.2_2017q4/bin/../lib/gcc/arm-none-eabi/7.2.1/thumb/v7e-m/fpv4-sp/softfp/crti.o
                0x00000ac4                _init
 .init          0x00000ac8        0x8 c:/siliconlabs/simplicitystudio/v4/developer/toolchains/gnu_arm/7.2_2017q4/bin/../lib/gcc/arm-none-eabi/7.2.1/thumb/v7e-m/fpv4-sp/softfp/crtn.o
 *(.fini)
 .fini          0x00000ad0        0x4 c:/siliconlabs/simplicitystudio/v4/developer/toolchains/gnu_arm/7.2_2017q4/bin/../lib/gcc/arm-none-eabi/7.2.1/thumb/v7e-m/fpv4-sp/softfp/crti.o
                0x00000ad0                _fini
 .fini          0x00000ad4        0x8 c:/siliconlabs/simplicitystudio/v4/developer/toolchains/gnu_arm/7.2_2017q4/bin/../lib/gcc/arm-none-eabi/7.2.1/thumb/v7e-m/fpv4-sp/softfp/crtn.o
 *crtbegin.o(.ctors)
 *crtbegin?.o(.ctors)
 *(EXCLUDE_FILE(*crtend.o *crtend?.o) .ctors)
 *(SORT_BY_NAME(.ctors.*))
 *(.ctors)
 *crtbegin.o(.dtors)
 *crtbegin?.o(.dtors)
 *(EXCLUDE_FILE(*crtend.o *crtend?.o) .dtors)
 *(SORT_BY_NAME(.dtors.*))
 *(.dtors)
 *(.rodata*)
 .rodata.CSWTCH.46
                0x00000adc        0x3 ./emlib/em_cmu.o
 *fill*         0x00000adf        0x1 
 .rodata.CSWTCH.47
                0x00000ae0        0x4 ./emlib/em_cmu.o
 .rodata.CSWTCH.48
                0x00000ae4        0x4 ./emlib/em_cmu.o
 .rodata._global_impure_ptr
                0x00000ae8        0x4 c:/siliconlabs/simplicitystudio/v4/developer/toolchains/gnu_arm/7.2_2017q4/bin/../lib/gcc/arm-none-eabi/7.2.1/../../../../arm-none-eabi/lib/thumb/v7e-m/fpv4-sp/softfp\libc_nano.a(lib_a-impure.o)
                0x00000ae8                _global_impure_ptr
 *(.eh_frame*)
 .eh_frame      0x00000aec        0x0 c:/siliconlabs/simplicitystudio/v4/developer/toolchains/gnu_arm/7.2_2017q4/bin/../lib/gcc/arm-none-eabi/7.2.1/thumb/v7e-m/fpv4-sp/softfp/crtbegin.o
 .eh_frame      0x00000aec        0x4 c:/siliconlabs/simplicitystudio/v4/developer/toolchains/gnu_arm/7.2_2017q4/bin/../lib/gcc/arm-none-eabi/7.2.1/thumb/v7e-m/fpv4-sp/softfp/crtend.o

.glue_7         0x00000af0        0x0
 .glue_7        0x00000af0        0x0 linker stubs

.glue_7t        0x00000af0        0x0
 .glue_7t       0x00000af0        0x0 linker stubs

.vfp11_veneer   0x00000af0        0x0
 .vfp11_veneer  0x00000af0        0x0 linker stubs

.v4_bx          0x00000af0        0x0
 .v4_bx         0x00000af0        0x0 linker stubs

.iplt           0x00000af0        0x0
 .iplt          0x00000af0        0x0 c:/siliconlabs/simplicitystudio/v4/developer/toolchains/gnu_arm/7.2_2017q4/bin/../lib/gcc/arm-none-eabi/7.2.1/thumb/v7e-m/fpv4-sp/softfp/crtbegin.o

.ARM.extab
 *(.ARM.extab* .gnu.linkonce.armextab.*)
                0x00000af0                __exidx_start = .

.ARM.exidx      0x00000af0        0x8
 *(.ARM.exidx* .gnu.linkonce.armexidx.*)
 .ARM.exidx     0x00000af0        0x8 c:/siliconlabs/simplicitystudio/v4/developer/toolchains/gnu_arm/7.2_2017q4/bin/../lib/gcc/arm-none-eabi/7.2.1/../../../../arm-none-eabi/lib/thumb/v7e-m/fpv4-sp/softfp/crt0.o
                0x00000af8                __exidx_end = .
                0x00000af8                __etext = .

.rel.dyn        0x00000af8        0x0
 .rel.iplt      0x00000af8        0x0 c:/siliconlabs/simplicitystudio/v4/developer/toolchains/gnu_arm/7.2_2017q4/bin/../lib/gcc/arm-none-eabi/7.2.1/thumb/v7e-m/fpv4-sp/softfp/crtbegin.o

.data           0x20000000       0x7c load address 0x00000af8
                0x20000000                __data_start__ = .
 *(vtable)
 *(.data*)
 .data.SystemCoreClock
                0x20000000        0x4 ./CMSIS/EFM32PG1B/system_efm32pg1b.o
                0x20000000                SystemCoreClock
 .data.SystemHFXOClock
                0x20000004        0x4 ./CMSIS/EFM32PG1B/system_efm32pg1b.o
 .data.SystemHfrcoFreq
                0x20000008        0x4 ./CMSIS/EFM32PG1B/system_efm32pg1b.o
                0x20000008                SystemHfrcoFreq
 .data.SystemLFXOClock
                0x2000000c        0x4 ./CMSIS/EFM32PG1B/system_efm32pg1b.o
 .data.auxHfrcoFreq
                0x20000010        0x4 ./emlib/em_cmu.o
 .data.impure_data
                0x20000014       0x60 c:/siliconlabs/simplicitystudio/v4/developer/toolchains/gnu_arm/7.2_2017q4/bin/../lib/gcc/arm-none-eabi/7.2.1/../../../../arm-none-eabi/lib/thumb/v7e-m/fpv4-sp/softfp\libc_nano.a(lib_a-impure.o)
                0x20000074                . = ALIGN (0x4)
 *(.ram)
                0x20000074                . = ALIGN (0x4)
                0x20000074                PROVIDE (__preinit_array_start, .)
 *(.preinit_array)
                0x20000074                PROVIDE (__preinit_array_end, .)
                0x20000074                . = ALIGN (0x4)
                0x20000074                PROVIDE (__init_array_start, .)
 *(SORT_BY_NAME(.init_array.*))
 *(.init_array)
 .init_array    0x20000074        0x4 c:/siliconlabs/simplicitystudio/v4/developer/toolchains/gnu_arm/7.2_2017q4/bin/../lib/gcc/arm-none-eabi/7.2.1/thumb/v7e-m/fpv4-sp/softfp/crtbegin.o
                0x20000078                PROVIDE (__init_array_end, .)
                0x20000078                . = ALIGN (0x4)
                [!provide]                PROVIDE (__fini_array_start, .)
 *(SORT_BY_NAME(.fini_array.*))
 *(.fini_array)
 .fini_array    0x20000078        0x4 c:/siliconlabs/simplicitystudio/v4/developer/toolchains/gnu_arm/7.2_2017q4/bin/../lib/gcc/arm-none-eabi/7.2.1/thumb/v7e-m/fpv4-sp/softfp/crtbegin.o
                [!provide]                PROVIDE (__fini_array_end, .)
 *(.jcr*)
                0x2000007c                . = ALIGN (0x4)
                0x2000007c                __data_end__ = .

.igot.plt       0x2000007c        0x0 load address 0x00000b74
 .igot.plt      0x2000007c        0x0 c:/siliconlabs/simplicitystudio/v4/developer/toolchains/gnu_arm/7.2_2017q4/bin/../lib/gcc/arm-none-eabi/7.2.1/thumb/v7e-m/fpv4-sp/softfp/crtbegin.o

.bss            0x2000007c      0x220 load address 0x00000b74
                0x2000007c                . = ALIGN (0x4)
                0x2000007c                __bss_start__ = .
 *(.bss*)
 .bss           0x2000007c       0x1c c:/siliconlabs/simplicitystudio/v4/developer/toolchains/gnu_arm/7.2_2017q4/bin/../lib/gcc/arm-none-eabi/7.2.1/thumb/v7e-m/fpv4-sp/softfp/crtbegin.o
 *(COMMON)
 COMMON         0x20000098      0x204 ./src/main_s1.o
                0x20000098                sample_count
                0x2000009c                sample
                0x2000029c                . = ALIGN (0x4)
                0x2000029c                __bss_end__ = .

.heap           0x200002a0      0xc00
                0x200002a0                __HeapBase = .
                0x200002a0                __end__ = .
                0x200002a0                end = __end__
                0x200002a0                _end = __end__
 *(.heap*)
 .heap          0x200002a0      0xc00 ./CMSIS/EFM32PG1B/startup_efm32pg1b.o
                0x20000ea0                __HeapLimit = .

.stack_dummy    0x200002a0      0x400
 *(.stack*)
 .stack         0x200002a0      0x400 ./CMSIS/EFM32PG1B/startup_efm32pg1b.o
                0x20008000                __StackTop = (ORIGIN (RAM) + LENGTH (RAM))
                0x20007c00                __StackLimit = (__StackTop - SIZEOF (.stack_dummy))
                0x20008000                PROVIDE (__stack, __StackTop)
                0x00000001                ASSERT ((__StackLimit >= __HeapLimit), region RAM overflowed with stack)
                0x00000001                ASSERT ((LENGTH (FLASH) >= (__etext + SIZEOF (.data))), FLASH memory overflowed !)
OUTPUT(SLSTK3401A_EFM32PG1B_adc_single_interrupt.axf elf32-littlearm)

.ARM.attributes
                0x00000000       0x2e
 .ARM.attributes
                0x00000000       0x22 c:/siliconlabs/simplicitystudio/v4/developer/toolchains/gnu_arm/7.2_2017q4/bin/../lib/gcc/arm-none-eabi/7.2.1/thumb/v7e-m/fpv4-sp/softfp/crti.o
 .ARM.attributes
                0x00000022       0x32 c:/siliconlabs/simplicitystudio/v4/developer/toolchains/gnu_arm/7.2_2017q4/bin/../lib/gcc/arm-none-eabi/7.2.1/thumb/v7e-m/fpv4-sp/softfp/crtbegin.o
 .ARM.attributes
                0x00000054       0x20 c:/siliconlabs/simplicitystudio/v4/developer/toolchains/gnu_arm/7.2_2017q4/bin/../lib/gcc/arm-none-eabi/7.2.1/../../../../arm-none-eabi/lib/thumb/v7e-m/fpv4-sp/softfp/crt0.o
 .ARM.attributes
                0x00000074       0x1f ./CMSIS/EFM32PG1B/startup_efm32pg1b.o
 .ARM.attributes
                0x00000093       0x37 ./CMSIS/EFM32PG1B/system_efm32pg1b.o
 .ARM.attributes
                0x000000ca       0x37 ./emlib/em_adc.o
 .ARM.attributes
                0x00000101       0x37 ./emlib/em_cmu.o
 .ARM.attributes
                0x00000138       0x37 ./emlib/em_gpio.o
 .ARM.attributes
                0x0000016f       0x37 ./emlib/em_system.o
 .ARM.attributes
                0x000001a6       0x37 ./src/main_s1.o
 .ARM.attributes
                0x000001dd       0x32 c:/siliconlabs/simplicitystudio/v4/developer/toolchains/gnu_arm/7.2_2017q4/bin/../lib/gcc/arm-none-eabi/7.2.1/../../../../arm-none-eabi/lib/thumb/v7e-m/fpv4-sp/softfp\libc_nano.a(lib_a-exit.o)
 .ARM.attributes
                0x0000020f       0x32 c:/siliconlabs/simplicitystudio/v4/developer/toolchains/gnu_arm/7.2_2017q4/bin/../lib/gcc/arm-none-eabi/7.2.1/../../../../arm-none-eabi/lib/thumb/v7e-m/fpv4-sp/softfp\libc_nano.a(lib_a-impure.o)
 .ARM.attributes
                0x00000241       0x32 c:/siliconlabs/simplicitystudio/v4/developer/toolchains/gnu_arm/7.2_2017q4/bin/../lib/gcc/arm-none-eabi/7.2.1/../../../../arm-none-eabi/lib/thumb/v7e-m/fpv4-sp/softfp\libc_nano.a(lib_a-init.o)
 .ARM.attributes
                0x00000273       0x32 c:/siliconlabs/simplicitystudio/v4/developer/toolchains/gnu_arm/7.2_2017q4/bin/../lib/gcc/arm-none-eabi/7.2.1/../../../../arm-none-eabi/lib/thumb/v7e-m/fpv4-sp/softfp\libc_nano.a(lib_a-memset.o)
 .ARM.attributes
                0x000002a5       0x32 c:/siliconlabs/simplicitystudio/v4/developer/toolchains/gnu_arm/7.2_2017q4/bin/../lib/gcc/arm-none-eabi/7.2.1/../../../../arm-none-eabi/lib/thumb/v7e-m/fpv4-sp/softfp\libnosys.a(_exit.o)
 .ARM.attributes
                0x000002d7       0x32 c:/siliconlabs/simplicitystudio/v4/developer/toolchains/gnu_arm/7.2_2017q4/bin/../lib/gcc/arm-none-eabi/7.2.1/thumb/v7e-m/fpv4-sp/softfp/crtend.o
 .ARM.attributes
                0x00000309       0x22 c:/siliconlabs/simplicitystudio/v4/developer/toolchains/gnu_arm/7.2_2017q4/bin/../lib/gcc/arm-none-eabi/7.2.1/thumb/v7e-m/fpv4-sp/softfp/crtn.o

.comment        0x00000000       0x7e
 .comment       0x00000000       0x7e ./CMSIS/EFM32PG1B/system_efm32pg1b.o
                                 0x7f (size before relaxing)
 .comment       0x0000007e       0x7f ./emlib/em_adc.o
 .comment       0x0000007e       0x7f ./emlib/em_cmu.o
 .comment       0x0000007e       0x7f ./emlib/em_gpio.o
 .comment       0x0000007e       0x7f ./emlib/em_system.o
 .comment       0x0000007e       0x7f ./src/main_s1.o

.debug_line     0x00000000     0x421f
 .debug_line    0x00000000       0xd7 ./CMSIS/EFM32PG1B/startup_efm32pg1b.o
 .debug_line    0x000000d7      0x806 ./CMSIS/EFM32PG1B/system_efm32pg1b.o
 .debug_line    0x000008dd      0xaa2 ./emlib/em_adc.o
 .debug_line    0x0000137f     0x13dd ./emlib/em_cmu.o
 .debug_line    0x0000275c      0x8f9 ./emlib/em_gpio.o
 .debug_line    0x00003055      0x7c4 ./emlib/em_system.o
 .debug_line    0x00003819      0xa06 ./src/main_s1.o

.debug_info     0x00000000     0x93ec
 .debug_info    0x00000000       0x26 ./CMSIS/EFM32PG1B/startup_efm32pg1b.o
 .debug_info    0x00000026      0x925 ./CMSIS/EFM32PG1B/system_efm32pg1b.o
 .debug_info    0x0000094b     0x1e47 ./emlib/em_adc.o
 .debug_info    0x00002792     0x2f61 ./emlib/em_cmu.o
 .debug_info    0x000056f3      0xebc ./emlib/em_gpio.o
 .debug_info    0x000065af      0x28e ./emlib/em_system.o
 .debug_info    0x0000683d     0x2baf ./src/main_s1.o

.debug_abbrev   0x00000000     0x125e
 .debug_abbrev  0x00000000       0x14 ./CMSIS/EFM32PG1B/startup_efm32pg1b.o
 .debug_abbrev  0x00000014      0x218 ./CMSIS/EFM32PG1B/system_efm32pg1b.o
 .debug_abbrev  0x0000022c      0x351 ./emlib/em_adc.o
 .debug_abbrev  0x0000057d      0x48c ./emlib/em_cmu.o
 .debug_abbrev  0x00000a09      0x2fa ./emlib/em_gpio.o
 .debug_abbrev  0x00000d03      0x12c ./emlib/em_system.o
 .debug_abbrev  0x00000e2f      0x42f ./src/main_s1.o

.debug_aranges  0x00000000      0x2d0
 .debug_aranges
                0x00000000       0x20 ./CMSIS/EFM32PG1B/startup_efm32pg1b.o
 .debug_aranges
                0x00000020       0x68 ./CMSIS/EFM32PG1B/system_efm32pg1b.o
 .debug_aranges
                0x00000088       0x70 ./emlib/em_adc.o
 .debug_aranges
                0x000000f8      0x118 ./emlib/em_cmu.o
 .debug_aranges
                0x00000210       0x48 ./emlib/em_gpio.o
 .debug_aranges
                0x00000258       0x28 ./emlib/em_system.o
 .debug_aranges
                0x00000280       0x50 ./src/main_s1.o

.debug_str      0x00000000    0xecfff
 .debug_str     0x00000000      0x109 ./CMSIS/EFM32PG1B/startup_efm32pg1b.o
 .debug_str     0x00000109    0xe324a ./CMSIS/EFM32PG1B/system_efm32pg1b.o
                              0xe34db (size before relaxing)
 .debug_str     0x000e3353     0x3f43 ./emlib/em_adc.o
                              0xe70c2 (size before relaxing)
 .debug_str     0x000e7296     0x2bda ./emlib/em_cmu.o
                              0xe730a (size before relaxing)
 .debug_str     0x000e9e70      0xd7d ./emlib/em_gpio.o
                              0xe3ece (size before relaxing)
 .debug_str     0x000eabed      0x13b ./emlib/em_system.o
                              0xe346b (size before relaxing)
 .debug_str     0x000ead28     0x22d7 ./src/main_s1.o
                              0xead4c (size before relaxing)

.debug_loc      0x00000000     0x44d0
 .debug_loc     0x00000000       0xe6 ./CMSIS/EFM32PG1B/system_efm32pg1b.o
 .debug_loc     0x000000e6      0xda8 ./emlib/em_adc.o
 .debug_loc     0x00000e8e     0x2828 ./emlib/em_cmu.o
 .debug_loc     0x000036b6      0x87d ./emlib/em_gpio.o
 .debug_loc     0x00003f33       0x98 ./emlib/em_system.o
 .debug_loc     0x00003fcb      0x505 ./src/main_s1.o

.debug_ranges   0x00000000      0xb38
 .debug_ranges  0x00000000       0x58 ./CMSIS/EFM32PG1B/system_efm32pg1b.o
 .debug_ranges  0x00000058      0x148 ./emlib/em_adc.o
 .debug_ranges  0x000001a0      0x718 ./emlib/em_cmu.o
 .debug_ranges  0x000008b8      0x160 ./emlib/em_gpio.o
 .debug_ranges  0x00000a18       0x18 ./emlib/em_system.o
 .debug_ranges  0x00000a30      0x108 ./src/main_s1.o

.debug_macro    0x00000000    0x231f4
 .debug_macro   0x00000000      0x22f ./CMSIS/EFM32PG1B/system_efm32pg1b.o
 .debug_macro   0x0000022f      0xa48 ./CMSIS/EFM32PG1B/system_efm32pg1b.o
 .debug_macro   0x00000c77       0x22 ./CMSIS/EFM32PG1B/system_efm32pg1b.o
 .debug_macro   0x00000c99       0x4f ./CMSIS/EFM32PG1B/system_efm32pg1b.o
 .debug_macro   0x00000ce8       0x51 ./CMSIS/EFM32PG1B/system_efm32pg1b.o
 .debug_macro   0x00000d39       0xef ./CMSIS/EFM32PG1B/system_efm32pg1b.o
 .debug_macro   0x00000e28       0x6a ./CMSIS/EFM32PG1B/system_efm32pg1b.o
 .debug_macro   0x00000e92      0x1df ./CMSIS/EFM32PG1B/system_efm32pg1b.o
 .debug_macro   0x00001071      0x326 ./CMSIS/EFM32PG1B/system_efm32pg1b.o
 .debug_macro   0x00001397       0x3b ./CMSIS/EFM32PG1B/system_efm32pg1b.o
 .debug_macro   0x000013d2       0x50 ./CMSIS/EFM32PG1B/system_efm32pg1b.o
 .debug_macro   0x00001422      0xe66 ./CMSIS/EFM32PG1B/system_efm32pg1b.o
 .debug_macro   0x00002288      0xa6b ./CMSIS/EFM32PG1B/system_efm32pg1b.o
 .debug_macro   0x00002cf3     0x1999 ./CMSIS/EFM32PG1B/system_efm32pg1b.o
 .debug_macro   0x0000468c      0x32b ./CMSIS/EFM32PG1B/system_efm32pg1b.o
 .debug_macro   0x000049b7     0x2a51 ./CMSIS/EFM32PG1B/system_efm32pg1b.o
 .debug_macro   0x00007408     0x1b30 ./CMSIS/EFM32PG1B/system_efm32pg1b.o
 .debug_macro   0x00008f38     0x2174 ./CMSIS/EFM32PG1B/system_efm32pg1b.o
 .debug_macro   0x0000b0ac     0x1771 ./CMSIS/EFM32PG1B/system_efm32pg1b.o
 .debug_macro   0x0000c81d      0xbef ./CMSIS/EFM32PG1B/system_efm32pg1b.o
 .debug_macro   0x0000d40c      0x346 ./CMSIS/EFM32PG1B/system_efm32pg1b.o
 .debug_macro   0x0000d752      0x29e ./CMSIS/EFM32PG1B/system_efm32pg1b.o
 .debug_macro   0x0000d9f0     0x2765 ./CMSIS/EFM32PG1B/system_efm32pg1b.o
 .debug_macro   0x00010155     0x31ce ./CMSIS/EFM32PG1B/system_efm32pg1b.o
 .debug_macro   0x00013323     0x136d ./CMSIS/EFM32PG1B/system_efm32pg1b.o
 .debug_macro   0x00014690      0xde4 ./CMSIS/EFM32PG1B/system_efm32pg1b.o
 .debug_macro   0x00015474      0x23d ./CMSIS/EFM32PG1B/system_efm32pg1b.o
 .debug_macro   0x000156b1     0x1044 ./CMSIS/EFM32PG1B/system_efm32pg1b.o
 .debug_macro   0x000166f5     0x1607 ./CMSIS/EFM32PG1B/system_efm32pg1b.o
 .debug_macro   0x00017cfc     0x38e5 ./CMSIS/EFM32PG1B/system_efm32pg1b.o
 .debug_macro   0x0001b5e1     0x2291 ./CMSIS/EFM32PG1B/system_efm32pg1b.o
 .debug_macro   0x0001d872      0x619 ./CMSIS/EFM32PG1B/system_efm32pg1b.o
 .debug_macro   0x0001de8b      0xfb1 ./CMSIS/EFM32PG1B/system_efm32pg1b.o
 .debug_macro   0x0001ee3c      0x6b7 ./CMSIS/EFM32PG1B/system_efm32pg1b.o
 .debug_macro   0x0001f4f3     0x10cc ./CMSIS/EFM32PG1B/system_efm32pg1b.o
 .debug_macro   0x000205bf       0x40 ./CMSIS/EFM32PG1B/system_efm32pg1b.o
 .debug_macro   0x000205ff      0x1d2 ./CMSIS/EFM32PG1B/system_efm32pg1b.o
 .debug_macro   0x000207d1      0x1ed ./CMSIS/EFM32PG1B/system_efm32pg1b.o
 .debug_macro   0x000209be       0xc4 ./CMSIS/EFM32PG1B/system_efm32pg1b.o
 .debug_macro   0x00020a82       0x35 ./CMSIS/EFM32PG1B/system_efm32pg1b.o
 .debug_macro   0x00020ab7      0x15a ./CMSIS/EFM32PG1B/system_efm32pg1b.o
 .debug_macro   0x00020c11      0x15a ./CMSIS/EFM32PG1B/system_efm32pg1b.o
 .debug_macro   0x00020d6b      0x2e7 ./emlib/em_adc.o
 .debug_macro   0x00021052       0x35 ./emlib/em_adc.o
 .debug_macro   0x00021087       0x22 ./emlib/em_adc.o
 .debug_macro   0x000210a9       0x51 ./emlib/em_adc.o
 .debug_macro   0x000210fa       0x10 ./emlib/em_adc.o
 .debug_macro   0x0002110a      0x2d3 ./emlib/em_adc.o
 .debug_macro   0x000213dd      0x16d ./emlib/em_adc.o
 .debug_macro   0x0002154a      0x318 ./emlib/em_cmu.o
 .debug_macro   0x00021862       0x58 ./emlib/em_cmu.o
 .debug_macro   0x000218ba      0x353 ./emlib/em_cmu.o
 .debug_macro   0x00021c0d       0x25 ./emlib/em_cmu.o
 .debug_macro   0x00021c32       0xee ./emlib/em_cmu.o
 .debug_macro   0x00021d20       0x73 ./emlib/em_cmu.o
 .debug_macro   0x00021d93       0x69 ./emlib/em_cmu.o
 .debug_macro   0x00021dfc      0x248 ./emlib/em_gpio.o
 .debug_macro   0x00022044       0xe4 ./emlib/em_gpio.o
 .debug_macro   0x00022128      0x236 ./emlib/em_system.o
 .debug_macro   0x0002235e      0x360 ./src/main_s1.o
 .debug_macro   0x000226be       0x52 ./src/main_s1.o
 .debug_macro   0x00022710       0x17 ./src/main_s1.o
 .debug_macro   0x00022727       0x55 ./src/main_s1.o
 .debug_macro   0x0002277c       0x35 ./src/main_s1.o
 .debug_macro   0x000227b1       0x9c ./src/main_s1.o
 .debug_macro   0x0002284d       0x16 ./src/main_s1.o
 .debug_macro   0x00022863       0x57 ./src/main_s1.o
 .debug_macro   0x000228ba       0x97 ./src/main_s1.o
 .debug_macro   0x00022951       0xf6 ./src/main_s1.o
 .debug_macro   0x00022a47       0x10 ./src/main_s1.o
 .debug_macro   0x00022a57       0x58 ./src/main_s1.o
 .debug_macro   0x00022aaf       0x1f ./src/main_s1.o
 .debug_macro   0x00022ace       0x43 ./src/main_s1.o
 .debug_macro   0x00022b11       0x20 ./src/main_s1.o
 .debug_macro   0x00022b31      0x18e ./src/main_s1.o
 .debug_macro   0x00022cbf       0x10 ./src/main_s1.o
 .debug_macro   0x00022ccf       0xb6 ./src/main_s1.o
 .debug_macro   0x00022d85       0x16 ./src/main_s1.o
 .debug_macro   0x00022d9b      0x129 ./src/main_s1.o
 .debug_macro   0x00022ec4      0x2d9 ./src/main_s1.o
 .debug_macro   0x0002319d       0x57 ./src/main_s1.o

.debug_frame    0x00000000      0x748
 .debug_frame   0x00000000       0xc8 ./CMSIS/EFM32PG1B/system_efm32pg1b.o
 .debug_frame   0x000000c8      0x148 ./emlib/em_adc.o
 .debug_frame   0x00000210      0x2f8 ./emlib/em_cmu.o
 .debug_frame   0x00000508       0xac ./emlib/em_gpio.o
 .debug_frame   0x000005b4       0x30 ./emlib/em_system.o
 .debug_frame   0x000005e4       0xd0 ./src/main_s1.o
 .debug_frame   0x000006b4       0x28 c:/siliconlabs/simplicitystudio/v4/developer/toolchains/gnu_arm/7.2_2017q4/bin/../lib/gcc/arm-none-eabi/7.2.1/../../../../arm-none-eabi/lib/thumb/v7e-m/fpv4-sp/softfp\libc_nano.a(lib_a-exit.o)
 .debug_frame   0x000006dc       0x2c c:/siliconlabs/simplicitystudio/v4/developer/toolchains/gnu_arm/7.2_2017q4/bin/../lib/gcc/arm-none-eabi/7.2.1/../../../../arm-none-eabi/lib/thumb/v7e-m/fpv4-sp/softfp\libc_nano.a(lib_a-init.o)
 .debug_frame   0x00000708       0x20 c:/siliconlabs/simplicitystudio/v4/developer/toolchains/gnu_arm/7.2_2017q4/bin/../lib/gcc/arm-none-eabi/7.2.1/../../../../arm-none-eabi/lib/thumb/v7e-m/fpv4-sp/softfp\libc_nano.a(lib_a-memset.o)
 .debug_frame   0x00000728       0x20 c:/siliconlabs/simplicitystudio/v4/developer/toolchains/gnu_arm/7.2_2017q4/bin/../lib/gcc/arm-none-eabi/7.2.1/../../../../arm-none-eabi/lib/thumb/v7e-m/fpv4-sp/softfp\libnosys.a(_exit.o)
