Archive member included to satisfy reference by file (symbol)

c:/siliconlabs/simplicitystudio/v4/developer/toolchains/gnu_arm/7.2_2017q4/bin/../lib/gcc/arm-none-eabi/7.2.1/thumb/v7e-m/fpv4-sp/softfp\libgcc.a(_arm_addsubdf3.o)
                              ./src/main_adc_example_gecko_s1.o (__aeabi_f2d)
c:/siliconlabs/simplicitystudio/v4/developer/toolchains/gnu_arm/7.2_2017q4/bin/../lib/gcc/arm-none-eabi/7.2.1/thumb/v7e-m/fpv4-sp/softfp\libgcc.a(_aeabi_uldivmod.o)
                              ./emlib/em_usart.o (__aeabi_uldivmod)
c:/siliconlabs/simplicitystudio/v4/developer/toolchains/gnu_arm/7.2_2017q4/bin/../lib/gcc/arm-none-eabi/7.2.1/thumb/v7e-m/fpv4-sp/softfp\libgcc.a(_udivmoddi4.o)
                              c:/siliconlabs/simplicitystudio/v4/developer/toolchains/gnu_arm/7.2_2017q4/bin/../lib/gcc/arm-none-eabi/7.2.1/thumb/v7e-m/fpv4-sp/softfp\libgcc.a(_aeabi_uldivmod.o) (__udivmoddi4)
c:/siliconlabs/simplicitystudio/v4/developer/toolchains/gnu_arm/7.2_2017q4/bin/../lib/gcc/arm-none-eabi/7.2.1/thumb/v7e-m/fpv4-sp/softfp\libgcc.a(_dvmd_tls.o)
                              c:/siliconlabs/simplicitystudio/v4/developer/toolchains/gnu_arm/7.2_2017q4/bin/../lib/gcc/arm-none-eabi/7.2.1/thumb/v7e-m/fpv4-sp/softfp\libgcc.a(_aeabi_uldivmod.o) (__aeabi_ldiv0)
c:/siliconlabs/simplicitystudio/v4/developer/toolchains/gnu_arm/7.2_2017q4/bin/../lib/gcc/arm-none-eabi/7.2.1/../../../../arm-none-eabi/lib/thumb/v7e-m/fpv4-sp/softfp\libc_nano.a(lib_a-exit.o)
                              c:/siliconlabs/simplicitystudio/v4/developer/toolchains/gnu_arm/7.2_2017q4/bin/../lib/gcc/arm-none-eabi/7.2.1/../../../../arm-none-eabi/lib/thumb/v7e-m/fpv4-sp/softfp/crt0.o (exit)
c:/siliconlabs/simplicitystudio/v4/developer/toolchains/gnu_arm/7.2_2017q4/bin/../lib/gcc/arm-none-eabi/7.2.1/../../../../arm-none-eabi/lib/thumb/v7e-m/fpv4-sp/softfp\libc_nano.a(lib_a-fileno.o)
                              ./Drivers/retargetio.o (fileno)
c:/siliconlabs/simplicitystudio/v4/developer/toolchains/gnu_arm/7.2_2017q4/bin/../lib/gcc/arm-none-eabi/7.2.1/../../../../arm-none-eabi/lib/thumb/v7e-m/fpv4-sp/softfp\libc_nano.a(lib_a-findfp.o)
                              c:/siliconlabs/simplicitystudio/v4/developer/toolchains/gnu_arm/7.2_2017q4/bin/../lib/gcc/arm-none-eabi/7.2.1/../../../../arm-none-eabi/lib/thumb/v7e-m/fpv4-sp/softfp\libc_nano.a(lib_a-fileno.o) (__sinit)
c:/siliconlabs/simplicitystudio/v4/developer/toolchains/gnu_arm/7.2_2017q4/bin/../lib/gcc/arm-none-eabi/7.2.1/../../../../arm-none-eabi/lib/thumb/v7e-m/fpv4-sp/softfp\libc_nano.a(lib_a-fwalk.o)
                              c:/siliconlabs/simplicitystudio/v4/developer/toolchains/gnu_arm/7.2_2017q4/bin/../lib/gcc/arm-none-eabi/7.2.1/../../../../arm-none-eabi/lib/thumb/v7e-m/fpv4-sp/softfp\libc_nano.a(lib_a-findfp.o) (_fwalk)
c:/siliconlabs/simplicitystudio/v4/developer/toolchains/gnu_arm/7.2_2017q4/bin/../lib/gcc/arm-none-eabi/7.2.1/../../../../arm-none-eabi/lib/thumb/v7e-m/fpv4-sp/softfp\libc_nano.a(lib_a-impure.o)
                              c:/siliconlabs/simplicitystudio/v4/developer/toolchains/gnu_arm/7.2_2017q4/bin/../lib/gcc/arm-none-eabi/7.2.1/../../../../arm-none-eabi/lib/thumb/v7e-m/fpv4-sp/softfp\libc_nano.a(lib_a-exit.o) (_global_impure_ptr)
c:/siliconlabs/simplicitystudio/v4/developer/toolchains/gnu_arm/7.2_2017q4/bin/../lib/gcc/arm-none-eabi/7.2.1/../../../../arm-none-eabi/lib/thumb/v7e-m/fpv4-sp/softfp\libc_nano.a(lib_a-init.o)
                              c:/siliconlabs/simplicitystudio/v4/developer/toolchains/gnu_arm/7.2_2017q4/bin/../lib/gcc/arm-none-eabi/7.2.1/../../../../arm-none-eabi/lib/thumb/v7e-m/fpv4-sp/softfp/crt0.o (__libc_init_array)
c:/siliconlabs/simplicitystudio/v4/developer/toolchains/gnu_arm/7.2_2017q4/bin/../lib/gcc/arm-none-eabi/7.2.1/../../../../arm-none-eabi/lib/thumb/v7e-m/fpv4-sp/softfp\libc_nano.a(lib_a-locale.o)
                              ./Drivers/textdisplay.o (__locale_ctype_ptr)
c:/siliconlabs/simplicitystudio/v4/developer/toolchains/gnu_arm/7.2_2017q4/bin/../lib/gcc/arm-none-eabi/7.2.1/../../../../arm-none-eabi/lib/thumb/v7e-m/fpv4-sp/softfp\libc_nano.a(lib_a-mbtowc_r.o)
                              c:/siliconlabs/simplicitystudio/v4/developer/toolchains/gnu_arm/7.2_2017q4/bin/../lib/gcc/arm-none-eabi/7.2.1/../../../../arm-none-eabi/lib/thumb/v7e-m/fpv4-sp/softfp\libc_nano.a(lib_a-locale.o) (__ascii_mbtowc)
c:/siliconlabs/simplicitystudio/v4/developer/toolchains/gnu_arm/7.2_2017q4/bin/../lib/gcc/arm-none-eabi/7.2.1/../../../../arm-none-eabi/lib/thumb/v7e-m/fpv4-sp/softfp\libc_nano.a(lib_a-memcpy-stub.o)
                              ./Drivers/display.o (memcpy)
c:/siliconlabs/simplicitystudio/v4/developer/toolchains/gnu_arm/7.2_2017q4/bin/../lib/gcc/arm-none-eabi/7.2.1/../../../../arm-none-eabi/lib/thumb/v7e-m/fpv4-sp/softfp\libc_nano.a(lib_a-memset.o)
[...]
Memory Configuration

Name             Origin             Length             Attributes
FLASH            0x00000000         0x00040000         xr
RAM              0x20000000         0x00008000         xrw
*default*        0x00000000         0xffffffff

Linker script and memory map

LOAD c:/siliconlabs/simplicitystudio/v4/developer/toolchains/gnu_arm/7.2_2017q4/bin/../lib/gcc/arm-none-eabi/7.2.1/thumb/v7e-m/fpv4-sp/softfp/crti.o
LOAD c:/siliconlabs/simplicitystudio/v4/developer/toolchains/gnu_arm/7.2_2017q4/bin/../lib/gcc/arm-none-eabi/7.2.1/thumb/v7e-m/fpv4-sp/softfp/crtbegin.o
LOAD c:/siliconlabs/simplicitystudio/v4/developer/toolchains/gnu_arm/7.2_2017q4/bin/../lib/gcc/arm-none-eabi/7.2.1/../../../../arm-none-eabi/lib/thumb/v7e-m/fpv4-sp/softfp/crt0.o
LOAD ./CMSIS/EFM32PG1B/startup_efm32pg1b.o
LOAD ./CMSIS/EFM32PG1B/system_efm32pg1b.o
LOAD ./Drivers/display.o
LOAD ./Drivers/displayls013b7dh03.o
LOAD ./Drivers/displaypalemlib.o
LOAD ./Drivers/retargetio.o
LOAD ./Drivers/retargettextdisplay.o
LOAD ./Drivers/textdisplay.o
LOAD ./Drivers/udelay.o
LOAD ./emlib/em_adc.o
LOAD ./emlib/em_assert.o
LOAD ./emlib/em_cmu.o
LOAD ./emlib/em_core.o
LOAD ./emlib/em_dma.o
LOAD ./emlib/em_emu.o
LOAD ./emlib/em_gpio.o
LOAD ./emlib/em_ldma.o
LOAD ./emlib/em_prs.o
LOAD ./emlib/em_rtcc.o
LOAD ./emlib/em_system.o
LOAD ./emlib/em_usart.o
LOAD ./src/main_adc_example_gecko_s1.o
START GROUP
LOAD c:/siliconlabs/simplicitystudio/v4/developer/toolchains/gnu_arm/7.2_2017q4/bin/../lib/gcc/arm-none-eabi/7.2.1/thumb/v7e-m/fpv4-sp/softfp\libgcc.a
LOAD c:/siliconlabs/simplicitystudio/v4/developer/toolchains/gnu_arm/7.2_2017q4/bin/../lib/gcc/arm-none-eabi/7.2.1/../../../../arm-none-eabi/lib/thumb/v7e-m/fpv4-sp/softfp\libc_nano.a
LOAD c:/siliconlabs/simplicitystudio/v4/developer/toolchains/gnu_arm/7.2_2017q4/bin/../lib/gcc/arm-none-eabi/7.2.1/../../../../arm-none-eabi/lib/thumb/v7e-m/fpv4-sp/softfp\libnosys.a
END GROUP
START GROUP
LOAD c:/siliconlabs/simplicitystudio/v4/developer/toolchains/gnu_arm/7.2_2017q4/bin/../lib/gcc/arm-none-eabi/7.2.1/thumb/v7e-m/fpv4-sp/softfp\libgcc.a
LOAD c:/siliconlabs/simplicitystudio/v4/developer/toolchains/gnu_arm/7.2_2017q4/bin/../lib/gcc/arm-none-eabi/7.2.1/../../../../arm-none-eabi/lib/thumb/v7e-m/fpv4-sp/softfp\libg_nano.a
LOAD c:/siliconlabs/simplicitystudio/v4/developer/toolchains/gnu_arm/7.2_2017q4/bin/../lib/gcc/arm-none-eabi/7.2.1/../../../../arm-none-eabi/lib/thumb/v7e-m/fpv4-sp/softfp\libc_nano.a
END GROUP
START GROUP
LOAD c:/siliconlabs/simplicitystudio/v4/developer/toolchains/gnu_arm/7.2_2017q4/bin/../lib/gcc/arm-none-eabi/7.2.1/thumb/v7e-m/fpv4-sp/softfp\libgcc.a
LOAD c:/siliconlabs/simplicitystudio/v4/developer/toolchains/gnu_arm/7.2_2017q4/bin/../lib/gcc/arm-none-eabi/7.2.1/../../../../arm-none-eabi/lib/thumb/v7e-m/fpv4-sp/softfp\libc_nano.a
END GROUP
LOAD c:/siliconlabs/simplicitystudio/v4/developer/toolchains/gnu_arm/7.2_2017q4/bin/../lib/gcc/arm-none-eabi/7.2.1/thumb/v7e-m/fpv4-sp/softfp/crtend.o
LOAD c:/siliconlabs/simplicitystudio/v4/developer/toolchains/gnu_arm/7.2_2017q4/bin/../lib/gcc/arm-none-eabi/7.2.1/thumb/v7e-m/fpv4-sp/softfp/crtn.o

.text           0x00000000     0xbd74
 *(.vectors)
 .vectors       0x00000000       0xc8 ./CMSIS/EFM32PG1B/startup_efm32pg1b.o
                0x00000000                __Vectors
                0x000000c8                __Vectors_End = .
                0x000000c8                __Vectors_Size = (__Vectors_End - __Vectors)
                0x000000c8                __end__ = .
 *(.text*)
 .text          0x000000c8       0x40 c:/siliconlabs/simplicitystudio/v4/developer/toolchains/gnu_arm/7.2_2017q4/bin/../lib/gcc/arm-none-eabi/7.2.1/thumb/v7e-m/fpv4-sp/softfp/crtbegin.o
 .text          0x00000108       0x74 c:/siliconlabs/simplicitystudio/v4/developer/toolchains/gnu_arm/7.2_2017q4/bin/../lib/gcc/arm-none-eabi/7.2.1/../../../../arm-none-eabi/lib/thumb/v7e-m/fpv4-sp/softfp/crt0.o
                0x00000108                _start
                0x00000108                _mainCRTStartup
 .text          0x0000017c       0x30 ./CMSIS/EFM32PG1B/startup_efm32pg1b.o
                0x0000017c                Reset_Handler
                0x000001a8                USART0_TX_IRQHandler
                0x000001a8                I2C0_IRQHandler
                0x000001a8                HardFault_Handler
                0x000001a8                SysTick_Handler
                0x000001a8                USART1_RX_IRQHandler
                0x000001a8                PendSV_Handler
                0x000001a8                NMI_Handler
                0x000001a8                WDOG0_IRQHandler
                0x000001a8                USART1_TX_IRQHandler
                0x000001a8                MSC_IRQHandler
                0x000001a8                UsageFault_Handler
                0x000001a8                LEUART0_IRQHandler
                0x000001a8                FPUEH_IRQHandler
                0x000001a8                TIMER0_IRQHandler
                0x000001a8                DebugMon_Handler
                0x000001a8                LETIMER0_IRQHandler
                0x000001a8                TIMER1_IRQHandler
                0x000001a8                Default_Handler
                0x000001a8                EMU_IRQHandler
                0x000001a8                CRYOTIMER_IRQHandler
                0x000001a8                PCNT0_IRQHandler
                0x000001a8                ACMP0_IRQHandler
                0x000001a8                USART0_RX_IRQHandler
                0x000001a8                MemManage_Handler
                0x000001a8                SVC_Handler
                0x000001a8                RTCC_IRQHandler
                0x000001a8                CRYPTO_IRQHandler
                0x000001a8                CMU_IRQHandler
                0x000001a8                BusFault_Handler
                0x000001a8                IDAC0_IRQHandler
 .text.SystemCoreClockGet
                0x000001ac       0x40 ./CMSIS/EFM32PG1B/system_efm32pg1b.o
                0x000001ac                SystemCoreClockGet
 .text.SystemMaxCoreClockGet
                0x000001ec       0x14 ./CMSIS/EFM32PG1B/system_efm32pg1b.o
                0x000001ec                SystemMaxCoreClockGet
 .text.SystemHFClockGet
                0x00000200       0x70 ./CMSIS/EFM32PG1B/system_efm32pg1b.o
                0x00000200                SystemHFClockGet
 .text.SystemHFXOClockGet
                0x00000270       0x18 ./CMSIS/EFM32PG1B/system_efm32pg1b.o
                0x00000270                SystemHFXOClockGet
 .text.SystemInit
                0x00000288       0x24 ./CMSIS/EFM32PG1B/system_efm32pg1b.o
                0x00000288                SystemInit
 .text.SystemLFRCOClockGet
                0x000002ac       0x12 ./CMSIS/EFM32PG1B/system_efm32pg1b.o
                0x000002ac                SystemLFRCOClockGet
 .text.SystemULFRCOClockGet
                0x000002be       0x12 ./CMSIS/EFM32PG1B/system_efm32pg1b.o
                0x000002be                SystemULFRCOClockGet
 .text.SystemLFXOClockGet
                0x000002d0       0x18 ./CMSIS/EFM32PG1B/system_efm32pg1b.o
                0x000002d0                SystemLFXOClockGet
 .text.DISPLAY_Init
                0x000002e8       0x54 ./Drivers/display.o
                0x000002e8                DISPLAY_Init
 .text.DISPLAY_DeviceGet
                0x0000033c       0x60 ./Drivers/display.o
                0x0000033c                DISPLAY_DeviceGet
 .text.DISPLAY_DeviceRegister
                0x0000039c       0x6c ./Drivers/display.o
                0x0000039c                DISPLAY_DeviceRegister
 .text.DISPLAY_Ls013b7dh03Init
                0x00000408       0xd8 ./Drivers/displayls013b7dh03.o
                0x00000408                DISPLAY_Ls013b7dh03Init
 .text.DriverRefresh
                0x000004e0       0x1e ./Drivers/displayls013b7dh03.o
 .text.DisplayEnable
                0x000004fe       0x2e ./Drivers/displayls013b7dh03.o
 .text.DisplayClear
                0x0000052c       0x48 ./Drivers/displayls013b7dh03.o
 .text.PixelMatrixAllocate
                0x00000574       0x70 ./Drivers/displayls013b7dh03.o
 .text.PixelMatrixFree
                0x000005e4       0x1c ./Drivers/displayls013b7dh03.o
 .text.PixelMatrixClear
                0x00000600       0x40 ./Drivers/displayls013b7dh03.o
 .text.PixelMatrixDraw
                0x00000640       0xb6 ./Drivers/displayls013b7dh03.o
 .text.BUS_RegMaskedSet
                0x000006f6       0x24 ./Drivers/displaypalemlib.o
 .text.BUS_RegMaskedClear
                0x0000071a       0x24 ./Drivers/displaypalemlib.o
 *fill*         0x0000073e        0x2 
 .text.GPIO_PinOutClear
                0x00000740       0x98 ./Drivers/displaypalemlib.o
 .text.GPIO_PinOutSet
                0x000007d8       0x98 ./Drivers/displaypalemlib.o
 .text.PAL_SpiInit
                0x00000870       0x64 ./Drivers/displaypalemlib.o
                0x00000870                PAL_SpiInit
 .text.PAL_SpiTransmit
                0x000008d4       0x74 ./Drivers/displaypalemlib.o
                0x000008d4                PAL_SpiTransmit
 .text.PAL_TimerInit
                0x00000948       0x18 ./Drivers/displaypalemlib.o
                0x00000948                PAL_TimerInit
 .text.PAL_TimerMicroSecondsDelay
                0x00000960       0x1c ./Drivers/displaypalemlib.o
                0x00000960                PAL_TimerMicroSecondsDelay
 .text.PAL_GpioInit
                0x0000097c       0x20 ./Drivers/displaypalemlib.o
                0x0000097c                PAL_GpioInit
 .text.PAL_GpioPinModeSet
                0x0000099c       0x40 ./Drivers/displaypalemlib.o
                0x0000099c                PAL_GpioPinModeSet
 .text.PAL_GpioPinOutSet
                0x000009dc       0x24 ./Drivers/displaypalemlib.o
                0x000009dc                PAL_GpioPinOutSet
 .text.PAL_GpioPinOutClear
                0x00000a00       0x24 ./Drivers/displaypalemlib.o
                0x00000a00                PAL_GpioPinOutClear
 .text._close   0x00000a24       0x16 ./Drivers/retargetio.o
                0x00000a24                _close
 .text._exit    0x00000a3a        0xa ./Drivers/retargetio.o
                0x00000a3a                _exit
 .text._fstat   0x00000a44       0x20 ./Drivers/retargetio.o
                0x00000a44                _fstat
 .text._isatty  0x00000a64       0x16 ./Drivers/retargetio.o
                0x00000a64                _isatty
 .text._lseek   0x00000a7a       0x1a ./Drivers/retargetio.o
                0x00000a7a                _lseek
 .text._read    0x00000a94       0x56 ./Drivers/retargetio.o
                0x00000a94                _read
 *fill*         0x00000aea        0x2 
 .text._sbrk    0x00000aec       0x7c ./Drivers/retargetio.o
                0x00000aec                _sbrk
 .text._write   0x00000b68       0x38 ./Drivers/retargetio.o
                0x00000b68                _write
 .text.RETARGET_TextDisplayInit
                0x00000ba0       0x5c ./Drivers/retargettextdisplay.o
                0x00000ba0                RETARGET_TextDisplayInit
 .text.RETARGET_ReadChar
                0x00000bfc       0x12 ./Drivers/retargettextdisplay.o
                0x00000bfc                RETARGET_ReadChar
 *fill*         0x00000c0e        0x2 
 .text.RETARGET_WriteChar
                0x00000c10       0x34 ./Drivers/retargettextdisplay.o
                0x00000c10                RETARGET_WriteChar
 .text.TEXTDISPLAY_New
                0x00000c44      0x1cc ./Drivers/textdisplay.o
                0x00000c44                TEXTDISPLAY_New
 .text.TEXTDISPLAY_WriteChar
                0x00000e10       0xe4 ./Drivers/textdisplay.o
                0x00000e10                TEXTDISPLAY_WriteChar
 .text.TextdisplayClear
                0x00000ef4       0x44 ./Drivers/textdisplay.o
 .text.TextdisplayScrollUp
                0x00000f38       0x84 ./Drivers/textdisplay.o
 .text.TextdisplayEscapeSequence
                0x00000fbc      0x1ac ./Drivers/textdisplay.o
 .text.TextdisplayCharAdd
                0x00001168      0x136 ./Drivers/textdisplay.o
 *fill*         0x0000129e        0x2 
 .text.TextdisplayLineDraw
                0x000012a0      0x2c4 ./Drivers/textdisplay.o
 .text.TextdisplayUpdate
                0x00001564      0x120 ./Drivers/textdisplay.o
 .text.NVIC_ClearPendingIRQ
                0x00001684       0x34 ./Drivers/udelay.o
 .text.RTCC_CounterGet
                0x000016b8       0x18 ./Drivers/udelay.o
 .text.UDELAY_Calibrate
                0x000016d0      0x18c ./Drivers/udelay.o
                0x000016d0                UDELAY_Calibrate
 .text.UDELAY_Delay
                0x0000185c       0x3c ./Drivers/udelay.o
                0x0000185c                UDELAY_Delay
 .text.calibrate_delay
                0x00001898       0xdc ./Drivers/udelay.o
 .text.clock    0x00001974        0xe ./Drivers/udelay.o
 .text._delay   0x00001982       0x1a ./Drivers/udelay.o
 .text.ADC_IntClear
                0x0000199c       0x1c ./emlib/em_adc.o
 .text.BUS_RegBitWrite
                0x000019b8       0x2e ./emlib/em_adc.o
 .text.BUS_RegMaskedSet
                0x000019e6       0x24 ./emlib/em_adc.o
 .text.BUS_RegMaskedClear
                0x00001a0a       0x24 ./emlib/em_adc.o
 .text.BUS_RegMaskedWrite
                0x00001a2e       0x24 ./emlib/em_adc.o
 *fill*         0x00001a52        0x2 
 .text.ADC_LoadDevinfoCal
                0x00001a54      0x1dc ./emlib/em_adc.o
 .text.ADC_Init
                0x00001c30       0xa8 ./emlib/em_adc.o
                0x00001c30                ADC_Init
 .text.ADC_ScanSingleEndedInputAdd
                0x00001cd8       0xc8 ./emlib/em_adc.o
                0x00001cd8                ADC_ScanSingleEndedInputAdd
 .text.ADC_ScanDifferentialInputAdd
                0x00001da0      0x240 ./emlib/em_adc.o
                0x00001da0                ADC_ScanDifferentialInputAdd
 .text.ADC_InitScan
                0x00001fe0      0x148 ./emlib/em_adc.o
                0x00001fe0                ADC_InitScan
 .text.ADC_InitSingle
                0x00002128      0x16c ./emlib/em_adc.o
                0x00002128                ADC_InitSingle
 .text.ADC_DataIdScanGet
                0x00002294       0x2c ./emlib/em_adc.o
                0x00002294                ADC_DataIdScanGet
 .text.ADC_PrescaleCalc
                0x000022c0       0x64 ./emlib/em_adc.o
                0x000022c0                ADC_PrescaleCalc
 .text.ADC_Reset
                0x00002324       0x98 ./emlib/em_adc.o
                0x00002324                ADC_Reset
 .text.ADC_TimebaseCalc
                0x000023bc       0x50 ./emlib/em_adc.o
                0x000023bc                ADC_TimebaseCalc
 .text.assertEFM
                0x0000240c        0xc ./emlib/em_assert.o
                0x0000240c                assertEFM
 .text.BUS_RegBitWrite
                0x00002418       0x2e ./emlib/em_cmu.o
 .text.BUS_RegBitRead
                0x00002446       0x2a ./emlib/em_cmu.o
 .text.CMU_Log2ToDiv
                0x00002470       0x1c ./emlib/em_cmu.o
 .text.CMU_PrescToLog2
                0x0000248c       0x50 ./emlib/em_cmu.o
 .text.setHfLeConfig
                0x000024dc       0x64 ./emlib/em_cmu.o
 .text.auxClkGet
                0x00002540       0x20 ./emlib/em_cmu.o
 .text.hfSrcClkGet
                0x00002560       0x2c ./emlib/em_cmu.o
 .text.dbgClkGet
                0x0000258c       0x4c ./emlib/em_cmu.o
 .text.adcAsyncClkGet
                0x000025d8       0x98 ./emlib/em_cmu.o
 .text.flashWaitStateControl
                0x00002670       0x80 ./emlib/em_cmu.o
 .text.flashWaitStateMax
                0x000026f0       0x16 ./emlib/em_cmu.o
 .text.CMU_UpdateWaitStates
                0x00002706       0x1a ./emlib/em_cmu.o
                0x00002706                CMU_UpdateWaitStates
 .text.getRegIshUpperVal
                0x00002720       0x36 ./emlib/em_cmu.o
 *fill*         0x00002756        0x2 
 .text.getHfxoTuningMode
                0x00002758       0x1c ./emlib/em_cmu.o
 .text.setHfxoTuningMode
                0x00002774       0x28 ./emlib/em_cmu.o
 .text.lfClkGet
                0x0000279c      0x104 ./emlib/em_cmu.o
 .text.syncReg  0x000028a0       0x38 ./emlib/em_cmu.o
 .text.CMU_AUXHFRCODevinfoGet
                0x000028d8       0xdc ./emlib/em_cmu.o
 .text.CMU_AUXHFRCOBandGet
                0x000029b4       0x18 ./emlib/em_cmu.o
                0x000029b4                CMU_AUXHFRCOBandGet
 .text.CMU_AUXHFRCOBandSet
                0x000029cc       0xa4 ./emlib/em_cmu.o
                0x000029cc                CMU_AUXHFRCOBandSet
 .text.CMU_ClockDivGet
                0x00002a70       0x1a ./emlib/em_cmu.o
                0x00002a70                CMU_ClockDivGet
 .text.CMU_ClockDivSet
                0x00002a8a       0x1e ./emlib/em_cmu.o
                0x00002a8a                CMU_ClockDivSet
 .text.CMU_ClockEnable
                0x00002aa8       0xd8 ./emlib/em_cmu.o
                0x00002aa8                CMU_ClockEnable
 .text.CMU_ClockFreqGet
                0x00002b80      0x1a0 ./emlib/em_cmu.o
                0x00002b80                CMU_ClockFreqGet
 .text.CMU_ClockPrescGet
                0x00002d20      0x160 ./emlib/em_cmu.o
                0x00002d20                CMU_ClockPrescGet
 .text.CMU_ClockPrescSet
                0x00002e80      0x2b8 ./emlib/em_cmu.o
                0x00002e80                CMU_ClockPrescSet
 .text.CMU_ClockSelectGet
                0x00003138      0x19c ./emlib/em_cmu.o
                0x00003138                CMU_ClockSelectGet
 .text.CMU_ClockSelectSet
                0x000032d4      0x2bc ./emlib/em_cmu.o
                0x000032d4                CMU_ClockSelectSet
 .text.CMU_HFRCODevinfoGet
                0x00003590       0xdc ./emlib/em_cmu.o
 .text.CMU_HFRCOBandSet
                0x0000366c      0x144 ./emlib/em_cmu.o
                0x0000366c                CMU_HFRCOBandSet
 .text.CMU_OscillatorEnable
                0x000037b0      0x180 ./emlib/em_cmu.o
                0x000037b0                CMU_OscillatorEnable
 .text.CMU_OscillatorTuningGet
                0x00003930       0x7c ./emlib/em_cmu.o
                0x00003930                CMU_OscillatorTuningGet
 .text.CMU_OscillatorTuningSet
                0x000039ac      0x154 ./emlib/em_cmu.o
                0x000039ac                CMU_OscillatorTuningSet
 .text.CMU_OscillatorTuningWait
                0x00003b00       0xb0 ./emlib/em_cmu.o
                0x00003b00                CMU_OscillatorTuningWait
 .text.CMU_OscillatorTuningOptimize
                0x00003bb0       0x64 ./emlib/em_cmu.o
                0x00003bb0                CMU_OscillatorTuningOptimize
 .text.CORE_EnterAtomic
                0x00003c14       0x20 ./emlib/em_core.o
                0x00003c14                CORE_EnterAtomic
 .text.CORE_ExitAtomic
                0x00003c34       0x1c ./emlib/em_core.o
                0x00003c34                CORE_ExitAtomic
 .text.SystemCoreClockUpdate
                0x00003c50        0xc ./emlib/em_emu.o
 .text.BUS_RegBitWrite
                0x00003c5c       0x2e ./emlib/em_emu.o
 .text.BUS_RegBitRead
                0x00003c8a       0x2a ./emlib/em_emu.o
 .text.CMU_Lock
                0x00003cb4       0x1c ./emlib/em_emu.o
 .text.CMU_Unlock
                0x00003cd0       0x1c ./emlib/em_emu.o
 .text.SYSTEM_GetDevinfoRev
                0x00003cec       0x18 ./emlib/em_emu.o
 .text.emState  0x00003d04       0xd4 ./emlib/em_emu.o
 .text.dcdcFetCntSet
                0x00003dd8       0x54 ./emlib/em_emu.o
 .text.dcdcHsFixLnBlock
                0x00003e2c       0x4c ./emlib/em_emu.o
 .text.EMU_EnterEM2
                0x00003e78       0x54 ./emlib/em_emu.o
                0x00003e78                EMU_EnterEM2
 .text.dcdcConstCalibrationLoad
                0x00003ecc       0xd0 ./emlib/em_emu.o
 .text.dcdcValidatedConfigSet
                0x00003f9c       0xb4 ./emlib/em_emu.o
 .text.currentLimitersUpdate
                0x00004050      0x12c ./emlib/em_emu.o
 .text.userCurrentLimitsSet
                0x0000417c       0x30 ./emlib/em_emu.o
 .text.compCtrlSet
                0x000041ac       0x4c ./emlib/em_emu.o
 .text.lpCmpHystCalibrationLoad
                0x000041f8       0xe0 ./emlib/em_emu.o
 .text.lpGetDevinfoVrefLowHigh
                0x000042d8      0x158 ./emlib/em_emu.o
 .text.EMU_DCDCModeSet
                0x00004430       0xb8 ./emlib/em_emu.o
                0x00004430                EMU_DCDCModeSet
 .text.EMU_DCDCInit
                0x000044e8      0x190 ./emlib/em_emu.o
                0x000044e8                EMU_DCDCInit
 .text.EMU_DCDCOutputVoltageSet
                0x00004678      0x230 ./emlib/em_emu.o
                0x00004678                EMU_DCDCOutputVoltageSet
 .text.EMU_DCDCOptimizeSlice
                0x000048a8       0xe8 ./emlib/em_emu.o
                0x000048a8                EMU_DCDCOptimizeSlice
 .text.EMU_DCDCLnRcoBandSet
                0x00004990       0x64 ./emlib/em_emu.o
                0x00004990                EMU_DCDCLnRcoBandSet
 .text.BUS_RegBitWrite
                0x000049f4       0x2e ./emlib/em_gpio.o
 .text.BUS_RegMaskedSet
                0x00004a22       0x24 ./emlib/em_gpio.o
 .text.BUS_RegMaskedClear
                0x00004a46       0x24 ./emlib/em_gpio.o
 .text.BUS_RegMaskedWrite
                0x00004a6a       0x24 ./emlib/em_gpio.o
 *fill*         0x00004a8e        0x2 
 .text.GPIO_PinOutClear
                0x00004a90       0x98 ./emlib/em_gpio.o
 .text.GPIO_PinOutSet
                0x00004b28       0x98 ./emlib/em_gpio.o
 .text.GPIO_ExtIntConfig
                0x00004bc0      0x174 ./emlib/em_gpio.o
                0x00004bc0                GPIO_ExtIntConfig
 .text.GPIO_PinModeSet
                0x00004d34      0x154 ./emlib/em_gpio.o
                0x00004d34                GPIO_PinModeSet
 .text.NVIC_EnableIRQ
                0x00004e88       0x34 ./emlib/em_ldma.o
 .text.NVIC_ClearPendingIRQ
                0x00004ebc       0x34 ./emlib/em_ldma.o
 .text.NVIC_SetPriority
                0x00004ef0       0x54 ./emlib/em_ldma.o
 .text.BUS_RegMaskedClear
                0x00004f44       0x24 ./emlib/em_ldma.o
 .text.LDMA_Init
                0x00004f68       0xd4 ./emlib/em_ldma.o
                0x00004f68                LDMA_Init
 .text.LDMA_StartTransfer
                0x0000503c      0x234 ./emlib/em_ldma.o
                0x0000503c                LDMA_StartTransfer
 .text.PRS_SourceSignalSet
                0x00005270       0x48 ./emlib/em_prs.o
                0x00005270                PRS_SourceSignalSet
 .text.PRS_SourceAsyncSignalSet
                0x000052b8       0x48 ./emlib/em_prs.o
                0x000052b8                PRS_SourceAsyncSignalSet
 .text.BUS_RegBitWrite
                0x00005300       0x2e ./emlib/em_rtcc.o
 *fill*         0x0000532e        0x2 
 .text.RTCC_ChannelInit
                0x00005330       0x7c ./emlib/em_rtcc.o
                0x00005330                RTCC_ChannelInit
 .text.RTCC_Enable
                0x000053ac       0x24 ./emlib/em_rtcc.o
                0x000053ac                RTCC_Enable
 .text.RTCC_Init
                0x000053d0       0x64 ./emlib/em_rtcc.o
                0x000053d0                RTCC_Init
 .text.SYSTEM_ChipRevisionGet
                0x00005434       0x84 ./emlib/em_system.o
                0x00005434                SYSTEM_ChipRevisionGet
 .text.USART_BaudrateSyncSet
                0x000054b8       0x6c ./emlib/em_usart.o
                0x000054b8                USART_BaudrateSyncSet
 .text.USART_InitSync
                0x00005524       0xfc ./emlib/em_usart.o
                0x00005524                USART_InitSync
 .text.USART_Reset
                0x00005620       0x9c ./emlib/em_usart.o
                0x00005620                USART_Reset
 .text.USART_Tx
                0x000056bc       0x2c ./emlib/em_usart.o
                0x000056bc                USART_Tx
 .text.USART_TxDouble
                0x000056e8       0x2c ./emlib/em_usart.o
                0x000056e8                USART_TxDouble
 .text.NVIC_EnableIRQ
                0x00005714       0x34 ./src/main_adc_example_gecko_s1.o
 .text.NVIC_DisableIRQ
                0x00005748       0x34 ./src/main_adc_example_gecko_s1.o
 .text.NVIC_ClearPendingIRQ
                0x0000577c       0x34 ./src/main_adc_example_gecko_s1.o
 .text.ADC_DataSingleGet
                0x000057b0       0x18 ./src/main_adc_example_gecko_s1.o
 .text.ADC_IntEnable
                0x000057c8       0x22 ./src/main_adc_example_gecko_s1.o
 .text.ADC_Start
                0x000057ea       0x1e ./src/main_adc_example_gecko_s1.o
 .text.SYSTEM_GetProdRev
                0x00005808       0x1c ./src/main_adc_example_gecko_s1.o
 .text.BUS_RegBitWrite
                0x00005824       0x2e ./src/main_adc_example_gecko_s1.o
 .text.BUS_RegMaskedSet
                0x00005852       0x24 ./src/main_adc_example_gecko_s1.o
 .text.BUS_RegMaskedClear
                0x00005876       0x24 ./src/main_adc_example_gecko_s1.o
 .text.BUS_RegMaskedWrite
                0x0000589a       0x24 ./src/main_adc_example_gecko_s1.o
 *fill*         0x000058be        0x2 
 .text.CHIP_Init
                0x000058c0       0xa8 ./src/main_adc_example_gecko_s1.o
 .text.CMU_HFRCOFreqSet
                0x00005968       0x16 ./src/main_adc_example_gecko_s1.o
 .text.CMU_AUXHFRCOFreqSet
                0x0000597e       0x16 ./src/main_adc_example_gecko_s1.o
 .text.EMU_EnterEM1
                0x00005994       0x20 ./src/main_adc_example_gecko_s1.o
 .text.RTCC_ChannelCCVSet
                0x000059b4       0x3c ./src/main_adc_example_gecko_s1.o
 .text.GPIO_ODD_IRQHandler
                0x000059f0       0x58 ./src/main_adc_example_gecko_s1.o
                0x000059f0                GPIO_ODD_IRQHandler
 .text.GPIO_EVEN_IRQHandler
                0x00005a48       0x28 ./src/main_adc_example_gecko_s1.o
                0x00005a48                GPIO_EVEN_IRQHandler
 .text.ADC0_IRQHandler
                0x00005a70       0xc0 ./src/main_adc_example_gecko_s1.o
                0x00005a70                ADC0_IRQHandler
 .text.LDMA_IRQHandler
                0x00005b30       0x4c ./src/main_adc_example_gecko_s1.o
                0x00005b30                LDMA_IRQHandler
 .text.PAL_GpioPinAutoToggle
                0x00005b7c       0x1e ./src/main_adc_example_gecko_s1.o
                0x00005b7c                PAL_GpioPinAutoToggle
 *fill*         0x00005b9a        0x2 
 .text.gpioSetup
                0x00005b9c       0x70 ./src/main_adc_example_gecko_s1.o
                0x00005b9c                gpioSetup
 .text.rtccSetup
                0x00005c0c       0x88 ./src/main_adc_example_gecko_s1.o
                0x00005c0c                rtccSetup
 .text.adcSetup
                0x00005c94       0x34 ./src/main_adc_example_gecko_s1.o
                0x00005c94                adcSetup
 .text.ldmaSetup
                0x00005cc8       0x2c ./src/main_adc_example_gecko_s1.o
                0x00005cc8                ldmaSetup
 .text.adcLdmaSetup
                0x00005cf4       0xf4 ./src/main_adc_example_gecko_s1.o
                0x00005cf4                adcLdmaSetup
 .text.ADC_Calibration
                0x00005de8      0x27c ./src/main_adc_example_gecko_s1.o
                0x00005de8                ADC_Calibration
 .text.adcReset
                0x00006064       0xb4 ./src/main_adc_example_gecko_s1.o
                0x00006064                adcReset
 .text.adcEmodePrs
                0x00006118       0x78 ./src/main_adc_example_gecko_s1.o
                0x00006118                adcEmodePrs
 .text.adcSingleScan
                0x00006190      0x2c8 ./src/main_adc_example_gecko_s1.o
                0x00006190                adcSingleScan
 .text.adcSingleScanDiff
                0x00006458      0x200 ./src/main_adc_example_gecko_s1.o
                0x00006458                adcSingleScanDiff
 .text.adcSingleInt
                0x00006658      0x2d0 ./src/main_adc_example_gecko_s1.o
                0x00006658                adcSingleInt
 .text.adcScanInt
                0x00006928      0x33c ./src/main_adc_example_gecko_s1.o
                0x00006928                adcScanInt
 .text.adcSingleLdma
                0x00006c64      0x330 ./src/main_adc_example_gecko_s1.o
                0x00006c64                adcSingleLdma
 .text.adcScanLdma
                0x00006f94      0x2ec ./src/main_adc_example_gecko_s1.o
                0x00006f94                adcScanLdma
 .text.adcVfsConfig
                0x00007280       0xe8 ./src/main_adc_example_gecko_s1.o
                0x00007280                adcVfsConfig
 .text.adcPrng  0x00007368       0xf0 ./src/main_adc_example_gecko_s1.o
                0x00007368                adcPrng
 .text.main     0x00007458      0x670 ./src/main_adc_example_gecko_s1.o
                0x00007458                main
 .text          0x00007ac8      0x378 c:/siliconlabs/simplicitystudio/v4/developer/toolchains/gnu_arm/7.2_2017q4/bin/../lib/gcc/arm-none-eabi/7.2.1/thumb/v7e-m/fpv4-sp/softfp\libgcc.a(_arm_addsubdf3.o)
                0x00007ac8                __aeabi_drsub
                0x00007ad0                __aeabi_dsub
                0x00007ad0                __subdf3
                0x00007ad4                __aeabi_dadd
                0x00007ad4                __adddf3
                0x00007d4c                __floatunsidf
                0x00007d4c                __aeabi_ui2d
                0x00007d6c                __floatsidf
                0x00007d6c                __aeabi_i2d
                0x00007d90                __aeabi_f2d
                0x00007d90                __extendsfdf2
                0x00007dd4                __floatundidf
                0x00007dd4                __aeabi_ul2d
                0x00007de4                __floatdidf
                0x00007de4                __aeabi_l2d
 .text.exit     0x00007e40       0x28 c:/siliconlabs/simplicitystudio/v4/developer/toolchains/gnu_arm/7.2_2017q4/bin/../lib/gcc/arm-none-eabi/7.2.1/../../../../arm-none-eabi/lib/thumb/v7e-m/fpv4-sp/softfp\libc_nano.a(lib_a-exit.o)
                0x00007e40                exit
 .text.fileno   0x00007e68       0x58 c:/siliconlabs/simplicitystudio/v4/developer/toolchains/gnu_arm/7.2_2017q4/bin/../lib/gcc/arm-none-eabi/7.2.1/../../../../arm-none-eabi/lib/thumb/v7e-m/fpv4-sp/softfp\libc_nano.a(lib_a-fileno.o)
                0x00007e68                fileno
 .text.std      0x00007ec0       0x48 c:/siliconlabs/simplicitystudio/v4/developer/toolchains/gnu_arm/7.2_2017q4/bin/../lib/gcc/arm-none-eabi/7.2.1/../../../../arm-none-eabi/lib/thumb/v7e-m/fpv4-sp/softfp\libc_nano.a(lib_a-findfp.o)
 .text._cleanup_r
                0x00007f08        0xc c:/siliconlabs/simplicitystudio/v4/developer/toolchains/gnu_arm/7.2_2017q4/bin/../lib/gcc/arm-none-eabi/7.2.1/../../../../arm-none-eabi/lib/thumb/v7e-m/fpv4-sp/softfp\libc_nano.a(lib_a-findfp.o)
                0x00007f08                _cleanup_r
 .text.__sfmoreglue
                0x00007f14       0x2c c:/siliconlabs/simplicitystudio/v4/developer/toolchains/gnu_arm/7.2_2017q4/bin/../lib/gcc/arm-none-eabi/7.2.1/../../../../arm-none-eabi/lib/thumb/v7e-m/fpv4-sp/softfp\libc_nano.a(lib_a-findfp.o)
                0x00007f14                __sfmoreglue
 .text.__sinit  0x00007f40       0x60 c:/siliconlabs/simplicitystudio/v4/developer/toolchains/gnu_arm/7.2_2017q4/bin/../lib/gcc/arm-none-eabi/7.2.1/../../../../arm-none-eabi/lib/thumb/v7e-m/fpv4-sp/softfp\libc_nano.a(lib_a-findfp.o)
                0x00007f40                __sinit
 .text.__sfp    0x00007fa0       0x78 c:/siliconlabs/simplicitystudio/v4/developer/toolchains/gnu_arm/7.2_2017q4/bin/../lib/gcc/arm-none-eabi/7.2.1/../../../../arm-none-eabi/lib/thumb/v7e-m/fpv4-sp/softfp\libc_nano.a(lib_a-findfp.o)
                0x00007fa0                __sfp
 .text._fwalk_reent
                0x00008018       0x3c c:/siliconlabs/simplicitystudio/v4/developer/toolchains/gnu_arm/7.2_2017q4/bin/../lib/gcc/arm-none-eabi/7.2.1/../../../../arm-none-eabi/lib/thumb/v7e-m/fpv4-sp/softfp\libc_nano.a(lib_a-fwalk.o)
                0x00008018                _fwalk_reent
 .text.__libc_init_array
                0x00008054       0x48 c:/siliconlabs/simplicitystudio/v4/developer/toolchains/gnu_arm/7.2_2017q4/bin/../lib/gcc/arm-none-eabi/7.2.1/../../../../arm-none-eabi/lib/thumb/v7e-m/fpv4-sp/softfp\libc_nano.a(lib_a-init.o)
                0x00008054                __libc_init_array
 .text.__locale_ctype_ptr
                0x0000809c       0x1c c:/siliconlabs/simplicitystudio/v4/developer/toolchains/gnu_arm/7.2_2017q4/bin/../lib/gcc/arm-none-eabi/7.2.1/../../../../arm-none-eabi/lib/thumb/v7e-m/fpv4-sp/softfp\libc_nano.a(lib_a-locale.o)
                0x0000809c                __locale_ctype_ptr
 .text.__ascii_mbtowc
                0x000080b8       0x24 c:/siliconlabs/simplicitystudio/v4/developer/toolchains/gnu_arm/7.2_2017q4/bin/../lib/gcc/arm-none-eabi/7.2.1/../../../../arm-none-eabi/lib/thumb/v7e-m/fpv4-sp/softfp\libc_nano.a(lib_a-mbtowc_r.o)
                0x000080b8                __ascii_mbtowc
 .text.memcpy   0x000080dc       0x16 c:/siliconlabs/simplicitystudio/v4/developer/toolchains/gnu_arm/7.2_2017q4/bin/../lib/gcc/arm-none-eabi/7.2.1/../../../../arm-none-eabi/lib/thumb/v7e-m/fpv4-sp/softfp\libc_nano.a(lib_a-memcpy-stub.o)
                0x000080dc                memcpy
 .text.memset   0x000080f2       0x10 c:/siliconlabs/simplicitystudio/v4/developer/toolchains/gnu_arm/7.2_2017q4/bin/../lib/gcc/arm-none-eabi/7.2.1/../../../../arm-none-eabi/lib/thumb/v7e-m/fpv4-sp/softfp\libc_nano.a(lib_a-memset.o)
                0x000080f2                memset
 *fill*         0x00008102        0x2 
 .text._malloc_r
                0x00008104       0xb4 c:/siliconlabs/simplicitystudio/v4/developer/toolchains/gnu_arm/7.2_2017q4/bin/../lib/gcc/arm-none-eabi/7.2.1/../../../../arm-none-eabi/lib/thumb/v7e-m/fpv4-sp/softfp\libc_nano.a(lib_a-nano-mallocr.o)
                0x00008104                _malloc_r
 .text.__cvt    0x000081b8       0xbc c:/siliconlabs/simplicitystudio/v4/developer/toolchains/gnu_arm/7.2_2017q4/bin/../lib/gcc/arm-none-eabi/7.2.1/../../../../arm-none-eabi/lib/thumb/v7e-m/fpv4-sp/softfp\libc_nano.a(lib_a-nano-vfprintf_float.o)
                0x000081b8                __cvt
 .text.__exponent
                0x00008274       0x66 c:/siliconlabs/simplicitystudio/v4/developer/toolchains/gnu_arm/7.2_2017q4/bin/../lib/gcc/arm-none-eabi/7.2.1/../../../../arm-none-eabi/lib/thumb/v7e-m/fpv4-sp/softfp\libc_nano.a(lib_a-nano-vfprintf_float.o)
                0x00008274                __exponent
 *fill*         0x000082da        0x2 
 .text._printf_float
                0x000082dc      0x48c c:/siliconlabs/simplicitystudio/v4/developer/toolchains/gnu_arm/7.2_2017q4/bin/../lib/gcc/arm-none-eabi/7.2.1/../../../../arm-none-eabi/lib/thumb/v7e-m/fpv4-sp/softfp\libc_nano.a(lib_a-nano-vfprintf_float.o)
                0x000082dc                _printf_float
 .text._printf_common
                0x00008768       0xea c:/siliconlabs/simplicitystudio/v4/developer/toolchains/gnu_arm/7.2_2017q4/bin/../lib/gcc/arm-none-eabi/7.2.1/../../../../arm-none-eabi/lib/thumb/v7e-m/fpv4-sp/softfp\libc_nano.a(lib_a-nano-vfprintf_i.o)
                0x00008768                _printf_common
 *fill*         0x00008852        0x2 
 .text._printf_i
                0x00008854      0x224 c:/siliconlabs/simplicitystudio/v4/developer/toolchains/gnu_arm/7.2_2017q4/bin/../lib/gcc/arm-none-eabi/7.2.1/../../../../arm-none-eabi/lib/thumb/v7e-m/fpv4-sp/softfp\libc_nano.a(lib_a-nano-vfprintf_i.o)
                0x00008854                _printf_i
 .text.printf   0x00008a78       0x30 c:/siliconlabs/simplicitystudio/v4/developer/toolchains/gnu_arm/7.2_2017q4/bin/../lib/gcc/arm-none-eabi/7.2.1/../../../../arm-none-eabi/lib/thumb/v7e-m/fpv4-sp/softfp\libc_nano.a(lib_a-printf.o)
                0x00008a78                iprintf
                0x00008a78                printf
 .text._sbrk_r  0x00008aa8       0x20 c:/siliconlabs/simplicitystudio/v4/developer/toolchains/gnu_arm/7.2_2017q4/bin/../lib/gcc/arm-none-eabi/7.2.1/../../../../arm-none-eabi/lib/thumb/v7e-m/fpv4-sp/softfp\libc_nano.a(lib_a-sbrkr.o)
                0x00008aa8                _sbrk_r
 .text.setvbuf  0x00008ac8      0x15c c:/siliconlabs/simplicitystudio/v4/developer/toolchains/gnu_arm/7.2_2017q4/bin/../lib/gcc/arm-none-eabi/7.2.1/../../../../arm-none-eabi/lib/thumb/v7e-m/fpv4-sp/softfp\libc_nano.a(lib_a-setvbuf.o)
                0x00008ac8                setvbuf
 .text.__sread  0x00008c24       0x22 c:/siliconlabs/simplicitystudio/v4/developer/toolchains/gnu_arm/7.2_2017q4/bin/../lib/gcc/arm-none-eabi/7.2.1/../../../../arm-none-eabi/lib/thumb/v7e-m/fpv4-sp/softfp\libc_nano.a(lib_a-stdio.o)
                0x00008c24                __sread
 .text.__swrite
                0x00008c46       0x38 c:/siliconlabs/simplicitystudio/v4/developer/toolchains/gnu_arm/7.2_2017q4/bin/../lib/gcc/arm-none-eabi/7.2.1/../../../../arm-none-eabi/lib/thumb/v7e-m/fpv4-sp/softfp\libc_nano.a(lib_a-stdio.o)
                0x00008c46                __swrite
 .text.__sseek  0x00008c7e       0x24 c:/siliconlabs/simplicitystudio/v4/developer/toolchains/gnu_arm/7.2_2017q4/bin/../lib/gcc/arm-none-eabi/7.2.1/../../../../arm-none-eabi/lib/thumb/v7e-m/fpv4-sp/softfp\libc_nano.a(lib_a-stdio.o)
                0x00008c7e                __sseek
 .text.__sclose
                0x00008ca2        0x8 c:/siliconlabs/simplicitystudio/v4/developer/toolchains/gnu_arm/7.2_2017q4/bin/../lib/gcc/arm-none-eabi/7.2.1/../../../../arm-none-eabi/lib/thumb/v7e-m/fpv4-sp/softfp\libc_nano.a(lib_a-stdio.o)
                0x00008ca2                __sclose
 .text          0x00008caa       0x10 c:/siliconlabs/simplicitystudio/v4/developer/toolchains/gnu_arm/7.2_2017q4/bin/../lib/gcc/arm-none-eabi/7.2.1/../../../../arm-none-eabi/lib/thumb/v7e-m/fpv4-sp/softfp\libc_nano.a(lib_a-strlen.o)
                0x00008caa                strlen
 .text.strncmp  0x00008cba       0x24 c:/siliconlabs/simplicitystudio/v4/developer/toolchains/gnu_arm/7.2_2017q4/bin/../lib/gcc/arm-none-eabi/7.2.1/../../../../arm-none-eabi/lib/thumb/v7e-m/fpv4-sp/softfp\libc_nano.a(lib_a-strncmp.o)
                0x00008cba                strncmp
 .text.__ascii_wctomb
                0x00008cde       0x1a c:/siliconlabs/simplicitystudio/v4/developer/toolchains/gnu_arm/7.2_2017q4/bin/../lib/gcc/arm-none-eabi/7.2.1/../../../../arm-none-eabi/lib/thumb/v7e-m/fpv4-sp/softfp\libc_nano.a(lib_a-wctomb_r.o)
                0x00008cde                __ascii_wctomb
 .text._write_r
                0x00008cf8       0x24 c:/siliconlabs/simplicitystudio/v4/developer/toolchains/gnu_arm/7.2_2017q4/bin/../lib/gcc/arm-none-eabi/7.2.1/../../../../arm-none-eabi/lib/thumb/v7e-m/fpv4-sp/softfp\libc_nano.a(lib_a-writer.o)
                0x00008cf8                _write_r
 .text._close_r
                0x00008d1c       0x20 c:/siliconlabs/simplicitystudio/v4/developer/toolchains/gnu_arm/7.2_2017q4/bin/../lib/gcc/arm-none-eabi/7.2.1/../../../../arm-none-eabi/lib/thumb/v7e-m/fpv4-sp/softfp\libc_nano.a(lib_a-closer.o)
                0x00008d1c                _close_r
 .text.quorem   0x00008d3c      0x118 c:/siliconlabs/simplicitystudio/v4/developer/toolchains/gnu_arm/7.2_2017q4/bin/../lib/gcc/arm-none-eabi/7.2.1/../../../../arm-none-eabi/lib/thumb/v7e-m/fpv4-sp/softfp\libc_nano.a(lib_a-dtoa.o)
 *fill*         0x00008e54        0x4 
 .text._dtoa_r  0x00008e58      0xb7c c:/siliconlabs/simplicitystudio/v4/developer/toolchains/gnu_arm/7.2_2017q4/bin/../lib/gcc/arm-none-eabi/7.2.1/../../../../arm-none-eabi/lib/thumb/v7e-m/fpv4-sp/softfp\libc_nano.a(lib_a-dtoa.o)
                0x00008e58                _dtoa_r
 .text.__sflush_r
                0x000099d4      0x10c c:/siliconlabs/simplicitystudio/v4/developer/toolchains/gnu_arm/7.2_2017q4/bin/../lib/gcc/arm-none-eabi/7.2.1/../../../../arm-none-eabi/lib/thumb/v7e-m/fpv4-sp/softfp\libc_nano.a(lib_a-fflush.o)
                0x000099d4                __sflush_r
 .text._fflush_r
                0x00009ae0       0x54 c:/siliconlabs/simplicitystudio/v4/developer/toolchains/gnu_arm/7.2_2017q4/bin/../lib/gcc/arm-none-eabi/7.2.1/../../../../arm-none-eabi/lib/thumb/v7e-m/fpv4-sp/softfp\libc_nano.a(lib_a-fflush.o)
                0x00009ae0                _fflush_r
 .text._localeconv_r
                0x00009b34       0x1c c:/siliconlabs/simplicitystudio/v4/developer/toolchains/gnu_arm/7.2_2017q4/bin/../lib/gcc/arm-none-eabi/7.2.1/../../../../arm-none-eabi/lib/thumb/v7e-m/fpv4-sp/softfp\libc_nano.a(lib_a-localeconv.o)
                0x00009b34                _localeconv_r
 .text._lseek_r
                0x00009b50       0x24 c:/siliconlabs/simplicitystudio/v4/developer/toolchains/gnu_arm/7.2_2017q4/bin/../lib/gcc/arm-none-eabi/7.2.1/../../../../arm-none-eabi/lib/thumb/v7e-m/fpv4-sp/softfp\libc_nano.a(lib_a-lseekr.o)
                0x00009b50                _lseek_r
 .text.__swhatbuf_r
                0x00009b74       0x48 c:/siliconlabs/simplicitystudio/v4/developer/toolchains/gnu_arm/7.2_2017q4/bin/../lib/gcc/arm-none-eabi/7.2.1/../../../../arm-none-eabi/lib/thumb/v7e-m/fpv4-sp/softfp\libc_nano.a(lib_a-makebuf.o)
                0x00009b74                __swhatbuf_r
 .text.__smakebuf_r
                0x00009bbc       0x80 c:/siliconlabs/simplicitystudio/v4/developer/toolchains/gnu_arm/7.2_2017q4/bin/../lib/gcc/arm-none-eabi/7.2.1/../../../../arm-none-eabi/lib/thumb/v7e-m/fpv4-sp/softfp\libc_nano.a(lib_a-makebuf.o)
                0x00009bbc                __smakebuf_r
 .text.malloc   0x00009c3c       0x10 c:/siliconlabs/simplicitystudio/v4/developer/toolchains/gnu_arm/7.2_2017q4/bin/../lib/gcc/arm-none-eabi/7.2.1/../../../../arm-none-eabi/lib/thumb/v7e-m/fpv4-sp/softfp\libc_nano.a(lib_a-malloc.o)
                0x00009c3c                malloc
 *fill*         0x00009c4c        0x4 
 .text          0x00009c50       0xa0 c:/siliconlabs/simplicitystudio/v4/developer/toolchains/gnu_arm/7.2_2017q4/bin/../lib/gcc/arm-none-eabi/7.2.1/../../../../arm-none-eabi/lib/thumb/v7e-m/fpv4-sp/softfp\libc_nano.a(lib_a-memchr.o)
                0x00009c50                memchr
 .text.__malloc_lock
                0x00009cf0        0x2 c:/siliconlabs/simplicitystudio/v4/developer/toolchains/gnu_arm/7.2_2017q4/bin/../lib/gcc/arm-none-eabi/7.2.1/../../../../arm-none-eabi/lib/thumb/v7e-m/fpv4-sp/softfp\libc_nano.a(lib_a-mlock.o)
                0x00009cf0                __malloc_lock
 .text.__malloc_unlock
                0x00009cf2        0x2 c:/siliconlabs/simplicitystudio/v4/developer/toolchains/gnu_arm/7.2_2017q4/bin/../lib/gcc/arm-none-eabi/7.2.1/../../../../arm-none-eabi/lib/thumb/v7e-m/fpv4-sp/softfp\libc_nano.a(lib_a-mlock.o)
                0x00009cf2                __malloc_unlock
 .text._Balloc  0x00009cf4       0x68 c:/siliconlabs/simplicitystudio/v4/developer/toolchains/gnu_arm/7.2_2017q4/bin/../lib/gcc/arm-none-eabi/7.2.1/../../../../arm-none-eabi/lib/thumb/v7e-m/fpv4-sp/softfp\libc_nano.a(lib_a-mprec.o)
                0x00009cf4                _Balloc
 .text._Bfree   0x00009d5c       0x2e c:/siliconlabs/simplicitystudio/v4/developer/toolchains/gnu_arm/7.2_2017q4/bin/../lib/gcc/arm-none-eabi/7.2.1/../../../../arm-none-eabi/lib/thumb/v7e-m/fpv4-sp/softfp\libc_nano.a(lib_a-mprec.o)
                0x00009d5c                _Bfree
 .text.__multadd
                0x00009d8a       0x76 c:/siliconlabs/simplicitystudio/v4/developer/toolchains/gnu_arm/7.2_2017q4/bin/../lib/gcc/arm-none-eabi/7.2.1/../../../../arm-none-eabi/lib/thumb/v7e-m/fpv4-sp/softfp\libc_nano.a(lib_a-mprec.o)
                0x00009d8a                __multadd
 .text.__hi0bits
                0x00009e00       0x3e c:/siliconlabs/simplicitystudio/v4/developer/toolchains/gnu_arm/7.2_2017q4/bin/../lib/gcc/arm-none-eabi/7.2.1/../../../../arm-none-eabi/lib/thumb/v7e-m/fpv4-sp/softfp\libc_nano.a(lib_a-mprec.o)
                0x00009e00                __hi0bits
 .text.__lo0bits
                0x00009e3e       0x5e c:/siliconlabs/simplicitystudio/v4/developer/toolchains/gnu_arm/7.2_2017q4/bin/../lib/gcc/arm-none-eabi/7.2.1/../../../../arm-none-eabi/lib/thumb/v7e-m/fpv4-sp/softfp\libc_nano.a(lib_a-mprec.o)
                0x00009e3e                __lo0bits
 .text.__i2b    0x00009e9c       0x12 c:/siliconlabs/simplicitystudio/v4/developer/toolchains/gnu_arm/7.2_2017q4/bin/../lib/gcc/arm-none-eabi/7.2.1/../../../../arm-none-eabi/lib/thumb/v7e-m/fpv4-sp/softfp\libc_nano.a(lib_a-mprec.o)
                0x00009e9c                __i2b
 .text.__multiply
                0x00009eae      0x12c c:/siliconlabs/simplicitystudio/v4/developer/toolchains/gnu_arm/7.2_2017q4/bin/../lib/gcc/arm-none-eabi/7.2.1/../../../../arm-none-eabi/lib/thumb/v7e-m/fpv4-sp/softfp\libc_nano.a(lib_a-mprec.o)
                0x00009eae                __multiply
 *fill*         0x00009fda        0x2 
 .text.__pow5mult
                0x00009fdc       0x9c c:/siliconlabs/simplicitystudio/v4/developer/toolchains/gnu_arm/7.2_2017q4/bin/../lib/gcc/arm-none-eabi/7.2.1/../../../../arm-none-eabi/lib/thumb/v7e-m/fpv4-sp/softfp\libc_nano.a(lib_a-mprec.o)
                0x00009fdc                __pow5mult
 .text.__lshift
                0x0000a078       0xa8 c:/siliconlabs/simplicitystudio/v4/developer/toolchains/gnu_arm/7.2_2017q4/bin/../lib/gcc/arm-none-eabi/7.2.1/../../../../arm-none-eabi/lib/thumb/v7e-m/fpv4-sp/softfp\libc_nano.a(lib_a-mprec.o)
                0x0000a078                __lshift
 .text.__mcmp   0x0000a120       0x34 c:/siliconlabs/simplicitystudio/v4/developer/toolchains/gnu_arm/7.2_2017q4/bin/../lib/gcc/arm-none-eabi/7.2.1/../../../../arm-none-eabi/lib/thumb/v7e-m/fpv4-sp/softfp\libc_nano.a(lib_a-mprec.o)
                0x0000a120                __mcmp
 .text.__mdiff  0x0000a154       0xba c:/siliconlabs/simplicitystudio/v4/developer/toolchains/gnu_arm/7.2_2017q4/bin/../lib/gcc/arm-none-eabi/7.2.1/../../../../arm-none-eabi/lib/thumb/v7e-m/fpv4-sp/softfp\libc_nano.a(lib_a-mprec.o)
                0x0000a154                __mdiff
 .text.__d2b    0x0000a20e       0x9e c:/siliconlabs/simplicitystudio/v4/developer/toolchains/gnu_arm/7.2_2017q4/bin/../lib/gcc/arm-none-eabi/7.2.1/../../../../arm-none-eabi/lib/thumb/v7e-m/fpv4-sp/softfp\libc_nano.a(lib_a-mprec.o)
                0x0000a20e                __d2b
 .text._calloc_r
                0x0000a2ac       0x1c c:/siliconlabs/simplicitystudio/v4/developer/toolchains/gnu_arm/7.2_2017q4/bin/../lib/gcc/arm-none-eabi/7.2.1/../../../../arm-none-eabi/lib/thumb/v7e-m/fpv4-sp/softfp\libc_nano.a(lib_a-nano-callocr.o)
                0x0000a2ac                _calloc_r
 .text._free_r  0x0000a2c8       0x9c c:/siliconlabs/simplicitystudio/v4/developer/toolchains/gnu_arm/7.2_2017q4/bin/../lib/gcc/arm-none-eabi/7.2.1/../../../../arm-none-eabi/lib/thumb/v7e-m/fpv4-sp/softfp\libc_nano.a(lib_a-nano-freer.o)
                0x0000a2c8                _free_r
 .text.__sfputc_r
                0x0000a364       0x2e c:/siliconlabs/simplicitystudio/v4/developer/toolchains/gnu_arm/7.2_2017q4/bin/../lib/gcc/arm-none-eabi/7.2.1/../../../../arm-none-eabi/lib/thumb/v7e-m/fpv4-sp/softfp\libc_nano.a(lib_a-nano-vfprintf.o)
 .text.__sfputs_r
                0x0000a392       0x24 c:/siliconlabs/simplicitystudio/v4/developer/toolchains/gnu_arm/7.2_2017q4/bin/../lib/gcc/arm-none-eabi/7.2.1/../../../../arm-none-eabi/lib/thumb/v7e-m/fpv4-sp/softfp\libc_nano.a(lib_a-nano-vfprintf.o)
                0x0000a392                __sfputs_r
 *fill*         0x0000a3b6        0x2 
 .text._vfprintf_r
                0x0000a3b8      0x228 c:/siliconlabs/simplicitystudio/v4/developer/toolchains/gnu_arm/7.2_2017q4/bin/../lib/gcc/arm-none-eabi/7.2.1/../../../../arm-none-eabi/lib/thumb/v7e-m/fpv4-sp/softfp\libc_nano.a(lib_a-nano-vfprintf.o)
                0x0000a3b8                _vfprintf_r
                0x0000a3b8                _vfiprintf_r
 .text._read_r  0x0000a5e0       0x24 c:/siliconlabs/simplicitystudio/v4/developer/toolchains/gnu_arm/7.2_2017q4/bin/../lib/gcc/arm-none-eabi/7.2.1/../../../../arm-none-eabi/lib/thumb/v7e-m/fpv4-sp/softfp\libc_nano.a(lib_a-readr.o)
                0x0000a5e0                _read_r
 .text.__swbuf_r
                0x0000a604       0xa4 c:/siliconlabs/simplicitystudio/v4/developer/toolchains/gnu_arm/7.2_2017q4/bin/../lib/gcc/arm-none-eabi/7.2.1/../../../../arm-none-eabi/lib/thumb/v7e-m/fpv4-sp/softfp\libc_nano.a(lib_a-wbuf.o)
                0x0000a604                __swbuf_r
 .text.__swsetup_r
                0x0000a6a8       0xdc c:/siliconlabs/simplicitystudio/v4/developer/toolchains/gnu_arm/7.2_2017q4/bin/../lib/gcc/arm-none-eabi/7.2.1/../../../../arm-none-eabi/lib/thumb/v7e-m/fpv4-sp/softfp\libc_nano.a(lib_a-wsetup.o)
                0x0000a6a8                __swsetup_r
 .text._fstat_r
                0x0000a784       0x24 c:/siliconlabs/simplicitystudio/v4/developer/toolchains/gnu_arm/7.2_2017q4/bin/../lib/gcc/arm-none-eabi/7.2.1/../../../../arm-none-eabi/lib/thumb/v7e-m/fpv4-sp/softfp\libc_nano.a(lib_a-fstatr.o)
                0x0000a784                _fstat_r
 .text._isatty_r
                0x0000a7a8       0x20 c:/siliconlabs/simplicitystudio/v4/developer/toolchains/gnu_arm/7.2_2017q4/bin/../lib/gcc/arm-none-eabi/7.2.1/../../../../arm-none-eabi/lib/thumb/v7e-m/fpv4-sp/softfp\libc_nano.a(lib_a-isattyr.o)
                0x0000a7a8                _isatty_r
 .text          0x0000a7c8      0x424 c:/siliconlabs/simplicitystudio/v4/developer/toolchains/gnu_arm/7.2_2017q4/bin/../lib/gcc/arm-none-eabi/7.2.1/thumb/v7e-m/fpv4-sp/softfp\libgcc.a(_arm_muldivdf3.o)
                0x0000a7c8                __aeabi_dmul
                0x0000a7c8                __muldf3
                0x0000aa1c                __divdf3
                0x0000aa1c                __aeabi_ddiv
 .text          0x0000abec      0x110 c:/siliconlabs/simplicitystudio/v4/developer/toolchains/gnu_arm/7.2_2017q4/bin/../lib/gcc/arm-none-eabi/7.2.1/thumb/v7e-m/fpv4-sp/softfp\libgcc.a(_arm_cmpdf2.o)
                0x0000abec                __gtdf2
                0x0000abec                __gedf2
                0x0000abf4                __ltdf2
                0x0000abf4                __ledf2
                0x0000abfc                __nedf2
                0x0000abfc                __eqdf2
                0x0000abfc                __cmpdf2
                0x0000ac78                __aeabi_cdrcmple
                0x0000ac88                __aeabi_cdcmpeq
                0x0000ac88                __aeabi_cdcmple
                0x0000ac98                __aeabi_dcmpeq
                0x0000acac                __aeabi_dcmplt
                0x0000acc0                __aeabi_dcmple
                0x0000acd4                __aeabi_dcmpge
                0x0000ace8                __aeabi_dcmpgt
 .text          0x0000acfc       0x2c c:/siliconlabs/simplicitystudio/v4/developer/toolchains/gnu_arm/7.2_2017q4/bin/../lib/gcc/arm-none-eabi/7.2.1/thumb/v7e-m/fpv4-sp/softfp\libgcc.a(_arm_unorddf2.o)
                0x0000acfc                __unorddf2
                0x0000acfc                __aeabi_dcmpun
 .text          0x0000ad28       0x50 c:/siliconlabs/simplicitystudio/v4/developer/toolchains/gnu_arm/7.2_2017q4/bin/../lib/gcc/arm-none-eabi/7.2.1/thumb/v7e-m/fpv4-sp/softfp\libgcc.a(_arm_fixdfsi.o)
                0x0000ad28                __aeabi_d2iz
                0x0000ad28                __fixdfsi
 *(.init)
 .init          0x0000ad78        0x4 c:/siliconlabs/simplicitystudio/v4/developer/toolchains/gnu_arm/7.2_2017q4/bin/../lib/gcc/arm-none-eabi/7.2.1/thumb/v7e-m/fpv4-sp/softfp/crti.o
                0x0000ad78                _init
 .init          0x0000ad7c        0x8 c:/siliconlabs/simplicitystudio/v4/developer/toolchains/gnu_arm/7.2_2017q4/bin/../lib/gcc/arm-none-eabi/7.2.1/thumb/v7e-m/fpv4-sp/softfp/crtn.o
 *(.fini)
 .fini          0x0000ad84        0x4 c:/siliconlabs/simplicitystudio/v4/developer/toolchains/gnu_arm/7.2_2017q4/bin/../lib/gcc/arm-none-eabi/7.2.1/thumb/v7e-m/fpv4-sp/softfp/crti.o
                0x0000ad84                _fini
 .fini          0x0000ad88        0x8 c:/siliconlabs/simplicitystudio/v4/developer/toolchains/gnu_arm/7.2_2017q4/bin/../lib/gcc/arm-none-eabi/7.2.1/thumb/v7e-m/fpv4-sp/softfp/crtn.o
 *crtbegin.o(.ctors)
 *crtbegin?.o(.ctors)
 *(EXCLUDE_FILE(*crtend.o *crtend?.o) .ctors)
 *(SORT_BY_NAME(.ctors.*))
 *(.ctors)
 *crtbegin.o(.dtors)
 *crtbegin?.o(.dtors)
 *(EXCLUDE_FILE(*crtend.o *crtend?.o) .dtors)
 *(SORT_BY_NAME(.dtors.*))
 *(.dtors)
 *(.rodata*)
 .rodata        0x0000ad90       0x15 ./Drivers/displayls013b7dh03.o
 *fill*         0x0000ada5        0x3 
 .rodata        0x0000ada8       0x7c ./Drivers/displaypalemlib.o
 .rodata.heaperr.7782
                0x0000ae24       0x1a ./Drivers/retargetio.o
 *fill*         0x0000ae3e        0x2 
 .rodata.chars_6x8_bits
                0x0000ae40      0x320 ./Drivers/textdisplay.o
 .rodata.escapeSequences.6263
                0x0000b160       0x18 ./Drivers/textdisplay.o
 .rodata        0x0000b178        0x9 ./Drivers/udelay.o
 *fill*         0x0000b181        0x3 
 .rodata        0x0000b184       0x63 ./emlib/em_adc.o
 *fill*         0x0000b1e7        0x1 
 .rodata        0x0000b1e8       0xc7 ./emlib/em_cmu.o
 *fill*         0x0000b2af        0x1 
 .rodata        0x0000b2b0       0x63 ./emlib/em_emu.o
 *fill*         0x0000b313        0x1 
 .rodata        0x0000b314       0xc8 ./emlib/em_gpio.o
 .rodata        0x0000b3dc       0x64 ./emlib/em_ldma.o
 .rodata        0x0000b440       0x63 ./emlib/em_prs.o
 *fill*         0x0000b4a3        0x1 
 .rodata        0x0000b4a4       0x64 ./emlib/em_rtcc.o
 .rodata        0x0000b508       0x66 ./emlib/em_system.o
 *fill*         0x0000b56e        0x2 
 .rodata        0x0000b570       0x65 ./emlib/em_usart.o
 *fill*         0x0000b5d5        0x3 
 .rodata        0x0000b5d8      0x4d4 ./src/main_adc_example_gecko_s1.o
 .rodata.__sf_fake_stderr
                0x0000baac       0x20 c:/siliconlabs/simplicitystudio/v4/developer/toolchains/gnu_arm/7.2_2017q4/bin/../lib/gcc/arm-none-eabi/7.2.1/../../../../arm-none-eabi/lib/thumb/v7e-m/fpv4-sp/softfp\libc_nano.a(lib_a-findfp.o)
                0x0000baac                __sf_fake_stderr
 .rodata.__sf_fake_stdin
                0x0000bacc       0x20 c:/siliconlabs/simplicitystudio/v4/developer/toolchains/gnu_arm/7.2_2017q4/bin/../lib/gcc/arm-none-eabi/7.2.1/../../../../arm-none-eabi/lib/thumb/v7e-m/fpv4-sp/softfp\libc_nano.a(lib_a-findfp.o)
                0x0000bacc                __sf_fake_stdin
 .rodata.__sf_fake_stdout
                0x0000baec       0x20 c:/siliconlabs/simplicitystudio/v4/developer/toolchains/gnu_arm/7.2_2017q4/bin/../lib/gcc/arm-none-eabi/7.2.1/../../../../arm-none-eabi/lib/thumb/v7e-m/fpv4-sp/softfp\libc_nano.a(lib_a-findfp.o)
                0x0000baec                __sf_fake_stdout
 .rodata._global_impure_ptr
                0x0000bb0c        0x4 c:/siliconlabs/simplicitystudio/v4/developer/toolchains/gnu_arm/7.2_2017q4/bin/../lib/gcc/arm-none-eabi/7.2.1/../../../../arm-none-eabi/lib/thumb/v7e-m/fpv4-sp/softfp\libc_nano.a(lib_a-impure.o)
                0x0000bb0c                _global_impure_ptr
 .rodata._setlocale_r.str1.1
                0x0000bb10        0x8 c:/siliconlabs/simplicitystudio/v4/developer/toolchains/gnu_arm/7.2_2017q4/bin/../lib/gcc/arm-none-eabi/7.2.1/../../../../arm-none-eabi/lib/thumb/v7e-m/fpv4-sp/softfp\libc_nano.a(lib_a-locale.o)
                                  0x9 (size before relaxing)
 .rodata.str1.1
                0x0000bb18        0x2 c:/siliconlabs/simplicitystudio/v4/developer/toolchains/gnu_arm/7.2_2017q4/bin/../lib/gcc/arm-none-eabi/7.2.1/../../../../arm-none-eabi/lib/thumb/v7e-m/fpv4-sp/softfp\libc_nano.a(lib_a-locale.o)
 .rodata._printf_float.str1.1
                0x0000bb1a       0x12 c:/siliconlabs/simplicitystudio/v4/developer/toolchains/gnu_arm/7.2_2017q4/bin/../lib/gcc/arm-none-eabi/7.2.1/../../../../arm-none-eabi/lib/thumb/v7e-m/fpv4-sp/softfp\libc_nano.a(lib_a-nano-vfprintf_float.o)
 .rodata._printf_i.str1.1
                0x0000bb2c       0x22 c:/siliconlabs/simplicitystudio/v4/developer/toolchains/gnu_arm/7.2_2017q4/bin/../lib/gcc/arm-none-eabi/7.2.1/../../../../arm-none-eabi/lib/thumb/v7e-m/fpv4-sp/softfp\libc_nano.a(lib_a-nano-vfprintf_i.o)
 .rodata._ctype_
                0x0000bb4e      0x101 c:/siliconlabs/simplicitystudio/v4/developer/toolchains/gnu_arm/7.2_2017q4/bin/../lib/gcc/arm-none-eabi/7.2.1/../../../../arm-none-eabi/lib/thumb/v7e-m/fpv4-sp/softfp\libc_nano.a(lib_a-ctype_.o)
                0x0000bb4e                _ctype_
 .rodata._dtoa_r.str1.1
                0x0000bc4f        0xd c:/siliconlabs/simplicitystudio/v4/developer/toolchains/gnu_arm/7.2_2017q4/bin/../lib/gcc/arm-none-eabi/7.2.1/../../../../arm-none-eabi/lib/thumb/v7e-m/fpv4-sp/softfp\libc_nano.a(lib_a-dtoa.o)
                                  0xf (size before relaxing)
 *fill*         0x0000bc5c        0x4 
 .rodata.__mprec_bigtens
                0x0000bc60       0x28 c:/siliconlabs/simplicitystudio/v4/developer/toolchains/gnu_arm/7.2_2017q4/bin/../lib/gcc/arm-none-eabi/7.2.1/../../../../arm-none-eabi/lib/thumb/v7e-m/fpv4-sp/softfp\libc_nano.a(lib_a-mprec.o)
                0x0000bc60                __mprec_bigtens
 .rodata.__mprec_tens
                0x0000bc88       0xc8 c:/siliconlabs/simplicitystudio/v4/developer/toolchains/gnu_arm/7.2_2017q4/bin/../lib/gcc/arm-none-eabi/7.2.1/../../../../arm-none-eabi/lib/thumb/v7e-m/fpv4-sp/softfp\libc_nano.a(lib_a-mprec.o)
                0x0000bc88                __mprec_tens
 .rodata.p05.7359
                0x0000bd50        0xc c:/siliconlabs/simplicitystudio/v4/developer/toolchains/gnu_arm/7.2_2017q4/bin/../lib/gcc/arm-none-eabi/7.2.1/../../../../arm-none-eabi/lib/thumb/v7e-m/fpv4-sp/softfp\libc_nano.a(lib_a-mprec.o)
 .rodata._vfprintf_r.str1.1
                0x0000bd5c       0x11 c:/siliconlabs/simplicitystudio/v4/developer/toolchains/gnu_arm/7.2_2017q4/bin/../lib/gcc/arm-none-eabi/7.2.1/../../../../arm-none-eabi/lib/thumb/v7e-m/fpv4-sp/softfp\libc_nano.a(lib_a-nano-vfprintf.o)
 *(.eh_frame*)
 *fill*         0x0000bd6d        0x3 
 .eh_frame      0x0000bd70        0x0 c:/siliconlabs/simplicitystudio/v4/developer/toolchains/gnu_arm/7.2_2017q4/bin/../lib/gcc/arm-none-eabi/7.2.1/thumb/v7e-m/fpv4-sp/softfp/crtbegin.o
 .eh_frame      0x0000bd70        0x4 c:/siliconlabs/simplicitystudio/v4/developer/toolchains/gnu_arm/7.2_2017q4/bin/../lib/gcc/arm-none-eabi/7.2.1/thumb/v7e-m/fpv4-sp/softfp/crtend.o

.glue_7         0x0000bd74        0x0
 .glue_7        0x0000bd74        0x0 linker stubs

.glue_7t        0x0000bd74        0x0
 .glue_7t       0x0000bd74        0x0 linker stubs

.vfp11_veneer   0x0000bd74        0x0
 .vfp11_veneer  0x0000bd74        0x0 linker stubs

.v4_bx          0x0000bd74        0x0
 .v4_bx         0x0000bd74        0x0 linker stubs

.iplt           0x0000bd74        0x0
 .iplt          0x0000bd74        0x0 c:/siliconlabs/simplicitystudio/v4/developer/toolchains/gnu_arm/7.2_2017q4/bin/../lib/gcc/arm-none-eabi/7.2.1/thumb/v7e-m/fpv4-sp/softfp/crtbegin.o

.ARM.extab
 *(.ARM.extab* .gnu.linkonce.armextab.*)
                0x0000bd74                __exidx_start = .

.ARM.exidx      0x0000bd74        0x8
 *(.ARM.exidx* .gnu.linkonce.armexidx.*)
 .ARM.exidx     0x0000bd74        0x8 c:/siliconlabs/simplicitystudio/v4/developer/toolchains/gnu_arm/7.2_2017q4/bin/../lib/gcc/arm-none-eabi/7.2.1/../../../../arm-none-eabi/lib/thumb/v7e-m/fpv4-sp/softfp/crt0.o
                0x0000bd7c                __exidx_end = .
                0x0000bd7c                __etext = .

.rel.dyn        0x0000bd7c        0x0
 .rel.iplt      0x0000bd7c        0x0 c:/siliconlabs/simplicitystudio/v4/developer/toolchains/gnu_arm/7.2_2017q4/bin/../lib/gcc/arm-none-eabi/7.2.1/thumb/v7e-m/fpv4-sp/softfp/crtbegin.o

.data           0x20000000      0x20c load address 0x0000bd7c
                0x20000000                __data_start__ = .
 *(vtable)
 *(.data*)
 .data.SystemHFXOClock
                0x20000000        0x4 ./CMSIS/EFM32PG1B/system_efm32pg1b.o
 .data.SystemLFXOClock
                0x20000004        0x4 ./CMSIS/EFM32PG1B/system_efm32pg1b.o
 .data.SystemCoreClock
                0x20000008        0x4 ./CMSIS/EFM32PG1B/system_efm32pg1b.o
                0x20000008                SystemCoreClock
 .data.SystemHfrcoFreq
                0x2000000c        0x4 ./CMSIS/EFM32PG1B/system_efm32pg1b.o
                0x2000000c                SystemHfrcoFreq
 .data.pDisplayDeviceDriverInitFunctions
                0x20000010        0x8 ./Drivers/display.o
 .data.pixelMatrixPool
                0x20000018        0x4 ./Drivers/displayls013b7dh03.o
 .data.charBufferTbl
                0x2000001c       0x10 ./Drivers/textdisplay.o
 .data.loops_per_jiffy
                0x2000002c        0x4 ./Drivers/udelay.o
                0x2000002c                loops_per_jiffy
 .data.auxHfrcoFreq
                0x20000030        0x4 ./emlib/em_cmu.o
 .data._impure_ptr
                0x20000034        0x4 c:/siliconlabs/simplicitystudio/v4/developer/toolchains/gnu_arm/7.2_2017q4/bin/../lib/gcc/arm-none-eabi/7.2.1/../../../../arm-none-eabi/lib/thumb/v7e-m/fpv4-sp/softfp\libc_nano.a(lib_a-impure.o)
                0x20000034                _impure_ptr
 .data.impure_data
                0x20000038       0x60 c:/siliconlabs/simplicitystudio/v4/developer/toolchains/gnu_arm/7.2_2017q4/bin/../lib/gcc/arm-none-eabi/7.2.1/../../../../arm-none-eabi/lib/thumb/v7e-m/fpv4-sp/softfp\libc_nano.a(lib_a-impure.o)
 .data.__global_locale
                0x20000098      0x16c c:/siliconlabs/simplicitystudio/v4/developer/toolchains/gnu_arm/7.2_2017q4/bin/../lib/gcc/arm-none-eabi/7.2.1/../../../../arm-none-eabi/lib/thumb/v7e-m/fpv4-sp/softfp\libc_nano.a(lib_a-locale.o)
                0x20000098                __global_locale
                0x20000204                . = ALIGN (0x4)
 *(.ram)
                0x20000204                . = ALIGN (0x4)
                0x20000204                PROVIDE (__preinit_array_start, .)
 *(.preinit_array)
                0x20000204                PROVIDE (__preinit_array_end, .)
                0x20000204                . = ALIGN (0x4)
                0x20000204                PROVIDE (__init_array_start, .)
 *(SORT_BY_NAME(.init_array.*))
 *(.init_array)
 .init_array    0x20000204        0x4 c:/siliconlabs/simplicitystudio/v4/developer/toolchains/gnu_arm/7.2_2017q4/bin/../lib/gcc/arm-none-eabi/7.2.1/thumb/v7e-m/fpv4-sp/softfp/crtbegin.o
                0x20000208                PROVIDE (__init_array_end, .)
                0x20000208                . = ALIGN (0x4)
                [!provide]                PROVIDE (__fini_array_start, .)
 *(SORT_BY_NAME(.fini_array.*))
 *(.fini_array)
 .fini_array    0x20000208        0x4 c:/siliconlabs/simplicitystudio/v4/developer/toolchains/gnu_arm/7.2_2017q4/bin/../lib/gcc/arm-none-eabi/7.2.1/thumb/v7e-m/fpv4-sp/softfp/crtbegin.o
                [!provide]                PROVIDE (__fini_array_end, .)
 *(.jcr*)
                0x2000020c                . = ALIGN (0x4)
                0x2000020c                __data_end__ = .

.igot.plt       0x2000020c        0x0 load address 0x0000bf88
 .igot.plt      0x2000020c        0x0 c:/siliconlabs/simplicitystudio/v4/developer/toolchains/gnu_arm/7.2_2017q4/bin/../lib/gcc/arm-none-eabi/7.2.1/thumb/v7e-m/fpv4-sp/softfp/crtbegin.o

.bss            0x2000020c      0x434 load address 0x0000bf88
                0x2000020c                . = ALIGN (0x4)
                0x2000020c                __bss_start__ = .
 *(.bss*)
 .bss           0x2000020c       0x1c c:/siliconlabs/simplicitystudio/v4/developer/toolchains/gnu_arm/7.2_2017q4/bin/../lib/gcc/arm-none-eabi/7.2.1/thumb/v7e-m/fpv4-sp/softfp/crtbegin.o
 .bss.deviceTable
                0x20000228       0x2c ./Drivers/display.o
 .bss.moduleInitialized
                0x20000254        0x1 ./Drivers/display.o
 *fill*         0x20000255        0x3 
 .bss.devicesRegistered
                0x20000258        0x4 ./Drivers/display.o
 .bss.lcdPolarity
                0x2000025c        0x1 ./Drivers/displayls013b7dh03.o
 *fill*         0x2000025d        0x3 
 .bss.pixelMatrixPoolBase
                0x20000260       0x80 ./Drivers/displayls013b7dh03.o
 .bss.heap_end.7780
                0x200002e0        0x4 ./Drivers/retargetio.o
 .bss.textDisplayHandle
                0x200002e4        0x4 ./Drivers/retargettextdisplay.o
                0x200002e4                textDisplayHandle
 .bss.textdisplayTbl
                0x200002e8       0x58 ./Drivers/textdisplay.o
 .bss.escapeSequence.6262
                0x20000340        0x4 ./Drivers/textdisplay.o
 .bss.errataFixDcdcHsState
                0x20000344        0x1 ./emlib/em_emu.o
 *fill*         0x20000345        0x1 
 .bss.dcdcMaxCurrent_mA
                0x20000346        0x2 ./emlib/em_emu.o
 .bss.dcdcEm01LoadCurrent_mA
                0x20000348        0x2 ./emlib/em_emu.o
 .bss.dcdcReverseCurrentControl
                0x2000034a        0x2 ./emlib/em_emu.o
 .bss.cmuStatus.7130
                0x2000034c        0x4 ./emlib/em_emu.o
 .bss.hfClock.7131
                0x20000350        0x1 ./emlib/em_emu.o
 *fill*         0x20000351        0x3 
 .bss.emuDcdcMiscCtrlReg.7138
                0x20000354        0x4 ./emlib/em_emu.o
 .bss.__malloc_free_list
                0x20000358        0x4 c:/siliconlabs/simplicitystudio/v4/developer/toolchains/gnu_arm/7.2_2017q4/bin/../lib/gcc/arm-none-eabi/7.2.1/../../../../arm-none-eabi/lib/thumb/v7e-m/fpv4-sp/softfp\libc_nano.a(lib_a-nano-mallocr.o)
                0x20000358                __malloc_free_list
 .bss.__malloc_sbrk_start
                0x2000035c        0x4 c:/siliconlabs/simplicitystudio/v4/developer/toolchains/gnu_arm/7.2_2017q4/bin/../lib/gcc/arm-none-eabi/7.2.1/../../../../arm-none-eabi/lib/thumb/v7e-m/fpv4-sp/softfp\libc_nano.a(lib_a-nano-mallocr.o)
                0x2000035c                __malloc_sbrk_start
 *(COMMON)
 COMMON         0x20000360      0x190 ./Drivers/textdisplay.o
                0x20000360                charBufferDevice0
                0x200004b0                charArrayDevice0
 COMMON         0x200004f0      0x149 ./src/main_adc_example_gecko_s1.o
                0x200004f0                adcBuffer
                0x200005f0                runKey
                0x200005f4                descLink0
                0x20000604                adcIntFlag
                0x20000608                menuLevel
                0x2000060c                displayDevice
                0x20000638                menuKey
 *fill*         0x20000639        0x3 
 COMMON         0x2000063c        0x4 c:/siliconlabs/simplicitystudio/v4/developer/toolchains/gnu_arm/7.2_2017q4/bin/../lib/gcc/arm-none-eabi/7.2.1/../../../../arm-none-eabi/lib/thumb/v7e-m/fpv4-sp/softfp\libc_nano.a(lib_a-reent.o)
                0x2000063c                errno
                0x20000640                . = ALIGN (0x4)
                0x20000640                __bss_end__ = .

.heap           0x20000640      0xc00
                0x20000640                __HeapBase = .
                0x20000640                __end__ = .
                0x20000640                end = __end__
                0x20000640                _end = __end__
 *(.heap*)
 .heap          0x20000640      0xc00 ./CMSIS/EFM32PG1B/startup_efm32pg1b.o
                0x20001240                __HeapLimit = .

.stack_dummy    0x20000640      0x400
 *(.stack*)
 .stack         0x20000640      0x400 ./CMSIS/EFM32PG1B/startup_efm32pg1b.o
                0x20008000                __StackTop = (ORIGIN (RAM) + LENGTH (RAM))
                0x20007c00                __StackLimit = (__StackTop - SIZEOF (.stack_dummy))
                0x20008000                PROVIDE (__stack, __StackTop)
                0x00000001                ASSERT ((__StackLimit >= __HeapLimit), region RAM overflowed with stack)
                0x00000001                ASSERT ((LENGTH (FLASH) >= (__etext + SIZEOF (.data))), FLASH memory overflowed !)
OUTPUT(SLSTK3401A_adc_example.axf elf32-littlearm)

.ARM.attributes
                0x00000000       0x2e
 .ARM.attributes
                0x00000000       0x22 c:/siliconlabs/simplicitystudio/v4/developer/toolchains/gnu_arm/7.2_2017q4/bin/../lib/gcc/arm-none-eabi/7.2.1/thumb/v7e-m/fpv4-sp/softfp/crti.o
 .ARM.attributes
                0x00000022       0x32 c:/siliconlabs/simplicitystudio/v4/developer/toolchains/gnu_arm/7.2_2017q4/bin/../lib/gcc/arm-none-eabi/7.2.1/thumb/v7e-m/fpv4-sp/softfp/crtbegin.o
 .ARM.attributes
                0x00000054       0x20 c:/siliconlabs/simplicitystudio/v4/developer/toolchains/gnu_arm/7.2_2017q4/bin/../lib/gcc/arm-none-eabi/7.2.1/../../../../arm-none-eabi/lib/thumb/v7e-m/fpv4-sp/softfp/crt0.o
 .ARM.attributes
                0x00000074       0x1f ./CMSIS/EFM32PG1B/startup_efm32pg1b.o
 .ARM.attributes
                0x00000093       0x37 ./CMSIS/EFM32PG1B/system_efm32pg1b.o
 .ARM.attributes
                0x000000ca       0x37 ./Drivers/display.o
 .ARM.attributes
                0x00000101       0x37 ./Drivers/displayls013b7dh03.o
 .ARM.attributes
                0x00000138       0x37 ./Drivers/displaypalemlib.o
 .ARM.attributes
                0x0000016f       0x37 ./Drivers/retargetio.o
 .ARM.attributes
                0x000001a6       0x37 ./Drivers/retargettextdisplay.o
 .ARM.attributes
                0x000001dd       0x37 ./Drivers/textdisplay.o
 .ARM.attributes
                0x00000214       0x37 ./Drivers/udelay.o
 .ARM.attributes
                0x0000024b       0x37 ./emlib/em_adc.o
 .ARM.attributes
                0x00000282       0x37 ./emlib/em_assert.o
 .ARM.attributes
                0x000002b9       0x37 ./emlib/em_cmu.o
 .ARM.attributes
                0x000002f0       0x37 ./emlib/em_core.o
 .ARM.attributes
                0x00000327       0x37 ./emlib/em_emu.o
 .ARM.attributes
                0x0000035e       0x37 ./emlib/em_gpio.o
 .ARM.attributes
                0x00000395       0x37 ./emlib/em_ldma.o
 .ARM.attributes
                0x000003cc       0x37 ./emlib/em_prs.o
 .ARM.attributes
                0x00000403       0x37 ./emlib/em_rtcc.o
 .ARM.attributes
                0x0000043a       0x37 ./emlib/em_system.o
 .ARM.attributes
                0x00000471       0x37 ./emlib/em_usart.o
 .ARM.attributes
                0x000004a8       0x37 ./src/main_adc_example_gecko_s1.o
 .ARM.attributes
                0x000004df       0x22 c:/siliconlabs/simplicitystudio/v4/developer/toolchains/gnu_arm/7.2_2017q4/bin/../lib/gcc/arm-none-eabi/7.2.1/thumb/v7e-m/fpv4-sp/softfp\libgcc.a(_arm_addsubdf3.o)
 .ARM.attributes
                0x00000501       0x32 c:/siliconlabs/simplicitystudio/v4/developer/toolchains/gnu_arm/7.2_2017q4/bin/../lib/gcc/arm-none-eabi/7.2.1/../../../../arm-none-eabi/lib/thumb/v7e-m/fpv4-sp/softfp\libc_nano.a(lib_a-exit.o)
 .ARM.attributes
                0x00000533       0x32 c:/siliconlabs/simplicitystudio/v4/developer/toolchains/gnu_arm/7.2_2017q4/bin/../lib/gcc/arm-none-eabi/7.2.1/../../../../arm-none-eabi/lib/thumb/v7e-m/fpv4-sp/softfp\libc_nano.a(lib_a-fileno.o)
 .ARM.attributes
                0x00000565       0x32 c:/siliconlabs/simplicitystudio/v4/developer/toolchains/gnu_arm/7.2_2017q4/bin/../lib/gcc/arm-none-eabi/7.2.1/../../../../arm-none-eabi/lib/thumb/v7e-m/fpv4-sp/softfp\libc_nano.a(lib_a-findfp.o)
 .ARM.attributes
                0x00000597       0x32 c:/siliconlabs/simplicitystudio/v4/developer/toolchains/gnu_arm/7.2_2017q4/bin/../lib/gcc/arm-none-eabi/7.2.1/../../../../arm-none-eabi/lib/thumb/v7e-m/fpv4-sp/softfp\libc_nano.a(lib_a-fwalk.o)
 .ARM.attributes
                0x000005c9       0x32 c:/siliconlabs/simplicitystudio/v4/developer/toolchains/gnu_arm/7.2_2017q4/bin/../lib/gcc/arm-none-eabi/7.2.1/../../../../arm-none-eabi/lib/thumb/v7e-m/fpv4-sp/softfp\libc_nano.a(lib_a-impure.o)
 .ARM.attributes
                0x000005fb       0x32 c:/siliconlabs/simplicitystudio/v4/developer/toolchains/gnu_arm/7.2_2017q4/bin/../lib/gcc/arm-none-eabi/7.2.1/../../../../arm-none-eabi/lib/thumb/v7e-m/fpv4-sp/softfp\libc_nano.a(lib_a-init.o)
 .ARM.attributes
                0x0000062d       0x32 c:/siliconlabs/simplicitystudio/v4/developer/toolchains/gnu_arm/7.2_2017q4/bin/../lib/gcc/arm-none-eabi/7.2.1/../../../../arm-none-eabi/lib/thumb/v7e-m/fpv4-sp/softfp\libc_nano.a(lib_a-locale.o)
 .ARM.attributes
                0x0000065f       0x32 c:/siliconlabs/simplicitystudio/v4/developer/toolchains/gnu_arm/7.2_2017q4/bin/../lib/gcc/arm-none-eabi/7.2.1/../../../../arm-none-eabi/lib/thumb/v7e-m/fpv4-sp/softfp\libc_nano.a(lib_a-mbtowc_r.o)
 .ARM.attributes
                0x00000691       0x32 c:/siliconlabs/simplicitystudio/v4/developer/toolchains/gnu_arm/7.2_2017q4/bin/../lib/gcc/arm-none-eabi/7.2.1/../../../../arm-none-eabi/lib/thumb/v7e-m/fpv4-sp/softfp\libc_nano.a(lib_a-memcpy-stub.o)
 .ARM.attributes
                0x000006c3       0x32 c:/siliconlabs/simplicitystudio/v4/developer/toolchains/gnu_arm/7.2_2017q4/bin/../lib/gcc/arm-none-eabi/7.2.1/../../../../arm-none-eabi/lib/thumb/v7e-m/fpv4-sp/softfp\libc_nano.a(lib_a-memset.o)
 .ARM.attributes
                0x000006f5       0x32 c:/siliconlabs/simplicitystudio/v4/developer/toolchains/gnu_arm/7.2_2017q4/bin/../lib/gcc/arm-none-eabi/7.2.1/../../../../arm-none-eabi/lib/thumb/v7e-m/fpv4-sp/softfp\libc_nano.a(lib_a-nano-mallocr.o)
 .ARM.attributes
                0x00000727       0x32 c:/siliconlabs/simplicitystudio/v4/developer/toolchains/gnu_arm/7.2_2017q4/bin/../lib/gcc/arm-none-eabi/7.2.1/../../../../arm-none-eabi/lib/thumb/v7e-m/fpv4-sp/softfp\libc_nano.a(lib_a-nano-vfprintf_float.o)
 .ARM.attributes
                0x00000759       0x32 c:/siliconlabs/simplicitystudio/v4/developer/toolchains/gnu_arm/7.2_2017q4/bin/../lib/gcc/arm-none-eabi/7.2.1/../../../../arm-none-eabi/lib/thumb/v7e-m/fpv4-sp/softfp\libc_nano.a(lib_a-nano-vfprintf_i.o)
 .ARM.attributes
                0x0000078b       0x32 c:/siliconlabs/simplicitystudio/v4/developer/toolchains/gnu_arm/7.2_2017q4/bin/../lib/gcc/arm-none-eabi/7.2.1/../../../../arm-none-eabi/lib/thumb/v7e-m/fpv4-sp/softfp\libc_nano.a(lib_a-printf.o)
 .ARM.attributes
                0x000007bd       0x32 c:/siliconlabs/simplicitystudio/v4/developer/toolchains/gnu_arm/7.2_2017q4/bin/../lib/gcc/arm-none-eabi/7.2.1/../../../../arm-none-eabi/lib/thumb/v7e-m/fpv4-sp/softfp\libc_nano.a(lib_a-sbrkr.o)
 .ARM.attributes
                0x000007ef       0x32 c:/siliconlabs/simplicitystudio/v4/developer/toolchains/gnu_arm/7.2_2017q4/bin/../lib/gcc/arm-none-eabi/7.2.1/../../../../arm-none-eabi/lib/thumb/v7e-m/fpv4-sp/softfp\libc_nano.a(lib_a-setvbuf.o)
 .ARM.attributes
                0x00000821       0x32 c:/siliconlabs/simplicitystudio/v4/developer/toolchains/gnu_arm/7.2_2017q4/bin/../lib/gcc/arm-none-eabi/7.2.1/../../../../arm-none-eabi/lib/thumb/v7e-m/fpv4-sp/softfp\libc_nano.a(lib_a-stdio.o)
 .ARM.attributes
                0x00000853       0x1b c:/siliconlabs/simplicitystudio/v4/developer/toolchains/gnu_arm/7.2_2017q4/bin/../lib/gcc/arm-none-eabi/7.2.1/../../../../arm-none-eabi/lib/thumb/v7e-m/fpv4-sp/softfp\libc_nano.a(lib_a-strlen.o)
 .ARM.attributes
                0x0000086e       0x32 c:/siliconlabs/simplicitystudio/v4/developer/toolchains/gnu_arm/7.2_2017q4/bin/../lib/gcc/arm-none-eabi/7.2.1/../../../../arm-none-eabi/lib/thumb/v7e-m/fpv4-sp/softfp\libc_nano.a(lib_a-strncmp.o)
 .ARM.attributes
                0x000008a0       0x32 c:/siliconlabs/simplicitystudio/v4/developer/toolchains/gnu_arm/7.2_2017q4/bin/../lib/gcc/arm-none-eabi/7.2.1/../../../../arm-none-eabi/lib/thumb/v7e-m/fpv4-sp/softfp\libc_nano.a(lib_a-wctomb_r.o)
 .ARM.attributes
                0x000008d2       0x32 c:/siliconlabs/simplicitystudio/v4/developer/toolchains/gnu_arm/7.2_2017q4/bin/../lib/gcc/arm-none-eabi/7.2.1/../../../../arm-none-eabi/lib/thumb/v7e-m/fpv4-sp/softfp\libc_nano.a(lib_a-writer.o)
 .ARM.attributes
                0x00000904       0x32 c:/siliconlabs/simplicitystudio/v4/developer/toolchains/gnu_arm/7.2_2017q4/bin/../lib/gcc/arm-none-eabi/7.2.1/../../../../arm-none-eabi/lib/thumb/v7e-m/fpv4-sp/softfp\libc_nano.a(lib_a-closer.o)
 .ARM.attributes
                0x00000936       0x32 c:/siliconlabs/simplicitystudio/v4/developer/toolchains/gnu_arm/7.2_2017q4/bin/../lib/gcc/arm-none-eabi/7.2.1/../../../../arm-none-eabi/lib/thumb/v7e-m/fpv4-sp/softfp\libc_nano.a(lib_a-ctype_.o)
 .ARM.attributes
                0x00000968       0x32 c:/siliconlabs/simplicitystudio/v4/developer/toolchains/gnu_arm/7.2_2017q4/bin/../lib/gcc/arm-none-eabi/7.2.1/../../../../arm-none-eabi/lib/thumb/v7e-m/fpv4-sp/softfp\libc_nano.a(lib_a-dtoa.o)
 .ARM.attributes
                0x0000099a       0x32 c:/siliconlabs/simplicitystudio/v4/developer/toolchains/gnu_arm/7.2_2017q4/bin/../lib/gcc/arm-none-eabi/7.2.1/../../../../arm-none-eabi/lib/thumb/v7e-m/fpv4-sp/softfp\libc_nano.a(lib_a-fflush.o)
 .ARM.attributes
                0x000009cc       0x32 c:/siliconlabs/simplicitystudio/v4/developer/toolchains/gnu_arm/7.2_2017q4/bin/../lib/gcc/arm-none-eabi/7.2.1/../../../../arm-none-eabi/lib/thumb/v7e-m/fpv4-sp/softfp\libc_nano.a(lib_a-localeconv.o)
 .ARM.attributes
                0x000009fe       0x32 c:/siliconlabs/simplicitystudio/v4/developer/toolchains/gnu_arm/7.2_2017q4/bin/../lib/gcc/arm-none-eabi/7.2.1/../../../../arm-none-eabi/lib/thumb/v7e-m/fpv4-sp/softfp\libc_nano.a(lib_a-lseekr.o)
 .ARM.attributes
                0x00000a30       0x32 c:/siliconlabs/simplicitystudio/v4/developer/toolchains/gnu_arm/7.2_2017q4/bin/../lib/gcc/arm-none-eabi/7.2.1/../../../../arm-none-eabi/lib/thumb/v7e-m/fpv4-sp/softfp\libc_nano.a(lib_a-makebuf.o)
 .ARM.attributes
                0x00000a62       0x32 c:/siliconlabs/simplicitystudio/v4/developer/toolchains/gnu_arm/7.2_2017q4/bin/../lib/gcc/arm-none-eabi/7.2.1/../../../../arm-none-eabi/lib/thumb/v7e-m/fpv4-sp/softfp\libc_nano.a(lib_a-malloc.o)
 .ARM.attributes
                0x00000a94       0x20 c:/siliconlabs/simplicitystudio/v4/developer/toolchains/gnu_arm/7.2_2017q4/bin/../lib/gcc/arm-none-eabi/7.2.1/../../../../arm-none-eabi/lib/thumb/v7e-m/fpv4-sp/softfp\libc_nano.a(lib_a-memchr.o)
 .ARM.attributes
                0x00000ab4       0x32 c:/siliconlabs/simplicitystudio/v4/developer/toolchains/gnu_arm/7.2_2017q4/bin/../lib/gcc/arm-none-eabi/7.2.1/../../../../arm-none-eabi/lib/thumb/v7e-m/fpv4-sp/softfp\libc_nano.a(lib_a-mlock.o)
 .ARM.attributes
                0x00000ae6       0x32 c:/siliconlabs/simplicitystudio/v4/developer/toolchains/gnu_arm/7.2_2017q4/bin/../lib/gcc/arm-none-eabi/7.2.1/../../../../arm-none-eabi/lib/thumb/v7e-m/fpv4-sp/softfp\libc_nano.a(lib_a-mprec.o)
 .ARM.attributes
                0x00000b18       0x32 c:/siliconlabs/simplicitystudio/v4/developer/toolchains/gnu_arm/7.2_2017q4/bin/../lib/gcc/arm-none-eabi/7.2.1/../../../../arm-none-eabi/lib/thumb/v7e-m/fpv4-sp/softfp\libc_nano.a(lib_a-nano-callocr.o)
 .ARM.attributes
                0x00000b4a       0x32 c:/siliconlabs/simplicitystudio/v4/developer/toolchains/gnu_arm/7.2_2017q4/bin/../lib/gcc/arm-none-eabi/7.2.1/../../../../arm-none-eabi/lib/thumb/v7e-m/fpv4-sp/softfp\libc_nano.a(lib_a-nano-freer.o)
 .ARM.attributes
                0x00000b7c       0x32 c:/siliconlabs/simplicitystudio/v4/developer/toolchains/gnu_arm/7.2_2017q4/bin/../lib/gcc/arm-none-eabi/7.2.1/../../../../arm-none-eabi/lib/thumb/v7e-m/fpv4-sp/softfp\libc_nano.a(lib_a-nano-vfprintf.o)
 .ARM.attributes
                0x00000bae       0x32 c:/siliconlabs/simplicitystudio/v4/developer/toolchains/gnu_arm/7.2_2017q4/bin/../lib/gcc/arm-none-eabi/7.2.1/../../../../arm-none-eabi/lib/thumb/v7e-m/fpv4-sp/softfp\libc_nano.a(lib_a-readr.o)
 .ARM.attributes
                0x00000be0       0x32 c:/siliconlabs/simplicitystudio/v4/developer/toolchains/gnu_arm/7.2_2017q4/bin/../lib/gcc/arm-none-eabi/7.2.1/../../../../arm-none-eabi/lib/thumb/v7e-m/fpv4-sp/softfp\libc_nano.a(lib_a-reent.o)
 .ARM.attributes
                0x00000c12       0x32 c:/siliconlabs/simplicitystudio/v4/developer/toolchains/gnu_arm/7.2_2017q4/bin/../lib/gcc/arm-none-eabi/7.2.1/../../../../arm-none-eabi/lib/thumb/v7e-m/fpv4-sp/softfp\libc_nano.a(lib_a-wbuf.o)
 .ARM.attributes
                0x00000c44       0x32 c:/siliconlabs/simplicitystudio/v4/developer/toolchains/gnu_arm/7.2_2017q4/bin/../lib/gcc/arm-none-eabi/7.2.1/../../../../arm-none-eabi/lib/thumb/v7e-m/fpv4-sp/softfp\libc_nano.a(lib_a-wsetup.o)
 .ARM.attributes
                0x00000c76       0x32 c:/siliconlabs/simplicitystudio/v4/developer/toolchains/gnu_arm/7.2_2017q4/bin/../lib/gcc/arm-none-eabi/7.2.1/../../../../arm-none-eabi/lib/thumb/v7e-m/fpv4-sp/softfp\libc_nano.a(lib_a-fstatr.o)
 .ARM.attributes
                0x00000ca8       0x32 c:/siliconlabs/simplicitystudio/v4/developer/toolchains/gnu_arm/7.2_2017q4/bin/../lib/gcc/arm-none-eabi/7.2.1/../../../../arm-none-eabi/lib/thumb/v7e-m/fpv4-sp/softfp\libc_nano.a(lib_a-isattyr.o)
 .ARM.attributes
                0x00000cda       0x22 c:/siliconlabs/simplicitystudio/v4/developer/toolchains/gnu_arm/7.2_2017q4/bin/../lib/gcc/arm-none-eabi/7.2.1/thumb/v7e-m/fpv4-sp/softfp\libgcc.a(_arm_muldivdf3.o)
 .ARM.attributes
                0x00000cfc       0x22 c:/siliconlabs/simplicitystudio/v4/developer/toolchains/gnu_arm/7.2_2017q4/bin/../lib/gcc/arm-none-eabi/7.2.1/thumb/v7e-m/fpv4-sp/softfp\libgcc.a(_arm_cmpdf2.o)
 .ARM.attributes
                0x00000d1e       0x22 c:/siliconlabs/simplicitystudio/v4/developer/toolchains/gnu_arm/7.2_2017q4/bin/../lib/gcc/arm-none-eabi/7.2.1/thumb/v7e-m/fpv4-sp/softfp\libgcc.a(_arm_unorddf2.o)
 .ARM.attributes
                0x00000d40       0x22 c:/siliconlabs/simplicitystudio/v4/developer/toolchains/gnu_arm/7.2_2017q4/bin/../lib/gcc/arm-none-eabi/7.2.1/thumb/v7e-m/fpv4-sp/softfp\libgcc.a(_arm_fixdfsi.o)
 .ARM.attributes
                0x00000d62       0x32 c:/siliconlabs/simplicitystudio/v4/developer/toolchains/gnu_arm/7.2_2017q4/bin/../lib/gcc/arm-none-eabi/7.2.1/thumb/v7e-m/fpv4-sp/softfp/crtend.o
 .ARM.attributes
                0x00000d94       0x22 c:/siliconlabs/simplicitystudio/v4/developer/toolchains/gnu_arm/7.2_2017q4/bin/../lib/gcc/arm-none-eabi/7.2.1/thumb/v7e-m/fpv4-sp/softfp/crtn.o

.comment        0x00000000       0x7e
 .comment       0x00000000       0x7e ./CMSIS/EFM32PG1B/system_efm32pg1b.o
                                 0x7f (size before relaxing)
 .comment       0x0000007e       0x7f ./Drivers/display.o
 .comment       0x0000007e       0x7f ./Drivers/displayls013b7dh03.o
 .comment       0x0000007e       0x7f ./Drivers/displaypalemlib.o
 .comment       0x0000007e       0x7f ./Drivers/retargetio.o
 .comment       0x0000007e       0x7f ./Drivers/retargettextdisplay.o
 .comment       0x0000007e       0x7f ./Drivers/textdisplay.o
 .comment       0x0000007e       0x7f ./Drivers/udelay.o
 .comment       0x0000007e       0x7f ./emlib/em_adc.o
 .comment       0x0000007e       0x7f ./emlib/em_assert.o
 .comment       0x0000007e       0x7f ./emlib/em_cmu.o
 .comment       0x0000007e       0x7f ./emlib/em_core.o
 .comment       0x0000007e       0x7f ./emlib/em_emu.o
 .comment       0x0000007e       0x7f ./emlib/em_gpio.o
 .comment       0x0000007e       0x7f ./emlib/em_ldma.o
 .comment       0x0000007e       0x7f ./emlib/em_prs.o
 .comment       0x0000007e       0x7f ./emlib/em_rtcc.o
 .comment       0x0000007e       0x7f ./emlib/em_system.o
 .comment       0x0000007e       0x7f ./emlib/em_usart.o
 .comment       0x0000007e       0x7f ./src/main_adc_example_gecko_s1.o

.debug_line     0x00000000     0x731e
 .debug_line    0x00000000       0xd7 ./CMSIS/EFM32PG1B/startup_efm32pg1b.o
 .debug_line    0x000000d7      0x367 ./CMSIS/EFM32PG1B/system_efm32pg1b.o
 .debug_line    0x0000043e      0x30c ./Drivers/display.o
 .debug_line    0x0000074a      0x51d ./Drivers/displayls013b7dh03.o
 .debug_line    0x00000c67      0x6d2 ./Drivers/displaypalemlib.o
 .debug_line    0x00001339      0x41a ./Drivers/retargetio.o
 .debug_line    0x00001753      0x304 ./Drivers/retargettextdisplay.o
 .debug_line    0x00001a57      0x61e ./Drivers/textdisplay.o
 .debug_line    0x00002075      0x45c ./Drivers/udelay.o
 .debug_line    0x000024d1      0x5f9 ./emlib/em_adc.o
 .debug_line    0x00002aca       0x9b ./emlib/em_assert.o
 .debug_line    0x00002b65      0xc6d ./emlib/em_cmu.o
 .debug_line    0x000037d2      0x68d ./emlib/em_core.o
 .debug_line    0x00003e5f      0xc3b ./emlib/em_emu.o
 .debug_line    0x00004a9a      0x61f ./emlib/em_gpio.o
 .debug_line    0x000050b9      0x53e ./emlib/em_ldma.o
 .debug_line    0x000055f7      0x334 ./emlib/em_prs.o
 .debug_line    0x0000592b      0x410 ./emlib/em_rtcc.o
 .debug_line    0x00005d3b      0x332 ./emlib/em_system.o
 .debug_line    0x0000606d      0x645 ./emlib/em_usart.o
 .debug_line    0x000066b2      0xc6c ./src/main_adc_example_gecko_s1.o

.debug_info     0x00000000    0x15ac3
 .debug_info    0x00000000       0x26 ./CMSIS/EFM32PG1B/startup_efm32pg1b.o
 .debug_info    0x00000026      0x8ab ./CMSIS/EFM32PG1B/system_efm32pg1b.o
 .debug_info    0x000008d1      0xd33 ./Drivers/display.o
 .debug_info    0x00001604      0xf66 ./Drivers/displayls013b7dh03.o
 .debug_info    0x0000256a     0x165b ./Drivers/displaypalemlib.o
 .debug_info    0x00003bc5      0xe91 ./Drivers/retargetio.o
 .debug_info    0x00004a56      0xcca ./Drivers/retargettextdisplay.o
 .debug_info    0x00005720     0x1332 ./Drivers/textdisplay.o
 .debug_info    0x00006a52      0xe1a ./Drivers/udelay.o
 .debug_info    0x0000786c     0x19d1 ./emlib/em_adc.o
 .debug_info    0x0000923d       0x7a ./emlib/em_assert.o
 .debug_info    0x000092b7     0x1bcd ./emlib/em_cmu.o
 .debug_info    0x0000ae84      0xccd ./emlib/em_core.o
 .debug_info    0x0000bb51     0x1fc6 ./emlib/em_emu.o
 .debug_info    0x0000db17      0xa25 ./emlib/em_gpio.o
 .debug_info    0x0000e53c     0x1150 ./emlib/em_ldma.o
 .debug_info    0x0000f68c      0x2d6 ./emlib/em_prs.o
 .debug_info    0x0000f962      0x6f8 ./emlib/em_rtcc.o
 .debug_info    0x0001005a      0x289 ./emlib/em_system.o
 .debug_info    0x000102e3      0xfc0 ./emlib/em_usart.o
 .debug_info    0x000112a3     0x4820 ./src/main_adc_example_gecko_s1.o

.debug_abbrev   0x00000000     0x2b89
 .debug_abbrev  0x00000000       0x14 ./CMSIS/EFM32PG1B/startup_efm32pg1b.o
 .debug_abbrev  0x00000014      0x1b4 ./CMSIS/EFM32PG1B/system_efm32pg1b.o
 .debug_abbrev  0x000001c8      0x1d0 ./Drivers/display.o
 .debug_abbrev  0x00000398      0x26b ./Drivers/displayls013b7dh03.o
 .debug_abbrev  0x00000603      0x2b8 ./Drivers/displaypalemlib.o
 .debug_abbrev  0x000008bb      0x261 ./Drivers/retargetio.o
 .debug_abbrev  0x00000b1c      0x1fd ./Drivers/retargettextdisplay.o
 .debug_abbrev  0x00000d19      0x2b1 ./Drivers/textdisplay.o
 .debug_abbrev  0x00000fca      0x22c ./Drivers/udelay.o
 .debug_abbrev  0x000011f6      0x243 ./emlib/em_adc.o
 .debug_abbrev  0x00001439       0x65 ./emlib/em_assert.o
 .debug_abbrev  0x0000149e      0x305 ./emlib/em_cmu.o
 .debug_abbrev  0x000017a3      0x257 ./emlib/em_core.o
 .debug_abbrev  0x000019fa      0x305 ./emlib/em_emu.o
 .debug_abbrev  0x00001cff      0x20e ./emlib/em_gpio.o
 .debug_abbrev  0x00001f0d      0x2a5 ./emlib/em_ldma.o
 .debug_abbrev  0x000021b2      0x119 ./emlib/em_prs.o
 .debug_abbrev  0x000022cb      0x18c ./emlib/em_rtcc.o
 .debug_abbrev  0x00002457      0x11a ./emlib/em_system.o
 .debug_abbrev  0x00002571      0x202 ./emlib/em_usart.o
 .debug_abbrev  0x00002773      0x416 ./src/main_adc_example_gecko_s1.o

.debug_aranges  0x00000000      0xb80
 .debug_aranges
                0x00000000       0x20 ./CMSIS/EFM32PG1B/startup_efm32pg1b.o
 .debug_aranges
                0x00000020       0x68 ./CMSIS/EFM32PG1B/system_efm32pg1b.o
 .debug_aranges
                0x00000088       0x38 ./Drivers/display.o
 .debug_aranges
                0x000000c0       0x58 ./Drivers/displayls013b7dh03.o
 .debug_aranges
                0x00000118       0xa0 ./Drivers/displaypalemlib.o
 .debug_aranges
                0x000001b8       0x68 ./Drivers/retargetio.o
 .debug_aranges
                0x00000220       0x38 ./Drivers/retargettextdisplay.o
 .debug_aranges
                0x00000258       0x70 ./Drivers/textdisplay.o
 .debug_aranges
                0x000002c8       0x50 ./Drivers/udelay.o
 .debug_aranges
                0x00000318       0x98 ./emlib/em_adc.o
 .debug_aranges
                0x000003b0       0x20 ./emlib/em_assert.o
 .debug_aranges
                0x000003d0      0x1a8 ./emlib/em_cmu.o
 .debug_aranges
                0x00000578       0xe8 ./emlib/em_core.o
 .debug_aranges
                0x00000660      0x178 ./emlib/em_emu.o
 .debug_aranges
                0x000007d8       0x88 ./emlib/em_gpio.o
 .debug_aranges
                0x00000860       0x80 ./emlib/em_ldma.o
 .debug_aranges
                0x000008e0       0x28 ./emlib/em_prs.o
 .debug_aranges
                0x00000908       0x50 ./emlib/em_rtcc.o
 .debug_aranges
                0x00000958       0x28 ./emlib/em_system.o
 .debug_aranges
                0x00000980       0xb8 ./emlib/em_usart.o
 .debug_aranges
                0x00000a38      0x148 ./src/main_adc_example_gecko_s1.o

.debug_str      0x00000000     0x83df
 .debug_str     0x00000000       0xf4 ./CMSIS/EFM32PG1B/startup_efm32pg1b.o
 .debug_str     0x000000f4      0x5da ./CMSIS/EFM32PG1B/system_efm32pg1b.o
                                0x6a5 (size before relaxing)
 .debug_str     0x000006ce      0x6c2 ./Drivers/display.o
                                0x8f4 (size before relaxing)
 .debug_str     0x00000d90      0x177 ./Drivers/displayls013b7dh03.o
                                0x9c1 (size before relaxing)
 .debug_str     0x00000f07      0x971 ./Drivers/displaypalemlib.o
                               0x105f (size before relaxing)
 .debug_str     0x00001878      0x1db ./Drivers/retargetio.o
                                0x848 (size before relaxing)
 .debug_str     0x00001a53      0x13e ./Drivers/retargettextdisplay.o
                                0x8dc (size before relaxing)
 .debug_str     0x00001b91      0x382 ./Drivers/textdisplay.o
                                0xb87 (size before relaxing)
 .debug_str     0x00001f13      0x6d9 ./Drivers/udelay.o
                                0xdce (size before relaxing)
 .debug_str     0x000025ec     0x2597 ./emlib/em_adc.o
                               0x2ade (size before relaxing)
 .debug_str     0x00004b83       0x75 ./emlib/em_assert.o
                                0x1ce (size before relaxing)
 .debug_str     0x00004bf8      0x9f2 ./emlib/em_cmu.o
                               0x1443 (size before relaxing)
 .debug_str     0x000055ea      0x359 ./emlib/em_core.o
                                0x838 (size before relaxing)
 .debug_str     0x00005943      0xdb8 ./emlib/em_emu.o
                               0x181c (size before relaxing)
 .debug_str     0x000066fb      0x1f1 ./emlib/em_gpio.o
                                0x8ac (size before relaxing)
 .debug_str     0x000068ec      0x3ec ./emlib/em_ldma.o
                                0xb0e (size before relaxing)
 .debug_str     0x00006cd8      0x12b ./emlib/em_prs.o
                                0x39b (size before relaxing)
 .debug_str     0x00006e03      0x379 ./emlib/em_rtcc.o
                                0x874 (size before relaxing)
 .debug_str     0x0000717c      0x10c ./emlib/em_system.o
                                0x379 (size before relaxing)
 .debug_str     0x00007288      0x67d ./emlib/em_usart.o
                                0xe7a (size before relaxing)
 .debug_str     0x00007905      0xada ./src/main_adc_example_gecko_s1.o
                               0x4dad (size before relaxing)

.debug_loc      0x00000000     0x5fde
 .debug_loc     0x00000000      0x2e4 ./CMSIS/EFM32PG1B/system_efm32pg1b.o
 .debug_loc     0x000002e4      0x140 ./Drivers/display.o
 .debug_loc     0x00000424      0x298 ./Drivers/displayls013b7dh03.o
 .debug_loc     0x000006bc      0x574 ./Drivers/displaypalemlib.o
 .debug_loc     0x00000c30      0x338 ./Drivers/retargetio.o
 .debug_loc     0x00000f68      0x136 ./Drivers/retargettextdisplay.o
 .debug_loc     0x0000109e      0x37e ./Drivers/textdisplay.o
 .debug_loc     0x0000141c      0x224 ./Drivers/udelay.o
 .debug_loc     0x00001640      0x554 ./emlib/em_adc.o
 .debug_loc     0x00001b94       0x38 ./emlib/em_assert.o
 .debug_loc     0x00001bcc      0xfdc ./emlib/em_cmu.o
 .debug_loc     0x00002ba8      0x844 ./emlib/em_core.o
 .debug_loc     0x000033ec      0xd0e ./emlib/em_emu.o
 .debug_loc     0x000040fa      0x4a8 ./emlib/em_gpio.o
 .debug_loc     0x000045a2      0x434 ./emlib/em_ldma.o
 .debug_loc     0x000049d6       0xa0 ./emlib/em_prs.o
 .debug_loc     0x00004a76      0x230 ./emlib/em_rtcc.o
 .debug_loc     0x00004ca6       0xac ./emlib/em_system.o
 .debug_loc     0x00004d52      0x6ba ./emlib/em_usart.o
 .debug_loc     0x0000540c      0xbd2 ./src/main_adc_example_gecko_s1.o

.debug_ranges   0x00000000      0xa20
 .debug_ranges  0x00000000       0x58 ./CMSIS/EFM32PG1B/system_efm32pg1b.o
 .debug_ranges  0x00000058       0x28 ./Drivers/display.o
 .debug_ranges  0x00000080       0x48 ./Drivers/displayls013b7dh03.o
 .debug_ranges  0x000000c8       0x90 ./Drivers/displaypalemlib.o
 .debug_ranges  0x00000158       0x58 ./Drivers/retargetio.o
 .debug_ranges  0x000001b0       0x28 ./Drivers/retargettextdisplay.o
 .debug_ranges  0x000001d8       0x60 ./Drivers/textdisplay.o
 .debug_ranges  0x00000238       0x40 ./Drivers/udelay.o
 .debug_ranges  0x00000278       0x88 ./emlib/em_adc.o
 .debug_ranges  0x00000300       0x10 ./emlib/em_assert.o
 .debug_ranges  0x00000310      0x198 ./emlib/em_cmu.o
 .debug_ranges  0x000004a8       0xd8 ./emlib/em_core.o
 .debug_ranges  0x00000580      0x168 ./emlib/em_emu.o
 .debug_ranges  0x000006e8       0x78 ./emlib/em_gpio.o
 .debug_ranges  0x00000760       0x70 ./emlib/em_ldma.o
 .debug_ranges  0x000007d0       0x18 ./emlib/em_prs.o
 .debug_ranges  0x000007e8       0x40 ./emlib/em_rtcc.o
 .debug_ranges  0x00000828       0x18 ./emlib/em_system.o
 .debug_ranges  0x00000840       0xa8 ./emlib/em_usart.o
 .debug_ranges  0x000008e8      0x138 ./src/main_adc_example_gecko_s1.o

.debug_frame    0x00000000     0x3b98
 .debug_frame   0x00000000      0x164 ./CMSIS/EFM32PG1B/system_efm32pg1b.o
 .debug_frame   0x00000164       0xa0 ./Drivers/display.o
 .debug_frame   0x00000204      0x138 ./Drivers/displayls013b7dh03.o
 .debug_frame   0x0000033c      0x284 ./Drivers/displaypalemlib.o
 .debug_frame   0x000005c0      0x184 ./Drivers/retargetio.o
 .debug_frame   0x00000744       0x9c ./Drivers/retargettextdisplay.o
 .debug_frame   0x000007e0      0x1b0 ./Drivers/textdisplay.o
 .debug_frame   0x00000990      0x10c ./Drivers/udelay.o
 .debug_frame   0x00000a9c      0x270 ./emlib/em_adc.o